[0.467s] Invoking command in '/ros2_ws/src/build/msgs_srvs': CMAKE_PREFIX_PATH=${CMAKE_PREFIX_PATH}:/ros2_ws/src/install/peripherals:/ros2_ws/src/install/driver:/opt/ros/humble /usr/bin/cmake --build /ros2_ws/src/build/msgs_srvs -- -j4 -l4
[0.523s] -- Found ament_cmake: 1.3.11 (/opt/ros/humble/share/ament_cmake/cmake)
[0.821s] -- Override CMake install command with custom implementation using symlinks instead of copying resources
[0.841s] -- Found builtin_interfaces: 1.2.1 (/opt/ros/humble/share/builtin_interfaces/cmake)
[0.876s] -- Found rosidl_generator_c: 3.1.6 (/opt/ros/humble/share/rosidl_generator_c/cmake)
[0.880s] -- Found rosidl_adapter: 3.1.6 (/opt/ros/humble/share/rosidl_adapter/cmake)
[0.889s] -- Found rosidl_generator_cpp: 3.1.6 (/opt/ros/humble/share/rosidl_generator_cpp/cmake)
[0.903s] -- Using all available rosidl_typesupport_c: rosidl_typesupport_fastrtps_c;rosidl_typesupport_introspection_c
[0.928s] -- Using all available rosidl_typesupport_cpp: rosidl_typesupport_fastrtps_cpp;rosidl_typesupport_introspection_cpp
[0.955s] -- Found rosidl_default_generators: 1.2.0 (/opt/ros/humble/share/rosidl_default_generators/cmake)
[0.968s] -- Found std_msgs: 4.2.4 (/opt/ros/humble/share/std_msgs/cmake)
[1.866s] -- Found ament_cmake_ros: 0.10.0 (/opt/ros/humble/share/ament_cmake_ros/cmake)
[3.003s] -- Using all available rosidl_typesupport_c: rosidl_typesupport_fastrtps_c;rosidl_typesupport_introspection_c
[3.408s] -- Using all available rosidl_typesupport_cpp: rosidl_typesupport_fastrtps_cpp;rosidl_typesupport_introspection_cpp
[3.528s] -- Found python_cmake_module: 0.10.0 (/opt/ros/humble/share/python_cmake_module/cmake)
[3.592s] -- Using PYTHON_EXECUTABLE: /usr/bin/python3
[3.592s] -- Using PYTHON_INCLUDE_DIRS: /usr/include/python3.10
[3.592s] -- Using PYTHON_LIBRARIES: /usr/lib/aarch64-linux-gnu/libpython3.10.so
[3.696s] -- Found ament_lint_auto: 0.12.11 (/opt/ros/humble/share/ament_lint_auto/cmake)
[3.722s] -- Added test 'lint_cmake' to check CMake code style
[3.722s] -- Added test 'xmllint' to check XML markup files
[3.726s] -- Configuring done
[4.080s] -- Generating done
[4.189s] -- Build files have been written to: /ros2_ws/src/build/msgs_srvs
[4.416s] [35m[1mConsolidate compiler generated dependencies of target msgs_srvs__rosidl_generator_c[0m
[4.476s] [  1%] Built target msgs_srvs__cpp
[4.493s] [  2%] [32mBuilding C object CMakeFiles/msgs_srvs__rosidl_generator_c.dir/rosidl_generator_c/msgs_srvs/msg/detail/button_state__functions.c.o[0m
[4.496s] [  2%] Built target ament_cmake_python_symlink_msgs_srvs
[4.503s] [  3%] [32mBuilding C object CMakeFiles/msgs_srvs__rosidl_generator_c.dir/rosidl_generator_c/msgs_srvs/msg/detail/buzzer_state__functions.c.o[0m
[4.577s] [35m[1mConsolidate compiler generated dependencies of target msgs_srvs__rosidl_typesupport_cpp[0m
[4.599s] [35m[1mConsolidate compiler generated dependencies of target msgs_srvs__rosidl_typesupport_fastrtps_cpp[0m
[4.690s] [  4%] [32mBuilding CXX object CMakeFiles/msgs_srvs__rosidl_typesupport_cpp.dir/rosidl_typesupport_cpp/msgs_srvs/msg/button_state__type_support.cpp.o[0m
[4.690s] [  5%] [32mBuilding C object CMakeFiles/msgs_srvs__rosidl_generator_c.dir/rosidl_generator_c/msgs_srvs/msg/detail/led_state__functions.c.o[0m
[4.691s] [  6%] [32mBuilding CXX object CMakeFiles/msgs_srvs__rosidl_typesupport_fastrtps_cpp.dir/rosidl_typesupport_fastrtps_cpp/msgs_srvs/msg/detail/dds_fastrtps/button_state__type_support.cpp.o[0m
[4.829s] [  7%] [32mBuilding C object CMakeFiles/msgs_srvs__rosidl_generator_c.dir/rosidl_generator_c/msgs_srvs/msg/detail/motors_state__functions.c.o[0m
[4.999s] [35m[1mConsolidate compiler generated dependencies of target msgs_srvs__rosidl_typesupport_introspection_cpp[0m
[5.016s] [  8%] [32mBuilding C object CMakeFiles/msgs_srvs__rosidl_generator_c.dir/rosidl_generator_c/msgs_srvs/msg/detail/motor_state__functions.c.o[0m
[5.087s] [  9%] [32mBuilding CXX object CMakeFiles/msgs_srvs__rosidl_typesupport_introspection_cpp.dir/rosidl_typesupport_introspection_cpp/msgs_srvs/msg/detail/button_state__type_support.cpp.o[0m
[5.253s] [ 10%] [32mBuilding C object CMakeFiles/msgs_srvs__rosidl_generator_c.dir/rosidl_generator_c/msgs_srvs/msg/detail/pwm_servo_state__functions.c.o[0m
[5.551s] [ 11%] [32mBuilding C object CMakeFiles/msgs_srvs__rosidl_generator_c.dir/rosidl_generator_c/msgs_srvs/msg/detail/pwm_servo_state_duration__functions.c.o[0m
[5.776s] [ 12%] [32mBuilding C object CMakeFiles/msgs_srvs__rosidl_generator_c.dir/rosidl_generator_c/msgs_srvs/msg/detail/sbus__functions.c.o[0m
[6.000s] [ 13%] [32mBuilding CXX object CMakeFiles/msgs_srvs__rosidl_typesupport_cpp.dir/rosidl_typesupport_cpp/msgs_srvs/msg/buzzer_state__type_support.cpp.o[0m
[6.096s] [ 14%] [32mBuilding CXX object CMakeFiles/msgs_srvs__rosidl_typesupport_introspection_cpp.dir/rosidl_typesupport_introspection_cpp/msgs_srvs/msg/detail/buzzer_state__type_support.cpp.o[0m
[6.143s] [ 15%] [32mBuilding C object CMakeFiles/msgs_srvs__rosidl_generator_c.dir/rosidl_generator_c/msgs_srvs/srv/detail/pwm_servo_state__functions.c.o[0m
[6.490s] [ 16%] [32mBuilding CXX object CMakeFiles/msgs_srvs__rosidl_typesupport_fastrtps_cpp.dir/rosidl_typesupport_fastrtps_cpp/msgs_srvs/msg/detail/dds_fastrtps/buzzer_state__type_support.cpp.o[0m
[6.546s] [ 17%] [32m[1mLinking C shared library libmsgs_srvs__rosidl_generator_c.so[0m
[6.754s] [ 18%] Built target msgs_srvs__rosidl_generator_c
[6.794s] [ 20%] [32mBuilding CXX object CMakeFiles/msgs_srvs__rosidl_typesupport_cpp.dir/rosidl_typesupport_cpp/msgs_srvs/msg/led_state__type_support.cpp.o[0m
[7.162s] [ 21%] [32mBuilding CXX object CMakeFiles/msgs_srvs__rosidl_typesupport_introspection_cpp.dir/rosidl_typesupport_introspection_cpp/msgs_srvs/msg/detail/led_state__type_support.cpp.o[0m
[7.168s] [ 22%] [32mBuilding CXX object CMakeFiles/msgs_srvs__rosidl_typesupport_fastrtps_cpp.dir/rosidl_typesupport_fastrtps_cpp/msgs_srvs/msg/detail/dds_fastrtps/led_state__type_support.cpp.o[0m
[7.736s] [ 23%] [32mBuilding CXX object CMakeFiles/msgs_srvs__rosidl_typesupport_cpp.dir/rosidl_typesupport_cpp/msgs_srvs/msg/motors_state__type_support.cpp.o[0m
[8.104s] [ 24%] [32mBuilding CXX object CMakeFiles/msgs_srvs__rosidl_typesupport_introspection_cpp.dir/rosidl_typesupport_introspection_cpp/msgs_srvs/msg/detail/motors_state__type_support.cpp.o[0m
[8.403s] [ 25%] [32mBuilding CXX object CMakeFiles/msgs_srvs__rosidl_typesupport_introspection_cpp.dir/rosidl_typesupport_introspection_cpp/msgs_srvs/msg/detail/motor_state__type_support.cpp.o[0m
[8.429s] [ 26%] [32mBuilding CXX object CMakeFiles/msgs_srvs__rosidl_typesupport_fastrtps_cpp.dir/rosidl_typesupport_fastrtps_cpp/msgs_srvs/msg/detail/dds_fastrtps/motors_state__type_support.cpp.o[0m
[8.824s] [ 27%] [32mBuilding CXX object CMakeFiles/msgs_srvs__rosidl_typesupport_cpp.dir/rosidl_typesupport_cpp/msgs_srvs/msg/motor_state__type_support.cpp.o[0m
[9.993s] [ 28%] [32mBuilding CXX object CMakeFiles/msgs_srvs__rosidl_typesupport_introspection_cpp.dir/rosidl_typesupport_introspection_cpp/msgs_srvs/msg/detail/pwm_servo_state__type_support.cpp.o[0m
[10.151s] [ 29%] [32mBuilding CXX object CMakeFiles/msgs_srvs__rosidl_typesupport_cpp.dir/rosidl_typesupport_cpp/msgs_srvs/msg/pwm_servo_state__type_support.cpp.o[0m
[10.159s] [ 30%] [32mBuilding CXX object CMakeFiles/msgs_srvs__rosidl_typesupport_fastrtps_cpp.dir/rosidl_typesupport_fastrtps_cpp/msgs_srvs/msg/detail/dds_fastrtps/motor_state__type_support.cpp.o[0m
[10.768s] running egg_info
[10.771s] writing msgs_srvs.egg-info/PKG-INFO
[10.773s] writing dependency_links to msgs_srvs.egg-info/dependency_links.txt
[10.782s] writing top-level names to msgs_srvs.egg-info/top_level.txt
[10.790s] reading manifest file 'msgs_srvs.egg-info/SOURCES.txt'
[10.794s] writing manifest file 'msgs_srvs.egg-info/SOURCES.txt'
[10.829s] [ 31%] [32mBuilding CXX object CMakeFiles/msgs_srvs__rosidl_typesupport_cpp.dir/rosidl_typesupport_cpp/msgs_srvs/msg/pwm_servo_state_duration__type_support.cpp.o[0m
[10.921s] [ 31%] Built target ament_cmake_python_build_msgs_srvs_egg
[10.941s] [ 32%] [32mBuilding CXX object CMakeFiles/msgs_srvs__rosidl_typesupport_fastrtps_cpp.dir/rosidl_typesupport_fastrtps_cpp/msgs_srvs/msg/detail/dds_fastrtps/pwm_servo_state__type_support.cpp.o[0m
[11.087s] [ 33%] [32mBuilding CXX object CMakeFiles/msgs_srvs__rosidl_typesupport_introspection_cpp.dir/rosidl_typesupport_introspection_cpp/msgs_srvs/msg/detail/pwm_servo_state_duration__type_support.cpp.o[0m
[11.173s] [ 34%] [32mBuilding CXX object CMakeFiles/msgs_srvs__rosidl_typesupport_introspection_cpp.dir/rosidl_typesupport_introspection_cpp/msgs_srvs/msg/detail/sbus__type_support.cpp.o[0m
[11.463s] [ 35%] [32mBuilding CXX object CMakeFiles/msgs_srvs__rosidl_typesupport_cpp.dir/rosidl_typesupport_cpp/msgs_srvs/msg/sbus__type_support.cpp.o[0m
[11.903s] [ 36%] [32mBuilding CXX object CMakeFiles/msgs_srvs__rosidl_typesupport_fastrtps_cpp.dir/rosidl_typesupport_fastrtps_cpp/msgs_srvs/msg/detail/dds_fastrtps/pwm_servo_state_duration__type_support.cpp.o[0m
[12.068s] [ 37%] [32mBuilding CXX object CMakeFiles/msgs_srvs__rosidl_typesupport_introspection_cpp.dir/rosidl_typesupport_introspection_cpp/msgs_srvs/srv/detail/pwm_servo_state__type_support.cpp.o[0m
[12.147s] [ 38%] [32mBuilding CXX object CMakeFiles/msgs_srvs__rosidl_typesupport_cpp.dir/rosidl_typesupport_cpp/msgs_srvs/srv/pwm_servo_state__type_support.cpp.o[0m
[12.206s] [35m[1mConsolidate compiler generated dependencies of target msgs_srvs__rosidl_typesupport_fastrtps_c[0m
[12.254s] [ 40%] [32mBuilding CXX object CMakeFiles/msgs_srvs__rosidl_typesupport_fastrtps_c.dir/rosidl_typesupport_fastrtps_c/msgs_srvs/msg/detail/button_state__type_support_c.cpp.o[0m
[12.817s] [ 41%] [32m[1mLinking CXX shared library libmsgs_srvs__rosidl_typesupport_cpp.so[0m
[12.945s] [ 42%] Built target msgs_srvs__rosidl_typesupport_cpp
[12.965s] [ 43%] [32mBuilding CXX object CMakeFiles/msgs_srvs__rosidl_typesupport_fastrtps_cpp.dir/rosidl_typesupport_fastrtps_cpp/msgs_srvs/msg/detail/dds_fastrtps/sbus__type_support.cpp.o[0m
[12.973s] [ 44%] [32mBuilding CXX object CMakeFiles/msgs_srvs__rosidl_typesupport_fastrtps_c.dir/rosidl_typesupport_fastrtps_c/msgs_srvs/msg/detail/buzzer_state__type_support_c.cpp.o[0m
[13.084s] [ 45%] [32mBuilding CXX object CMakeFiles/msgs_srvs__rosidl_typesupport_fastrtps_cpp.dir/rosidl_typesupport_fastrtps_cpp/msgs_srvs/srv/detail/dds_fastrtps/pwm_servo_state__type_support.cpp.o[0m
[13.105s] [ 46%] [32m[1mLinking CXX shared library libmsgs_srvs__rosidl_typesupport_introspection_cpp.so[0m
[13.350s] [ 47%] Built target msgs_srvs__rosidl_typesupport_introspection_cpp
[13.376s] [35m[1mConsolidate compiler generated dependencies of target msgs_srvs__rosidl_typesupport_introspection_c[0m
[13.407s] [ 48%] [32mBuilding C object CMakeFiles/msgs_srvs__rosidl_typesupport_introspection_c.dir/rosidl_typesupport_introspection_c/msgs_srvs/msg/detail/button_state__type_support.c.o[0m
[13.515s] [ 49%] [32mBuilding C object CMakeFiles/msgs_srvs__rosidl_typesupport_introspection_c.dir/rosidl_typesupport_introspection_c/msgs_srvs/msg/detail/buzzer_state__type_support.c.o[0m
[13.634s] [ 50%] [32mBuilding C object CMakeFiles/msgs_srvs__rosidl_typesupport_introspection_c.dir/rosidl_typesupport_introspection_c/msgs_srvs/msg/detail/led_state__type_support.c.o[0m
[13.722s] [ 51%] [32mBuilding C object CMakeFiles/msgs_srvs__rosidl_typesupport_introspection_c.dir/rosidl_typesupport_introspection_c/msgs_srvs/msg/detail/motors_state__type_support.c.o[0m
[13.785s] [ 52%] [32mBuilding CXX object CMakeFiles/msgs_srvs__rosidl_typesupport_fastrtps_c.dir/rosidl_typesupport_fastrtps_c/msgs_srvs/msg/detail/led_state__type_support_c.cpp.o[0m
[13.831s] [ 53%] [32mBuilding C object CMakeFiles/msgs_srvs__rosidl_typesupport_introspection_c.dir/rosidl_typesupport_introspection_c/msgs_srvs/msg/detail/motor_state__type_support.c.o[0m
[13.933s] [ 54%] [32mBuilding C object CMakeFiles/msgs_srvs__rosidl_typesupport_introspection_c.dir/rosidl_typesupport_introspection_c/msgs_srvs/msg/detail/pwm_servo_state__type_support.c.o[0m
[14.051s] [ 55%] [32mBuilding C object CMakeFiles/msgs_srvs__rosidl_typesupport_introspection_c.dir/rosidl_typesupport_introspection_c/msgs_srvs/msg/detail/pwm_servo_state_duration__type_support.c.o[0m
[14.108s] [35m[1mConsolidate compiler generated dependencies of target msgs_srvs__rosidl_typesupport_c[0m
[14.150s] [ 56%] [32mBuilding CXX object CMakeFiles/msgs_srvs__rosidl_typesupport_c.dir/rosidl_typesupport_c/msgs_srvs/msg/button_state__type_support.cpp.o[0m
[14.157s] [ 57%] [32mBuilding C object CMakeFiles/msgs_srvs__rosidl_typesupport_introspection_c.dir/rosidl_typesupport_introspection_c/msgs_srvs/msg/detail/sbus__type_support.c.o[0m
[14.219s] [ 58%] [32m[1mLinking CXX shared library libmsgs_srvs__rosidl_typesupport_fastrtps_cpp.so[0m
[14.223s] [ 60%] [32mBuilding CXX object CMakeFiles/msgs_srvs__rosidl_typesupport_c.dir/rosidl_typesupport_c/msgs_srvs/msg/buzzer_state__type_support.cpp.o[0m
[14.267s] [ 61%] [32mBuilding C object CMakeFiles/msgs_srvs__rosidl_typesupport_introspection_c.dir/rosidl_typesupport_introspection_c/msgs_srvs/srv/detail/pwm_servo_state__type_support.c.o[0m
[14.319s] [ 62%] [32mBuilding CXX object CMakeFiles/msgs_srvs__rosidl_typesupport_c.dir/rosidl_typesupport_c/msgs_srvs/msg/led_state__type_support.cpp.o[0m
[14.402s] [ 64%] [32mBuilding CXX object CMakeFiles/msgs_srvs__rosidl_typesupport_c.dir/rosidl_typesupport_c/msgs_srvs/msg/motors_state__type_support.cpp.o[0m
[14.405s] [ 64%] [32m[1mLinking C shared library libmsgs_srvs__rosidl_typesupport_introspection_c.so[0m
[14.454s] [ 65%] Built target msgs_srvs__rosidl_typesupport_fastrtps_cpp
[14.481s] [ 66%] [32mBuilding CXX object CMakeFiles/msgs_srvs__rosidl_typesupport_c.dir/rosidl_typesupport_c/msgs_srvs/msg/motor_state__type_support.cpp.o[0m
[14.490s] [ 68%] [32mBuilding CXX object CMakeFiles/msgs_srvs__rosidl_typesupport_c.dir/rosidl_typesupport_c/msgs_srvs/msg/pwm_servo_state__type_support.cpp.o[0m
[14.508s] [ 68%] Built target msgs_srvs__rosidl_typesupport_introspection_c
[14.531s] [ 69%] [32mBuilding CXX object CMakeFiles/msgs_srvs__rosidl_typesupport_c.dir/rosidl_typesupport_c/msgs_srvs/msg/pwm_servo_state_duration__type_support.cpp.o[0m
[14.568s] [ 70%] [32mBuilding CXX object CMakeFiles/msgs_srvs__rosidl_typesupport_c.dir/rosidl_typesupport_c/msgs_srvs/msg/sbus__type_support.cpp.o[0m
[14.570s] [ 71%] [32mBuilding CXX object CMakeFiles/msgs_srvs__rosidl_typesupport_c.dir/rosidl_typesupport_c/msgs_srvs/srv/pwm_servo_state__type_support.cpp.o[0m
[14.611s] [ 72%] [32mBuilding CXX object CMakeFiles/msgs_srvs__rosidl_typesupport_fastrtps_c.dir/rosidl_typesupport_fastrtps_c/msgs_srvs/msg/detail/motors_state__type_support_c.cpp.o[0m
[14.654s] [ 73%] [32mBuilding CXX object CMakeFiles/msgs_srvs__rosidl_typesupport_fastrtps_c.dir/rosidl_typesupport_fastrtps_c/msgs_srvs/msg/detail/motor_state__type_support_c.cpp.o[0m
[14.660s] [ 74%] [32m[1mLinking CXX shared library libmsgs_srvs__rosidl_typesupport_c.so[0m
[14.693s] [ 75%] [32mBuilding CXX object CMakeFiles/msgs_srvs__rosidl_typesupport_fastrtps_c.dir/rosidl_typesupport_fastrtps_c/msgs_srvs/msg/detail/pwm_servo_state__type_support_c.cpp.o[0m
[14.781s] [ 76%] Built target msgs_srvs__rosidl_typesupport_c
[14.802s] [ 77%] [32mBuilding CXX object CMakeFiles/msgs_srvs__rosidl_typesupport_fastrtps_c.dir/rosidl_typesupport_fastrtps_c/msgs_srvs/msg/detail/pwm_servo_state_duration__type_support_c.cpp.o[0m
[15.414s] [ 78%] [32mBuilding CXX object CMakeFiles/msgs_srvs__rosidl_typesupport_fastrtps_c.dir/rosidl_typesupport_fastrtps_c/msgs_srvs/msg/detail/sbus__type_support_c.cpp.o[0m
[15.465s] [ 80%] [32mBuilding CXX object CMakeFiles/msgs_srvs__rosidl_typesupport_fastrtps_c.dir/rosidl_typesupport_fastrtps_c/msgs_srvs/srv/detail/pwm_servo_state__type_support_c.cpp.o[0m
[16.060s] [ 81%] [32m[1mLinking CXX shared library libmsgs_srvs__rosidl_typesupport_fastrtps_c.so[0m
[16.240s] [ 82%] Built target msgs_srvs__rosidl_typesupport_fastrtps_c
[16.277s] [ 82%] Built target msgs_srvs
[16.314s] [ 83%] Built target msgs_srvs__py
[16.339s] [35m[1mConsolidate compiler generated dependencies of target msgs_srvs__rosidl_generator_py[0m
[16.370s] [ 85%] [32mBuilding C object CMakeFiles/msgs_srvs__rosidl_generator_py.dir/rosidl_generator_py/msgs_srvs/msg/_button_state_s.c.o[0m
[16.372s] [ 86%] [32mBuilding C object CMakeFiles/msgs_srvs__rosidl_generator_py.dir/rosidl_generator_py/msgs_srvs/msg/_led_state_s.c.o[0m
[16.373s] [ 85%] [32mBuilding C object CMakeFiles/msgs_srvs__rosidl_generator_py.dir/rosidl_generator_py/msgs_srvs/msg/_buzzer_state_s.c.o[0m
[16.374s] [ 87%] [32mBuilding C object CMakeFiles/msgs_srvs__rosidl_generator_py.dir/rosidl_generator_py/msgs_srvs/msg/_motors_state_s.c.o[0m
[16.594s] [ 88%] [32mBuilding C object CMakeFiles/msgs_srvs__rosidl_generator_py.dir/rosidl_generator_py/msgs_srvs/msg/_motor_state_s.c.o[0m
[16.600s] [ 89%] [32mBuilding C object CMakeFiles/msgs_srvs__rosidl_generator_py.dir/rosidl_generator_py/msgs_srvs/msg/_pwm_servo_state_s.c.o[0m
[16.600s] [ 90%] [32mBuilding C object CMakeFiles/msgs_srvs__rosidl_generator_py.dir/rosidl_generator_py/msgs_srvs/msg/_pwm_servo_state_duration_s.c.o[0m
[16.651s] [ 91%] [32mBuilding C object CMakeFiles/msgs_srvs__rosidl_generator_py.dir/rosidl_generator_py/msgs_srvs/msg/_sbus_s.c.o[0m
[16.819s] [ 92%] [32mBuilding C object CMakeFiles/msgs_srvs__rosidl_generator_py.dir/rosidl_generator_py/msgs_srvs/srv/_pwm_servo_state_s.c.o[0m
[17.023s] [ 93%] [32m[1mLinking C shared library rosidl_generator_py/msgs_srvs/libmsgs_srvs__rosidl_generator_py.so[0m
[17.116s] [ 93%] Built target msgs_srvs__rosidl_generator_py
[17.141s] [35m[1mConsolidate compiler generated dependencies of target msgs_srvs__rosidl_typesupport_introspection_c__pyext[0m
[17.141s] [35m[1mConsolidate compiler generated dependencies of target msgs_srvs__rosidl_typesupport_c__pyext[0m
[17.142s] [35m[1mConsolidate compiler generated dependencies of target msgs_srvs__rosidl_typesupport_fastrtps_c__pyext[0m
[17.169s] [ 95%] [32mBuilding C object CMakeFiles/msgs_srvs__rosidl_typesupport_introspection_c__pyext.dir/rosidl_generator_py/msgs_srvs/_msgs_srvs_s.ep.rosidl_typesupport_introspection_c.c.o[0m
[17.170s] [ 95%] [32mBuilding C object CMakeFiles/msgs_srvs__rosidl_typesupport_c__pyext.dir/rosidl_generator_py/msgs_srvs/_msgs_srvs_s.ep.rosidl_typesupport_c.c.o[0m
[17.173s] [ 96%] [32mBuilding C object CMakeFiles/msgs_srvs__rosidl_typesupport_fastrtps_c__pyext.dir/rosidl_generator_py/msgs_srvs/_msgs_srvs_s.ep.rosidl_typesupport_fastrtps_c.c.o[0m
[17.411s] [ 97%] [32m[1mLinking C shared library rosidl_generator_py/msgs_srvs/msgs_srvs_s__rosidl_typesupport_c.cpython-310-aarch64-linux-gnu.so[0m
[17.421s] [ 98%] [32m[1mLinking C shared library rosidl_generator_py/msgs_srvs/msgs_srvs_s__rosidl_typesupport_fastrtps_c.cpython-310-aarch64-linux-gnu.so[0m
[17.423s] [100%] [32m[1mLinking C shared library rosidl_generator_py/msgs_srvs/msgs_srvs_s__rosidl_typesupport_introspection_c.cpython-310-aarch64-linux-gnu.so[0m
[17.526s] [100%] Built target msgs_srvs__rosidl_typesupport_introspection_c__pyext
[17.526s] [100%] Built target msgs_srvs__rosidl_typesupport_fastrtps_c__pyext
[17.529s] [100%] Built target msgs_srvs__rosidl_typesupport_c__pyext
[17.559s] Invoked command in '/ros2_ws/src/build/msgs_srvs' returned '0': CMAKE_PREFIX_PATH=${CMAKE_PREFIX_PATH}:/ros2_ws/src/install/peripherals:/ros2_ws/src/install/driver:/opt/ros/humble /usr/bin/cmake --build /ros2_ws/src/build/msgs_srvs -- -j4 -l4
[17.561s] Invoking command in '/ros2_ws/src/build/msgs_srvs': CMAKE_PREFIX_PATH=${CMAKE_PREFIX_PATH}:/ros2_ws/src/install/peripherals:/ros2_ws/src/install/driver:/opt/ros/humble /usr/bin/cmake --install /ros2_ws/src/build/msgs_srvs
[17.575s] -- Install configuration: ""
[17.576s] -- Execute custom install script
[17.576s] -- Up-to-date symlink: /ros2_ws/src/install/msgs_srvs/share/ament_index/resource_index/rosidl_interfaces/msgs_srvs
[17.577s] -- Up-to-date symlink: /ros2_ws/src/install/msgs_srvs/include/msgs_srvs/msgs_srvs/msg/button_state.h
[17.577s] -- Up-to-date symlink: /ros2_ws/src/install/msgs_srvs/include/msgs_srvs/msgs_srvs/msg/buzzer_state.h
[17.577s] -- Up-to-date symlink: /ros2_ws/src/install/msgs_srvs/include/msgs_srvs/msgs_srvs/msg/detail/button_state__functions.h
[17.577s] -- Up-to-date symlink: /ros2_ws/src/install/msgs_srvs/include/msgs_srvs/msgs_srvs/msg/detail/button_state__struct.h
[17.578s] -- Up-to-date symlink: /ros2_ws/src/install/msgs_srvs/include/msgs_srvs/msgs_srvs/msg/detail/button_state__type_support.h
[17.578s] -- Up-to-date symlink: /ros2_ws/src/install/msgs_srvs/include/msgs_srvs/msgs_srvs/msg/detail/buzzer_state__functions.h
[17.578s] -- Up-to-date symlink: /ros2_ws/src/install/msgs_srvs/include/msgs_srvs/msgs_srvs/msg/detail/buzzer_state__struct.h
[17.578s] -- Up-to-date symlink: /ros2_ws/src/install/msgs_srvs/include/msgs_srvs/msgs_srvs/msg/detail/buzzer_state__type_support.h
[17.578s] -- Up-to-date symlink: /ros2_ws/src/install/msgs_srvs/include/msgs_srvs/msgs_srvs/msg/detail/led_state__functions.h
[17.578s] -- Up-to-date symlink: /ros2_ws/src/install/msgs_srvs/include/msgs_srvs/msgs_srvs/msg/detail/led_state__struct.h
[17.578s] -- Up-to-date symlink: /ros2_ws/src/install/msgs_srvs/include/msgs_srvs/msgs_srvs/msg/detail/led_state__type_support.h
[17.579s] -- Up-to-date symlink: /ros2_ws/src/install/msgs_srvs/include/msgs_srvs/msgs_srvs/msg/detail/motor_state__functions.h
[17.579s] -- Up-to-date symlink: /ros2_ws/src/install/msgs_srvs/include/msgs_srvs/msgs_srvs/msg/detail/motor_state__struct.h
[17.579s] -- Up-to-date symlink: /ros2_ws/src/install/msgs_srvs/include/msgs_srvs/msgs_srvs/msg/detail/motor_state__type_support.h
[17.579s] -- Up-to-date symlink: /ros2_ws/src/install/msgs_srvs/include/msgs_srvs/msgs_srvs/msg/detail/motors_state__functions.h
[17.579s] -- Up-to-date symlink: /ros2_ws/src/install/msgs_srvs/include/msgs_srvs/msgs_srvs/msg/detail/motors_state__struct.h
[17.579s] -- Up-to-date symlink: /ros2_ws/src/install/msgs_srvs/include/msgs_srvs/msgs_srvs/msg/detail/motors_state__type_support.h
[17.579s] -- Up-to-date symlink: /ros2_ws/src/install/msgs_srvs/include/msgs_srvs/msgs_srvs/msg/detail/pwm_servo_state__functions.h
[17.580s] -- Up-to-date symlink: /ros2_ws/src/install/msgs_srvs/include/msgs_srvs/msgs_srvs/msg/detail/pwm_servo_state__struct.h
[17.580s] -- Up-to-date symlink: /ros2_ws/src/install/msgs_srvs/include/msgs_srvs/msgs_srvs/msg/detail/pwm_servo_state__type_support.h
[17.580s] -- Up-to-date symlink: /ros2_ws/src/install/msgs_srvs/include/msgs_srvs/msgs_srvs/msg/detail/pwm_servo_state_duration__functions.h
[17.580s] -- Up-to-date symlink: /ros2_ws/src/install/msgs_srvs/include/msgs_srvs/msgs_srvs/msg/detail/pwm_servo_state_duration__struct.h
[17.580s] -- Up-to-date symlink: /ros2_ws/src/install/msgs_srvs/include/msgs_srvs/msgs_srvs/msg/detail/pwm_servo_state_duration__type_support.h
[17.580s] -- Up-to-date symlink: /ros2_ws/src/install/msgs_srvs/include/msgs_srvs/msgs_srvs/msg/detail/sbus__functions.h
[17.580s] -- Up-to-date symlink: /ros2_ws/src/install/msgs_srvs/include/msgs_srvs/msgs_srvs/msg/detail/sbus__struct.h
[17.580s] -- Up-to-date symlink: /ros2_ws/src/install/msgs_srvs/include/msgs_srvs/msgs_srvs/msg/detail/sbus__type_support.h
[17.581s] -- Up-to-date symlink: /ros2_ws/src/install/msgs_srvs/include/msgs_srvs/msgs_srvs/msg/led_state.h
[17.581s] -- Up-to-date symlink: /ros2_ws/src/install/msgs_srvs/include/msgs_srvs/msgs_srvs/msg/motor_state.h
[17.581s] -- Up-to-date symlink: /ros2_ws/src/install/msgs_srvs/include/msgs_srvs/msgs_srvs/msg/motors_state.h
[17.581s] -- Up-to-date symlink: /ros2_ws/src/install/msgs_srvs/include/msgs_srvs/msgs_srvs/msg/pwm_servo_state.h
[17.581s] -- Up-to-date symlink: /ros2_ws/src/install/msgs_srvs/include/msgs_srvs/msgs_srvs/msg/pwm_servo_state_duration.h
[17.581s] -- Up-to-date symlink: /ros2_ws/src/install/msgs_srvs/include/msgs_srvs/msgs_srvs/msg/rosidl_generator_c__visibility_control.h
[17.581s] -- Up-to-date symlink: /ros2_ws/src/install/msgs_srvs/include/msgs_srvs/msgs_srvs/msg/sbus.h
[17.582s] -- Up-to-date symlink: /ros2_ws/src/install/msgs_srvs/include/msgs_srvs/msgs_srvs/srv/detail/pwm_servo_state__functions.h
[17.582s] -- Up-to-date symlink: /ros2_ws/src/install/msgs_srvs/include/msgs_srvs/msgs_srvs/srv/detail/pwm_servo_state__struct.h
[17.582s] -- Up-to-date symlink: /ros2_ws/src/install/msgs_srvs/include/msgs_srvs/msgs_srvs/srv/detail/pwm_servo_state__type_support.h
[17.582s] -- Up-to-date symlink: /ros2_ws/src/install/msgs_srvs/include/msgs_srvs/msgs_srvs/srv/pwm_servo_state.h
[17.582s] -- Up-to-date symlink: /ros2_ws/src/install/msgs_srvs/share/msgs_srvs/environment/library_path.sh
[17.582s] -- Up-to-date symlink: /ros2_ws/src/install/msgs_srvs/share/msgs_srvs/environment/library_path.dsv
[17.583s] -- Up-to-date symlink: /ros2_ws/src/install/msgs_srvs/include/msgs_srvs/msgs_srvs/msg/detail/button_state__rosidl_typesupport_fastrtps_c.h
[17.583s] -- Up-to-date symlink: /ros2_ws/src/install/msgs_srvs/include/msgs_srvs/msgs_srvs/msg/detail/buzzer_state__rosidl_typesupport_fastrtps_c.h
[17.584s] -- Up-to-date symlink: /ros2_ws/src/install/msgs_srvs/include/msgs_srvs/msgs_srvs/msg/detail/led_state__rosidl_typesupport_fastrtps_c.h
[17.584s] -- Up-to-date symlink: /ros2_ws/src/install/msgs_srvs/include/msgs_srvs/msgs_srvs/msg/detail/motor_state__rosidl_typesupport_fastrtps_c.h
[17.584s] -- Up-to-date symlink: /ros2_ws/src/install/msgs_srvs/include/msgs_srvs/msgs_srvs/msg/detail/motors_state__rosidl_typesupport_fastrtps_c.h
[17.584s] -- Up-to-date symlink: /ros2_ws/src/install/msgs_srvs/include/msgs_srvs/msgs_srvs/msg/detail/pwm_servo_state__rosidl_typesupport_fastrtps_c.h
[17.584s] -- Up-to-date symlink: /ros2_ws/src/install/msgs_srvs/include/msgs_srvs/msgs_srvs/msg/detail/pwm_servo_state_duration__rosidl_typesupport_fastrtps_c.h
[17.584s] -- Up-to-date symlink: /ros2_ws/src/install/msgs_srvs/include/msgs_srvs/msgs_srvs/msg/detail/sbus__rosidl_typesupport_fastrtps_c.h
[17.584s] -- Up-to-date symlink: /ros2_ws/src/install/msgs_srvs/include/msgs_srvs/msgs_srvs/msg/rosidl_typesupport_fastrtps_c__visibility_control.h
[17.584s] -- Up-to-date symlink: /ros2_ws/src/install/msgs_srvs/include/msgs_srvs/msgs_srvs/srv/detail/pwm_servo_state__rosidl_typesupport_fastrtps_c.h
[17.585s] -- Up-to-date symlink: /ros2_ws/src/install/msgs_srvs/include/msgs_srvs/msgs_srvs/msg/button_state.hpp
[17.585s] -- Up-to-date symlink: /ros2_ws/src/install/msgs_srvs/include/msgs_srvs/msgs_srvs/msg/buzzer_state.hpp
[17.586s] -- Up-to-date symlink: /ros2_ws/src/install/msgs_srvs/include/msgs_srvs/msgs_srvs/msg/detail/button_state__builder.hpp
[17.586s] -- Up-to-date symlink: /ros2_ws/src/install/msgs_srvs/include/msgs_srvs/msgs_srvs/msg/detail/button_state__struct.hpp
[17.586s] -- Up-to-date symlink: /ros2_ws/src/install/msgs_srvs/include/msgs_srvs/msgs_srvs/msg/detail/button_state__traits.hpp
[17.586s] -- Up-to-date symlink: /ros2_ws/src/install/msgs_srvs/include/msgs_srvs/msgs_srvs/msg/detail/button_state__type_support.hpp
[17.586s] -- Up-to-date symlink: /ros2_ws/src/install/msgs_srvs/include/msgs_srvs/msgs_srvs/msg/detail/buzzer_state__builder.hpp
[17.586s] -- Up-to-date symlink: /ros2_ws/src/install/msgs_srvs/include/msgs_srvs/msgs_srvs/msg/detail/buzzer_state__struct.hpp
[17.586s] -- Up-to-date symlink: /ros2_ws/src/install/msgs_srvs/include/msgs_srvs/msgs_srvs/msg/detail/buzzer_state__traits.hpp
[17.586s] -- Up-to-date symlink: /ros2_ws/src/install/msgs_srvs/include/msgs_srvs/msgs_srvs/msg/detail/buzzer_state__type_support.hpp
[17.587s] -- Up-to-date symlink: /ros2_ws/src/install/msgs_srvs/include/msgs_srvs/msgs_srvs/msg/detail/led_state__builder.hpp
[17.587s] -- Up-to-date symlink: /ros2_ws/src/install/msgs_srvs/include/msgs_srvs/msgs_srvs/msg/detail/led_state__struct.hpp
[17.587s] -- Up-to-date symlink: /ros2_ws/src/install/msgs_srvs/include/msgs_srvs/msgs_srvs/msg/detail/led_state__traits.hpp
[17.587s] -- Up-to-date symlink: /ros2_ws/src/install/msgs_srvs/include/msgs_srvs/msgs_srvs/msg/detail/led_state__type_support.hpp
[17.587s] -- Up-to-date symlink: /ros2_ws/src/install/msgs_srvs/include/msgs_srvs/msgs_srvs/msg/detail/motor_state__builder.hpp
[17.587s] -- Up-to-date symlink: /ros2_ws/src/install/msgs_srvs/include/msgs_srvs/msgs_srvs/msg/detail/motor_state__struct.hpp
[17.587s] -- Up-to-date symlink: /ros2_ws/src/install/msgs_srvs/include/msgs_srvs/msgs_srvs/msg/detail/motor_state__traits.hpp
[17.587s] -- Up-to-date symlink: /ros2_ws/src/install/msgs_srvs/include/msgs_srvs/msgs_srvs/msg/detail/motor_state__type_support.hpp
[17.588s] -- Up-to-date symlink: /ros2_ws/src/install/msgs_srvs/include/msgs_srvs/msgs_srvs/msg/detail/motors_state__builder.hpp
[17.588s] -- Up-to-date symlink: /ros2_ws/src/install/msgs_srvs/include/msgs_srvs/msgs_srvs/msg/detail/motors_state__struct.hpp
[17.588s] -- Up-to-date symlink: /ros2_ws/src/install/msgs_srvs/include/msgs_srvs/msgs_srvs/msg/detail/motors_state__traits.hpp
[17.588s] -- Up-to-date symlink: /ros2_ws/src/install/msgs_srvs/include/msgs_srvs/msgs_srvs/msg/detail/motors_state__type_support.hpp
[17.588s] -- Up-to-date symlink: /ros2_ws/src/install/msgs_srvs/include/msgs_srvs/msgs_srvs/msg/detail/pwm_servo_state__builder.hpp
[17.588s] -- Up-to-date symlink: /ros2_ws/src/install/msgs_srvs/include/msgs_srvs/msgs_srvs/msg/detail/pwm_servo_state__struct.hpp
[17.588s] -- Up-to-date symlink: /ros2_ws/src/install/msgs_srvs/include/msgs_srvs/msgs_srvs/msg/detail/pwm_servo_state__traits.hpp
[17.588s] -- Up-to-date symlink: /ros2_ws/src/install/msgs_srvs/include/msgs_srvs/msgs_srvs/msg/detail/pwm_servo_state__type_support.hpp
[17.589s] -- Up-to-date symlink: /ros2_ws/src/install/msgs_srvs/include/msgs_srvs/msgs_srvs/msg/detail/pwm_servo_state_duration__builder.hpp
[17.589s] -- Up-to-date symlink: /ros2_ws/src/install/msgs_srvs/include/msgs_srvs/msgs_srvs/msg/detail/pwm_servo_state_duration__struct.hpp
[17.589s] -- Up-to-date symlink: /ros2_ws/src/install/msgs_srvs/include/msgs_srvs/msgs_srvs/msg/detail/pwm_servo_state_duration__traits.hpp
[17.589s] -- Up-to-date symlink: /ros2_ws/src/install/msgs_srvs/include/msgs_srvs/msgs_srvs/msg/detail/pwm_servo_state_duration__type_support.hpp
[17.589s] -- Up-to-date symlink: /ros2_ws/src/install/msgs_srvs/include/msgs_srvs/msgs_srvs/msg/detail/sbus__builder.hpp
[17.589s] -- Up-to-date symlink: /ros2_ws/src/install/msgs_srvs/include/msgs_srvs/msgs_srvs/msg/detail/sbus__struct.hpp
[17.589s] -- Up-to-date symlink: /ros2_ws/src/install/msgs_srvs/include/msgs_srvs/msgs_srvs/msg/detail/sbus__traits.hpp
[17.589s] -- Up-to-date symlink: /ros2_ws/src/install/msgs_srvs/include/msgs_srvs/msgs_srvs/msg/detail/sbus__type_support.hpp
[17.589s] -- Up-to-date symlink: /ros2_ws/src/install/msgs_srvs/include/msgs_srvs/msgs_srvs/msg/led_state.hpp
[17.590s] -- Up-to-date symlink: /ros2_ws/src/install/msgs_srvs/include/msgs_srvs/msgs_srvs/msg/motor_state.hpp
[17.590s] -- Up-to-date symlink: /ros2_ws/src/install/msgs_srvs/include/msgs_srvs/msgs_srvs/msg/motors_state.hpp
[17.590s] -- Up-to-date symlink: /ros2_ws/src/install/msgs_srvs/include/msgs_srvs/msgs_srvs/msg/pwm_servo_state.hpp
[17.590s] -- Up-to-date symlink: /ros2_ws/src/install/msgs_srvs/include/msgs_srvs/msgs_srvs/msg/pwm_servo_state_duration.hpp
[17.590s] -- Up-to-date symlink: /ros2_ws/src/install/msgs_srvs/include/msgs_srvs/msgs_srvs/msg/rosidl_generator_cpp__visibility_control.hpp
[17.590s] -- Up-to-date symlink: /ros2_ws/src/install/msgs_srvs/include/msgs_srvs/msgs_srvs/msg/sbus.hpp
[17.590s] -- Up-to-date symlink: /ros2_ws/src/install/msgs_srvs/include/msgs_srvs/msgs_srvs/srv/detail/pwm_servo_state__builder.hpp
[17.590s] -- Up-to-date symlink: /ros2_ws/src/install/msgs_srvs/include/msgs_srvs/msgs_srvs/srv/detail/pwm_servo_state__struct.hpp
[17.591s] -- Up-to-date symlink: /ros2_ws/src/install/msgs_srvs/include/msgs_srvs/msgs_srvs/srv/detail/pwm_servo_state__traits.hpp
[17.591s] -- Up-to-date symlink: /ros2_ws/src/install/msgs_srvs/include/msgs_srvs/msgs_srvs/srv/detail/pwm_servo_state__type_support.hpp
[17.591s] -- Up-to-date symlink: /ros2_ws/src/install/msgs_srvs/include/msgs_srvs/msgs_srvs/srv/pwm_servo_state.hpp
[17.592s] -- Up-to-date symlink: /ros2_ws/src/install/msgs_srvs/include/msgs_srvs/msgs_srvs/msg/detail/button_state__rosidl_typesupport_fastrtps_cpp.hpp
[17.592s] -- Up-to-date symlink: /ros2_ws/src/install/msgs_srvs/include/msgs_srvs/msgs_srvs/msg/detail/buzzer_state__rosidl_typesupport_fastrtps_cpp.hpp
[17.592s] -- Up-to-date symlink: /ros2_ws/src/install/msgs_srvs/include/msgs_srvs/msgs_srvs/msg/detail/led_state__rosidl_typesupport_fastrtps_cpp.hpp
[17.592s] -- Up-to-date symlink: /ros2_ws/src/install/msgs_srvs/include/msgs_srvs/msgs_srvs/msg/detail/motor_state__rosidl_typesupport_fastrtps_cpp.hpp
[17.592s] -- Up-to-date symlink: /ros2_ws/src/install/msgs_srvs/include/msgs_srvs/msgs_srvs/msg/detail/motors_state__rosidl_typesupport_fastrtps_cpp.hpp
[17.592s] -- Up-to-date symlink: /ros2_ws/src/install/msgs_srvs/include/msgs_srvs/msgs_srvs/msg/detail/pwm_servo_state__rosidl_typesupport_fastrtps_cpp.hpp
[17.592s] -- Up-to-date symlink: /ros2_ws/src/install/msgs_srvs/include/msgs_srvs/msgs_srvs/msg/detail/pwm_servo_state_duration__rosidl_typesupport_fastrtps_cpp.hpp
[17.593s] -- Up-to-date symlink: /ros2_ws/src/install/msgs_srvs/include/msgs_srvs/msgs_srvs/msg/detail/sbus__rosidl_typesupport_fastrtps_cpp.hpp
[17.593s] -- Up-to-date symlink: /ros2_ws/src/install/msgs_srvs/include/msgs_srvs/msgs_srvs/msg/rosidl_typesupport_fastrtps_cpp__visibility_control.h
[17.593s] -- Up-to-date symlink: /ros2_ws/src/install/msgs_srvs/include/msgs_srvs/msgs_srvs/srv/detail/pwm_servo_state__rosidl_typesupport_fastrtps_cpp.hpp
[17.593s] -- Up-to-date symlink: /ros2_ws/src/install/msgs_srvs/include/msgs_srvs/msgs_srvs/msg/detail/button_state__rosidl_typesupport_introspection_c.h
[17.594s] -- Up-to-date symlink: /ros2_ws/src/install/msgs_srvs/include/msgs_srvs/msgs_srvs/msg/detail/buzzer_state__rosidl_typesupport_introspection_c.h
[17.594s] -- Up-to-date symlink: /ros2_ws/src/install/msgs_srvs/include/msgs_srvs/msgs_srvs/msg/detail/led_state__rosidl_typesupport_introspection_c.h
[17.594s] -- Up-to-date symlink: /ros2_ws/src/install/msgs_srvs/include/msgs_srvs/msgs_srvs/msg/detail/motor_state__rosidl_typesupport_introspection_c.h
[17.594s] -- Up-to-date symlink: /ros2_ws/src/install/msgs_srvs/include/msgs_srvs/msgs_srvs/msg/detail/motors_state__rosidl_typesupport_introspection_c.h
[17.594s] -- Up-to-date symlink: /ros2_ws/src/install/msgs_srvs/include/msgs_srvs/msgs_srvs/msg/detail/pwm_servo_state__rosidl_typesupport_introspection_c.h
[17.594s] -- Up-to-date symlink: /ros2_ws/src/install/msgs_srvs/include/msgs_srvs/msgs_srvs/msg/detail/pwm_servo_state_duration__rosidl_typesupport_introspection_c.h
[17.594s] -- Up-to-date symlink: /ros2_ws/src/install/msgs_srvs/include/msgs_srvs/msgs_srvs/msg/detail/sbus__rosidl_typesupport_introspection_c.h
[17.594s] -- Up-to-date symlink: /ros2_ws/src/install/msgs_srvs/include/msgs_srvs/msgs_srvs/msg/rosidl_typesupport_introspection_c__visibility_control.h
[17.594s] -- Up-to-date symlink: /ros2_ws/src/install/msgs_srvs/include/msgs_srvs/msgs_srvs/srv/detail/pwm_servo_state__rosidl_typesupport_introspection_c.h
[17.595s] -- Up-to-date symlink: /ros2_ws/src/install/msgs_srvs/include/msgs_srvs/msgs_srvs/msg/detail/button_state__rosidl_typesupport_introspection_cpp.hpp
[17.595s] -- Up-to-date symlink: /ros2_ws/src/install/msgs_srvs/include/msgs_srvs/msgs_srvs/msg/detail/buzzer_state__rosidl_typesupport_introspection_cpp.hpp
[17.595s] -- Up-to-date symlink: /ros2_ws/src/install/msgs_srvs/include/msgs_srvs/msgs_srvs/msg/detail/led_state__rosidl_typesupport_introspection_cpp.hpp
[17.595s] -- Up-to-date symlink: /ros2_ws/src/install/msgs_srvs/include/msgs_srvs/msgs_srvs/msg/detail/motor_state__rosidl_typesupport_introspection_cpp.hpp
[17.595s] -- Up-to-date symlink: /ros2_ws/src/install/msgs_srvs/include/msgs_srvs/msgs_srvs/msg/detail/motors_state__rosidl_typesupport_introspection_cpp.hpp
[17.596s] -- Up-to-date symlink: /ros2_ws/src/install/msgs_srvs/include/msgs_srvs/msgs_srvs/msg/detail/pwm_servo_state__rosidl_typesupport_introspection_cpp.hpp
[17.596s] -- Up-to-date symlink: /ros2_ws/src/install/msgs_srvs/include/msgs_srvs/msgs_srvs/msg/detail/pwm_servo_state_duration__rosidl_typesupport_introspection_cpp.hpp
[17.596s] -- Up-to-date symlink: /ros2_ws/src/install/msgs_srvs/include/msgs_srvs/msgs_srvs/msg/detail/sbus__rosidl_typesupport_introspection_cpp.hpp
[17.596s] -- Up-to-date symlink: /ros2_ws/src/install/msgs_srvs/include/msgs_srvs/msgs_srvs/srv/detail/pwm_servo_state__rosidl_typesupport_introspection_cpp.hpp
[17.596s] -- Up-to-date symlink: /ros2_ws/src/install/msgs_srvs/share/msgs_srvs/environment/pythonpath.sh
[17.596s] -- Up-to-date symlink: /ros2_ws/src/install/msgs_srvs/share/msgs_srvs/environment/pythonpath.dsv
[17.597s] -- Up-to-date symlink: /ros2_ws/src/install/msgs_srvs/local/lib/python3.10/dist-packages/msgs_srvs-0.0.0-py3.10.egg-info/PKG-INFO
[17.597s] -- Up-to-date symlink: /ros2_ws/src/install/msgs_srvs/local/lib/python3.10/dist-packages/msgs_srvs-0.0.0-py3.10.egg-info/SOURCES.txt
[17.597s] -- Up-to-date symlink: /ros2_ws/src/install/msgs_srvs/local/lib/python3.10/dist-packages/msgs_srvs-0.0.0-py3.10.egg-info/dependency_links.txt
[17.597s] -- Up-to-date symlink: /ros2_ws/src/install/msgs_srvs/local/lib/python3.10/dist-packages/msgs_srvs-0.0.0-py3.10.egg-info/top_level.txt
[17.598s] -- Up-to-date symlink: /ros2_ws/src/install/msgs_srvs/local/lib/python3.10/dist-packages/msgs_srvs/__init__.py
[17.598s] -- Up-to-date symlink: /ros2_ws/src/install/msgs_srvs/local/lib/python3.10/dist-packages/msgs_srvs/_msgs_srvs_s.ep.rosidl_typesupport_c.c
[17.598s] -- Up-to-date symlink: /ros2_ws/src/install/msgs_srvs/local/lib/python3.10/dist-packages/msgs_srvs/_msgs_srvs_s.ep.rosidl_typesupport_fastrtps_c.c
[17.598s] -- Up-to-date symlink: /ros2_ws/src/install/msgs_srvs/local/lib/python3.10/dist-packages/msgs_srvs/_msgs_srvs_s.ep.rosidl_typesupport_introspection_c.c
[17.598s] -- Up-to-date symlink: /ros2_ws/src/install/msgs_srvs/local/lib/python3.10/dist-packages/msgs_srvs/libmsgs_srvs__rosidl_generator_py.so
[17.599s] -- Up-to-date symlink: /ros2_ws/src/install/msgs_srvs/local/lib/python3.10/dist-packages/msgs_srvs/msg/__init__.py
[17.599s] -- Up-to-date symlink: /ros2_ws/src/install/msgs_srvs/local/lib/python3.10/dist-packages/msgs_srvs/msg/_button_state.py
[17.599s] -- Up-to-date symlink: /ros2_ws/src/install/msgs_srvs/local/lib/python3.10/dist-packages/msgs_srvs/msg/_button_state_s.c
[17.599s] -- Up-to-date symlink: /ros2_ws/src/install/msgs_srvs/local/lib/python3.10/dist-packages/msgs_srvs/msg/_buzzer_state.py
[17.599s] -- Up-to-date symlink: /ros2_ws/src/install/msgs_srvs/local/lib/python3.10/dist-packages/msgs_srvs/msg/_buzzer_state_s.c
[17.599s] -- Up-to-date symlink: /ros2_ws/src/install/msgs_srvs/local/lib/python3.10/dist-packages/msgs_srvs/msg/_led_state.py
[17.599s] -- Up-to-date symlink: /ros2_ws/src/install/msgs_srvs/local/lib/python3.10/dist-packages/msgs_srvs/msg/_led_state_s.c
[17.599s] -- Up-to-date symlink: /ros2_ws/src/install/msgs_srvs/local/lib/python3.10/dist-packages/msgs_srvs/msg/_motor_state.py
[17.600s] -- Up-to-date symlink: /ros2_ws/src/install/msgs_srvs/local/lib/python3.10/dist-packages/msgs_srvs/msg/_motor_state_s.c
[17.600s] -- Up-to-date symlink: /ros2_ws/src/install/msgs_srvs/local/lib/python3.10/dist-packages/msgs_srvs/msg/_motors_state.py
[17.600s] -- Up-to-date symlink: /ros2_ws/src/install/msgs_srvs/local/lib/python3.10/dist-packages/msgs_srvs/msg/_motors_state_s.c
[17.600s] -- Up-to-date symlink: /ros2_ws/src/install/msgs_srvs/local/lib/python3.10/dist-packages/msgs_srvs/msg/_pwm_servo_state.py
[17.600s] -- Up-to-date symlink: /ros2_ws/src/install/msgs_srvs/local/lib/python3.10/dist-packages/msgs_srvs/msg/_pwm_servo_state_duration.py
[17.600s] -- Up-to-date symlink: /ros2_ws/src/install/msgs_srvs/local/lib/python3.10/dist-packages/msgs_srvs/msg/_pwm_servo_state_duration_s.c
[17.600s] -- Up-to-date symlink: /ros2_ws/src/install/msgs_srvs/local/lib/python3.10/dist-packages/msgs_srvs/msg/_pwm_servo_state_s.c
[17.600s] -- Up-to-date symlink: /ros2_ws/src/install/msgs_srvs/local/lib/python3.10/dist-packages/msgs_srvs/msg/_sbus.py
[17.601s] -- Up-to-date symlink: /ros2_ws/src/install/msgs_srvs/local/lib/python3.10/dist-packages/msgs_srvs/msg/_sbus_s.c
[17.601s] -- Up-to-date symlink: /ros2_ws/src/install/msgs_srvs/local/lib/python3.10/dist-packages/msgs_srvs/msgs_srvs_s__rosidl_typesupport_c.cpython-310-aarch64-linux-gnu.so
[17.601s] -- Up-to-date symlink: /ros2_ws/src/install/msgs_srvs/local/lib/python3.10/dist-packages/msgs_srvs/msgs_srvs_s__rosidl_typesupport_fastrtps_c.cpython-310-aarch64-linux-gnu.so
[17.602s] -- Up-to-date symlink: /ros2_ws/src/install/msgs_srvs/local/lib/python3.10/dist-packages/msgs_srvs/msgs_srvs_s__rosidl_typesupport_introspection_c.cpython-310-aarch64-linux-gnu.so
[17.602s] -- Up-to-date symlink: /ros2_ws/src/install/msgs_srvs/local/lib/python3.10/dist-packages/msgs_srvs/srv/__init__.py
[17.602s] -- Up-to-date symlink: /ros2_ws/src/install/msgs_srvs/local/lib/python3.10/dist-packages/msgs_srvs/srv/_pwm_servo_state.py
[17.602s] -- Up-to-date symlink: /ros2_ws/src/install/msgs_srvs/local/lib/python3.10/dist-packages/msgs_srvs/srv/_pwm_servo_state_s.c
[17.602s] -- Up-to-date symlink: /ros2_ws/src/install/msgs_srvs/local/lib/python3.10/dist-packages/msgs_srvs/msgs_srvs_s__rosidl_typesupport_fastrtps_c.cpython-310-aarch64-linux-gnu.so
[17.603s] -- Up-to-date symlink: /ros2_ws/src/install/msgs_srvs/local/lib/python3.10/dist-packages/msgs_srvs/msgs_srvs_s__rosidl_typesupport_introspection_c.cpython-310-aarch64-linux-gnu.so
[17.603s] -- Up-to-date symlink: /ros2_ws/src/install/msgs_srvs/local/lib/python3.10/dist-packages/msgs_srvs/msgs_srvs_s__rosidl_typesupport_c.cpython-310-aarch64-linux-gnu.so
[17.604s] -- Up-to-date symlink: /ros2_ws/src/install/msgs_srvs/share/msgs_srvs/msg/ButtonState.idl
[17.604s] -- Up-to-date symlink: /ros2_ws/src/install/msgs_srvs/share/msgs_srvs/msg/BuzzerState.idl
[17.604s] -- Up-to-date symlink: /ros2_ws/src/install/msgs_srvs/share/msgs_srvs/msg/LedState.idl
[17.604s] -- Up-to-date symlink: /ros2_ws/src/install/msgs_srvs/share/msgs_srvs/msg/MotorsState.idl
[17.604s] -- Up-to-date symlink: /ros2_ws/src/install/msgs_srvs/share/msgs_srvs/msg/MotorState.idl
[17.605s] -- Up-to-date symlink: /ros2_ws/src/install/msgs_srvs/share/msgs_srvs/msg/PWMServoState.idl
[17.605s] -- Up-to-date symlink: /ros2_ws/src/install/msgs_srvs/share/msgs_srvs/msg/PWMServoStateDuration.idl
[17.605s] -- Up-to-date symlink: /ros2_ws/src/install/msgs_srvs/share/msgs_srvs/msg/Sbus.idl
[17.605s] -- Up-to-date symlink: /ros2_ws/src/install/msgs_srvs/share/msgs_srvs/srv/PWMServoState.idl
[17.605s] -- Up-to-date symlink: /ros2_ws/src/install/msgs_srvs/share/msgs_srvs/msg/ButtonState.msg
[17.605s] -- Up-to-date symlink: /ros2_ws/src/install/msgs_srvs/share/msgs_srvs/msg/BuzzerState.msg
[17.606s] -- Up-to-date symlink: /ros2_ws/src/install/msgs_srvs/share/msgs_srvs/msg/LedState.msg
[17.606s] -- Up-to-date symlink: /ros2_ws/src/install/msgs_srvs/share/msgs_srvs/msg/MotorsState.msg
[17.606s] -- Up-to-date symlink: /ros2_ws/src/install/msgs_srvs/share/msgs_srvs/msg/MotorState.msg
[17.606s] -- Up-to-date symlink: /ros2_ws/src/install/msgs_srvs/share/msgs_srvs/msg/PWMServoState.msg
[17.606s] -- Up-to-date symlink: /ros2_ws/src/install/msgs_srvs/share/msgs_srvs/msg/PWMServoStateDuration.msg
[17.606s] -- Up-to-date symlink: /ros2_ws/src/install/msgs_srvs/share/msgs_srvs/msg/Sbus.msg
[17.606s] -- Up-to-date symlink: /ros2_ws/src/install/msgs_srvs/share/msgs_srvs/srv/PWMServoState.srv
[17.607s] -- Up-to-date symlink: /ros2_ws/src/install/msgs_srvs/share/msgs_srvs/srv/PWMServoState_Request.msg
[17.607s] -- Up-to-date symlink: /ros2_ws/src/install/msgs_srvs/share/msgs_srvs/srv/PWMServoState_Response.msg
[17.607s] -- Up-to-date symlink: /ros2_ws/src/install/msgs_srvs/share/ament_index/resource_index/package_run_dependencies/msgs_srvs
[17.607s] -- Up-to-date symlink: /ros2_ws/src/install/msgs_srvs/share/ament_index/resource_index/parent_prefix_path/msgs_srvs
[17.607s] -- Up-to-date symlink: /ros2_ws/src/install/msgs_srvs/share/msgs_srvs/environment/ament_prefix_path.sh
[17.608s] -- Up-to-date symlink: /ros2_ws/src/install/msgs_srvs/share/msgs_srvs/environment/ament_prefix_path.dsv
[17.608s] -- Up-to-date symlink: /ros2_ws/src/install/msgs_srvs/share/msgs_srvs/environment/path.sh
[17.608s] -- Up-to-date symlink: /ros2_ws/src/install/msgs_srvs/share/msgs_srvs/environment/path.dsv
[17.608s] -- Up-to-date symlink: /ros2_ws/src/install/msgs_srvs/share/msgs_srvs/local_setup.bash
[17.608s] -- Up-to-date symlink: /ros2_ws/src/install/msgs_srvs/share/msgs_srvs/local_setup.sh
[17.608s] -- Up-to-date symlink: /ros2_ws/src/install/msgs_srvs/share/msgs_srvs/local_setup.zsh
[17.608s] -- Up-to-date symlink: /ros2_ws/src/install/msgs_srvs/share/msgs_srvs/local_setup.dsv
[17.609s] -- Symlinking: /ros2_ws/src/install/msgs_srvs/share/msgs_srvs/package.dsv
[17.624s] -- Up-to-date symlink: /ros2_ws/src/install/msgs_srvs/share/ament_index/resource_index/packages/msgs_srvs
[17.624s] -- Up-to-date symlink: /ros2_ws/src/install/msgs_srvs/share/msgs_srvs/cmake/rosidl_cmake-extras.cmake
[17.624s] -- Up-to-date symlink: /ros2_ws/src/install/msgs_srvs/share/msgs_srvs/cmake/ament_cmake_export_dependencies-extras.cmake
[17.624s] -- Up-to-date symlink: /ros2_ws/src/install/msgs_srvs/share/msgs_srvs/cmake/ament_cmake_export_include_directories-extras.cmake
[17.624s] -- Up-to-date symlink: /ros2_ws/src/install/msgs_srvs/share/msgs_srvs/cmake/ament_cmake_export_libraries-extras.cmake
[17.625s] -- Up-to-date symlink: /ros2_ws/src/install/msgs_srvs/share/msgs_srvs/cmake/ament_cmake_export_targets-extras.cmake
[17.625s] -- Up-to-date symlink: /ros2_ws/src/install/msgs_srvs/share/msgs_srvs/cmake/rosidl_cmake_export_typesupport_targets-extras.cmake
[17.625s] -- Up-to-date symlink: /ros2_ws/src/install/msgs_srvs/share/msgs_srvs/cmake/rosidl_cmake_export_typesupport_libraries-extras.cmake
[17.625s] -- Up-to-date symlink: /ros2_ws/src/install/msgs_srvs/share/msgs_srvs/cmake/msgs_srvsConfig.cmake
[17.625s] -- Up-to-date symlink: /ros2_ws/src/install/msgs_srvs/share/msgs_srvs/cmake/msgs_srvsConfig-version.cmake
[17.625s] -- Up-to-date symlink: /ros2_ws/src/install/msgs_srvs/share/msgs_srvs/package.xml
[17.626s] -- Installing: /ros2_ws/src/install/msgs_srvs/lib/libmsgs_srvs__rosidl_generator_c.so
[17.626s] -- Set runtime path of "/ros2_ws/src/install/msgs_srvs/lib/libmsgs_srvs__rosidl_generator_c.so" to ""
[17.627s] -- Installing: /ros2_ws/src/install/msgs_srvs/lib/libmsgs_srvs__rosidl_typesupport_fastrtps_c.so
[17.627s] -- Set runtime path of "/ros2_ws/src/install/msgs_srvs/lib/libmsgs_srvs__rosidl_typesupport_fastrtps_c.so" to ""
[17.627s] -- Installing: /ros2_ws/src/install/msgs_srvs/lib/libmsgs_srvs__rosidl_typesupport_fastrtps_cpp.so
[17.628s] -- Set runtime path of "/ros2_ws/src/install/msgs_srvs/lib/libmsgs_srvs__rosidl_typesupport_fastrtps_cpp.so" to ""
[17.628s] -- Installing: /ros2_ws/src/install/msgs_srvs/lib/libmsgs_srvs__rosidl_typesupport_introspection_c.so
[17.629s] -- Set runtime path of "/ros2_ws/src/install/msgs_srvs/lib/libmsgs_srvs__rosidl_typesupport_introspection_c.so" to ""
[17.629s] -- Installing: /ros2_ws/src/install/msgs_srvs/lib/libmsgs_srvs__rosidl_typesupport_c.so
[17.630s] -- Set runtime path of "/ros2_ws/src/install/msgs_srvs/lib/libmsgs_srvs__rosidl_typesupport_c.so" to ""
[17.630s] -- Installing: /ros2_ws/src/install/msgs_srvs/lib/libmsgs_srvs__rosidl_typesupport_introspection_cpp.so
[17.631s] -- Set runtime path of "/ros2_ws/src/install/msgs_srvs/lib/libmsgs_srvs__rosidl_typesupport_introspection_cpp.so" to ""
[17.631s] -- Installing: /ros2_ws/src/install/msgs_srvs/lib/libmsgs_srvs__rosidl_typesupport_cpp.so
[17.631s] -- Set runtime path of "/ros2_ws/src/install/msgs_srvs/lib/libmsgs_srvs__rosidl_typesupport_cpp.so" to ""
[17.691s] Listing '/ros2_ws/src/install/msgs_srvs/local/lib/python3.10/dist-packages/msgs_srvs'...
[17.692s] Compiling '/ros2_ws/src/install/msgs_srvs/local/lib/python3.10/dist-packages/msgs_srvs/__init__.py'...
[17.692s] Listing '/ros2_ws/src/install/msgs_srvs/local/lib/python3.10/dist-packages/msgs_srvs/msg'...
[17.692s] Listing '/ros2_ws/src/install/msgs_srvs/local/lib/python3.10/dist-packages/msgs_srvs/srv'...
[17.702s] -- Installing: /ros2_ws/src/install/msgs_srvs/lib/libmsgs_srvs__rosidl_generator_py.so
[17.703s] -- Set runtime path of "/ros2_ws/src/install/msgs_srvs/lib/libmsgs_srvs__rosidl_generator_py.so" to ""
[17.703s] -- Up-to-date: /ros2_ws/src/install/msgs_srvs/share/msgs_srvs/cmake/export_msgs_srvs__rosidl_generator_cExport.cmake
[17.703s] -- Up-to-date: /ros2_ws/src/install/msgs_srvs/share/msgs_srvs/cmake/export_msgs_srvs__rosidl_generator_cExport-noconfig.cmake
[17.703s] -- Up-to-date: /ros2_ws/src/install/msgs_srvs/share/msgs_srvs/cmake/export_msgs_srvs__rosidl_typesupport_fastrtps_cExport.cmake
[17.703s] -- Up-to-date: /ros2_ws/src/install/msgs_srvs/share/msgs_srvs/cmake/export_msgs_srvs__rosidl_typesupport_fastrtps_cExport-noconfig.cmake
[17.703s] -- Up-to-date: /ros2_ws/src/install/msgs_srvs/share/msgs_srvs/cmake/export_msgs_srvs__rosidl_generator_cppExport.cmake
[17.703s] -- Up-to-date: /ros2_ws/src/install/msgs_srvs/share/msgs_srvs/cmake/export_msgs_srvs__rosidl_typesupport_fastrtps_cppExport.cmake
[17.703s] -- Up-to-date: /ros2_ws/src/install/msgs_srvs/share/msgs_srvs/cmake/export_msgs_srvs__rosidl_typesupport_fastrtps_cppExport-noconfig.cmake
[17.703s] -- Up-to-date: /ros2_ws/src/install/msgs_srvs/share/msgs_srvs/cmake/msgs_srvs__rosidl_typesupport_introspection_cExport.cmake
[17.703s] -- Up-to-date: /ros2_ws/src/install/msgs_srvs/share/msgs_srvs/cmake/msgs_srvs__rosidl_typesupport_introspection_cExport-noconfig.cmake
[17.704s] -- Up-to-date: /ros2_ws/src/install/msgs_srvs/share/msgs_srvs/cmake/msgs_srvs__rosidl_typesupport_cExport.cmake
[17.704s] -- Up-to-date: /ros2_ws/src/install/msgs_srvs/share/msgs_srvs/cmake/msgs_srvs__rosidl_typesupport_cExport-noconfig.cmake
[17.704s] -- Up-to-date: /ros2_ws/src/install/msgs_srvs/share/msgs_srvs/cmake/msgs_srvs__rosidl_typesupport_introspection_cppExport.cmake
[17.704s] -- Up-to-date: /ros2_ws/src/install/msgs_srvs/share/msgs_srvs/cmake/msgs_srvs__rosidl_typesupport_introspection_cppExport-noconfig.cmake
[17.704s] -- Up-to-date: /ros2_ws/src/install/msgs_srvs/share/msgs_srvs/cmake/msgs_srvs__rosidl_typesupport_cppExport.cmake
[17.704s] -- Up-to-date: /ros2_ws/src/install/msgs_srvs/share/msgs_srvs/cmake/msgs_srvs__rosidl_typesupport_cppExport-noconfig.cmake
[17.704s] -- Up-to-date: /ros2_ws/src/install/msgs_srvs/share/msgs_srvs/cmake/export_msgs_srvs__rosidl_generator_pyExport.cmake
[17.704s] -- Up-to-date: /ros2_ws/src/install/msgs_srvs/share/msgs_srvs/cmake/export_msgs_srvs__rosidl_generator_pyExport-noconfig.cmake
[17.708s] Invoked command in '/ros2_ws/src/build/msgs_srvs' returned '0': CMAKE_PREFIX_PATH=${CMAKE_PREFIX_PATH}:/ros2_ws/src/install/peripherals:/ros2_ws/src/install/driver:/opt/ros/humble /usr/bin/cmake --install /ros2_ws/src/build/msgs_srvs
