[1.060s] Invoking command in '/ros2_ws/src/driver': PYTHONPATH=/ros2_ws/build/driver/prefix_override:/usr/lib/python3/dist-packages/colcon_core/task/python/colcon_distutils_commands:/ros2_ws/install/driver/lib/python3.10/site-packages:${PYTHONPATH} /usr/bin/python3 -W ignore:setup.py install is deprecated -W ignore:easy_install command is deprecated setup.py egg_info --egg-base ../../build/driver build --build-base /ros2_ws/build/driver/build install --record /ros2_ws/build/driver/install.log --single-version-externally-managed install_data
[1.406s] running egg_info
[1.407s] writing ../../build/driver/driver.egg-info/PKG-INFO
[1.407s] writing dependency_links to ../../build/driver/driver.egg-info/dependency_links.txt
[1.415s] writing entry points to ../../build/driver/driver.egg-info/entry_points.txt
[1.416s] writing requirements to ../../build/driver/driver.egg-info/requires.txt
[1.417s] writing top-level names to ../../build/driver/driver.egg-info/top_level.txt
[1.421s] reading manifest file '../../build/driver/driver.egg-info/SOURCES.txt'
[1.422s] writing manifest file '../../build/driver/driver.egg-info/SOURCES.txt'
[1.422s] running build
[1.422s] running build_py
[1.423s] running install
[1.424s] running install_lib
[1.426s] running install_data
[1.426s] running install_egg_info
[1.429s] removing '/ros2_ws/install/driver/lib/python3.10/site-packages/driver-0.0.0-py3.10.egg-info' (and everything under it)
[1.429s] Copying ../../build/driver/driver.egg-info to /ros2_ws/install/driver/lib/python3.10/site-packages/driver-0.0.0-py3.10.egg-info
[1.431s] running install_scripts
[1.478s] Installing control_manager script to /ros2_ws/install/driver/lib/driver
[1.478s] writing list of installed files to '/ros2_ws/build/driver/install.log'
[1.565s] Invoked command in '/ros2_ws/src/driver' returned '0': PYTHONPATH=/ros2_ws/build/driver/prefix_override:/usr/lib/python3/dist-packages/colcon_core/task/python/colcon_distutils_commands:/ros2_ws/install/driver/lib/python3.10/site-packages:${PYTHONPATH} /usr/bin/python3 -W ignore:setup.py install is deprecated -W ignore:easy_install command is deprecated setup.py egg_info --egg-base ../../build/driver build --build-base /ros2_ws/build/driver/build install --record /ros2_ws/build/driver/install.log --single-version-externally-managed install_data
