[0.142s] DEBUG:colcon:Command line arguments: ['/usr/bin/colcon', 'build', '--symlink-install']
[0.142s] DEBUG:colcon:Parsed command line arguments: Namespace(log_base=None, log_level=None, verb_name='build', build_base='build', install_base='install', merge_install=False, symlink_install=True, test_result_base=None, continue_on_error=False, executor='parallel', parallel_workers=4, event_handlers=None, ignore_user_meta=False, metas=['./colcon.meta'], base_paths=['.'], packages_ignore=None, packages_ignore_regex=None, paths=None, packages_up_to=None, packages_up_to_regex=None, packages_above=None, packages_above_and_dependencies=None, packages_above_depth=None, packages_select_by_dep=None, packages_skip_by_dep=None, packages_skip_up_to=None, packages_select_build_failed=False, packages_skip_build_finished=False, packages_select_test_failures=False, packages_skip_test_passed=False, packages_select=None, packages_skip=None, packages_select_regex=None, packages_skip_regex=None, packages_start=None, packages_end=None, allow_overriding=[], cmake_args=None, cmake_target=None, cmake_target_skip_unavailable=False, cmake_clean_cache=False, cmake_clean_first=False, cmake_force_configure=False, ament_cmake_args=None, catkin_cmake_args=None, catkin_skip_building_tests=False, mixin_files=None, mixin=None, verb_parser=<colcon_mixin.mixin.mixin_argument.MixinArgumentDecorator object at 0xffffb7458100>, verb_extension=<colcon_core.verb.build.BuildVerb object at 0xffffb741bb50>, main=<bound method BuildVerb.main of <colcon_core.verb.build.BuildVerb object at 0xffffb741bb50>>, mixin_verb=('build',))
[0.337s] Level 1:colcon.colcon_core.package_discovery:discover_packages(colcon_meta) check parameters
[0.337s] Level 1:colcon.colcon_core.package_discovery:discover_packages(recursive) check parameters
[0.337s] Level 1:colcon.colcon_core.package_discovery:discover_packages(ignore) check parameters
[0.337s] Level 1:colcon.colcon_core.package_discovery:discover_packages(path) check parameters
[0.337s] Level 1:colcon.colcon_core.package_discovery:discover_packages(colcon_meta) discover
[0.338s] Level 1:colcon.colcon_core.package_discovery:discover_packages(recursive) discover
[0.338s] INFO:colcon.colcon_core.package_discovery:Crawling recursively for packages in '/ros2_ws'
[0.338s] Level 1:colcon.colcon_core.package_identification:_identify(.) by extensions ['ignore', 'ignore_ament_install']
[0.338s] Level 1:colcon.colcon_core.package_identification:_identify(.) by extension 'ignore'
[0.338s] Level 1:colcon.colcon_core.package_identification:_identify(.) by extension 'ignore_ament_install'
[0.338s] Level 1:colcon.colcon_core.package_identification:_identify(.) by extensions ['colcon_pkg']
[0.338s] Level 1:colcon.colcon_core.package_identification:_identify(.) by extension 'colcon_pkg'
[0.338s] Level 1:colcon.colcon_core.package_identification:_identify(.) by extensions ['colcon_meta']
[0.338s] Level 1:colcon.colcon_core.package_identification:_identify(.) by extension 'colcon_meta'
[0.338s] Level 1:colcon.colcon_core.package_identification:_identify(.) by extensions ['ros']
[0.338s] Level 1:colcon.colcon_core.package_identification:_identify(.) by extension 'ros'
[0.354s] Level 1:colcon.colcon_core.package_identification:_identify(.) by extensions ['cmake', 'python']
[0.354s] Level 1:colcon.colcon_core.package_identification:_identify(.) by extension 'cmake'
[0.354s] Level 1:colcon.colcon_core.package_identification:_identify(.) by extension 'python'
[0.354s] Level 1:colcon.colcon_core.package_identification:_identify(.) by extensions ['python_setup_py']
[0.354s] Level 1:colcon.colcon_core.package_identification:_identify(.) by extension 'python_setup_py'
[0.354s] Level 1:colcon.colcon_core.package_identification:_identify(build) by extensions ['ignore', 'ignore_ament_install']
[0.355s] Level 1:colcon.colcon_core.package_identification:_identify(build) by extension 'ignore'
[0.355s] Level 1:colcon.colcon_core.package_identification:_identify(build) ignored
[0.355s] Level 1:colcon.colcon_core.package_identification:_identify(install) by extensions ['ignore', 'ignore_ament_install']
[0.355s] Level 1:colcon.colcon_core.package_identification:_identify(install) by extension 'ignore'
[0.355s] Level 1:colcon.colcon_core.package_identification:_identify(install) ignored
[0.355s] Level 1:colcon.colcon_core.package_identification:_identify(log) by extensions ['ignore', 'ignore_ament_install']
[0.355s] Level 1:colcon.colcon_core.package_identification:_identify(log) by extension 'ignore'
[0.355s] Level 1:colcon.colcon_core.package_identification:_identify(log) ignored
[0.355s] Level 1:colcon.colcon_core.package_identification:_identify(src) by extensions ['ignore', 'ignore_ament_install']
[0.355s] Level 1:colcon.colcon_core.package_identification:_identify(src) by extension 'ignore'
[0.355s] Level 1:colcon.colcon_core.package_identification:_identify(src) by extension 'ignore_ament_install'
[0.355s] Level 1:colcon.colcon_core.package_identification:_identify(src) by extensions ['colcon_pkg']
[0.356s] Level 1:colcon.colcon_core.package_identification:_identify(src) by extension 'colcon_pkg'
[0.356s] Level 1:colcon.colcon_core.package_identification:_identify(src) by extensions ['colcon_meta']
[0.356s] Level 1:colcon.colcon_core.package_identification:_identify(src) by extension 'colcon_meta'
[0.356s] Level 1:colcon.colcon_core.package_identification:_identify(src) by extensions ['ros']
[0.356s] Level 1:colcon.colcon_core.package_identification:_identify(src) by extension 'ros'
[0.356s] Level 1:colcon.colcon_core.package_identification:_identify(src) by extensions ['cmake', 'python']
[0.356s] Level 1:colcon.colcon_core.package_identification:_identify(src) by extension 'cmake'
[0.356s] Level 1:colcon.colcon_core.package_identification:_identify(src) by extension 'python'
[0.356s] Level 1:colcon.colcon_core.package_identification:_identify(src) by extensions ['python_setup_py']
[0.356s] Level 1:colcon.colcon_core.package_identification:_identify(src) by extension 'python_setup_py'
[0.356s] Level 1:colcon.colcon_core.package_identification:_identify(src/build) by extensions ['ignore', 'ignore_ament_install']
[0.356s] Level 1:colcon.colcon_core.package_identification:_identify(src/build) by extension 'ignore'
[0.356s] Level 1:colcon.colcon_core.package_identification:_identify(src/build) ignored
[0.356s] Level 1:colcon.colcon_core.package_identification:_identify(src/driver) by extensions ['ignore', 'ignore_ament_install']
[0.356s] Level 1:colcon.colcon_core.package_identification:_identify(src/driver) by extension 'ignore'
[0.356s] Level 1:colcon.colcon_core.package_identification:_identify(src/driver) by extension 'ignore_ament_install'
[0.356s] Level 1:colcon.colcon_core.package_identification:_identify(src/driver) by extensions ['colcon_pkg']
[0.356s] Level 1:colcon.colcon_core.package_identification:_identify(src/driver) by extension 'colcon_pkg'
[0.356s] Level 1:colcon.colcon_core.package_identification:_identify(src/driver) by extensions ['colcon_meta']
[0.356s] Level 1:colcon.colcon_core.package_identification:_identify(src/driver) by extension 'colcon_meta'
[0.357s] Level 1:colcon.colcon_core.package_identification:_identify(src/driver) by extensions ['ros']
[0.357s] Level 1:colcon.colcon_core.package_identification:_identify(src/driver) by extension 'ros'
[0.360s] DEBUG:colcon.colcon_core.package_identification:Package 'src/driver' with type 'ros.ament_python' and name 'driver'
[0.360s] Level 1:colcon.colcon_core.package_identification:_identify(src/install) by extensions ['ignore', 'ignore_ament_install']
[0.360s] Level 1:colcon.colcon_core.package_identification:_identify(src/install) by extension 'ignore'
[0.360s] Level 1:colcon.colcon_core.package_identification:_identify(src/install) ignored
[0.360s] Level 1:colcon.colcon_core.package_identification:_identify(src/log) by extensions ['ignore', 'ignore_ament_install']
[0.360s] Level 1:colcon.colcon_core.package_identification:_identify(src/log) by extension 'ignore'
[0.360s] Level 1:colcon.colcon_core.package_identification:_identify(src/log) ignored
[0.360s] Level 1:colcon.colcon_core.package_identification:_identify(src/msgs_srvs) by extensions ['ignore', 'ignore_ament_install']
[0.361s] Level 1:colcon.colcon_core.package_identification:_identify(src/msgs_srvs) by extension 'ignore'
[0.361s] Level 1:colcon.colcon_core.package_identification:_identify(src/msgs_srvs) by extension 'ignore_ament_install'
[0.361s] Level 1:colcon.colcon_core.package_identification:_identify(src/msgs_srvs) by extensions ['colcon_pkg']
[0.361s] Level 1:colcon.colcon_core.package_identification:_identify(src/msgs_srvs) by extension 'colcon_pkg'
[0.361s] Level 1:colcon.colcon_core.package_identification:_identify(src/msgs_srvs) by extensions ['colcon_meta']
[0.361s] Level 1:colcon.colcon_core.package_identification:_identify(src/msgs_srvs) by extension 'colcon_meta'
[0.361s] Level 1:colcon.colcon_core.package_identification:_identify(src/msgs_srvs) by extensions ['ros']
[0.361s] Level 1:colcon.colcon_core.package_identification:_identify(src/msgs_srvs) by extension 'ros'
[0.362s] DEBUG:colcon.colcon_core.package_identification:Package 'src/msgs_srvs' with type 'ros.ament_cmake' and name 'msgs_srvs'
[0.362s] Level 1:colcon.colcon_core.package_identification:_identify(src/p2117_ros) by extensions ['ignore', 'ignore_ament_install']
[0.362s] Level 1:colcon.colcon_core.package_identification:_identify(src/p2117_ros) by extension 'ignore'
[0.362s] Level 1:colcon.colcon_core.package_identification:_identify(src/p2117_ros) by extension 'ignore_ament_install'
[0.362s] Level 1:colcon.colcon_core.package_identification:_identify(src/p2117_ros) by extensions ['colcon_pkg']
[0.362s] Level 1:colcon.colcon_core.package_identification:_identify(src/p2117_ros) by extension 'colcon_pkg'
[0.362s] Level 1:colcon.colcon_core.package_identification:_identify(src/p2117_ros) by extensions ['colcon_meta']
[0.362s] Level 1:colcon.colcon_core.package_identification:_identify(src/p2117_ros) by extension 'colcon_meta'
[0.362s] Level 1:colcon.colcon_core.package_identification:_identify(src/p2117_ros) by extensions ['ros']
[0.362s] Level 1:colcon.colcon_core.package_identification:_identify(src/p2117_ros) by extension 'ros'
[0.362s] Level 1:colcon.colcon_core.package_identification:_identify(src/p2117_ros) by extensions ['cmake', 'python']
[0.362s] Level 1:colcon.colcon_core.package_identification:_identify(src/p2117_ros) by extension 'cmake'
[0.362s] Level 1:colcon.colcon_core.package_identification:_identify(src/p2117_ros) by extension 'python'
[0.362s] Level 1:colcon.colcon_core.package_identification:_identify(src/p2117_ros) by extensions ['python_setup_py']
[0.362s] Level 1:colcon.colcon_core.package_identification:_identify(src/p2117_ros) by extension 'python_setup_py'
[0.363s] Level 1:colcon.colcon_core.package_identification:_identify(src/p2117_ros/oradar_ros) by extensions ['ignore', 'ignore_ament_install']
[0.363s] Level 1:colcon.colcon_core.package_identification:_identify(src/p2117_ros/oradar_ros) by extension 'ignore'
[0.363s] Level 1:colcon.colcon_core.package_identification:_identify(src/p2117_ros/oradar_ros) by extension 'ignore_ament_install'
[0.363s] Level 1:colcon.colcon_core.package_identification:_identify(src/p2117_ros/oradar_ros) by extensions ['colcon_pkg']
[0.363s] Level 1:colcon.colcon_core.package_identification:_identify(src/p2117_ros/oradar_ros) by extension 'colcon_pkg'
[0.363s] Level 1:colcon.colcon_core.package_identification:_identify(src/p2117_ros/oradar_ros) by extensions ['colcon_meta']
[0.363s] Level 1:colcon.colcon_core.package_identification:_identify(src/p2117_ros/oradar_ros) by extension 'colcon_meta'
[0.363s] Level 1:colcon.colcon_core.package_identification:_identify(src/p2117_ros/oradar_ros) by extensions ['ros']
[0.363s] Level 1:colcon.colcon_core.package_identification:_identify(src/p2117_ros/oradar_ros) by extension 'ros'
[0.364s] DEBUG:colcon.colcon_core.package_identification:Package 'src/p2117_ros/oradar_ros' with type 'ros.ament_cmake' and name 'oradar_lidar'
[0.364s] Level 1:colcon.colcon_core.package_identification:_identify(src/peripherals) by extensions ['ignore', 'ignore_ament_install']
[0.364s] Level 1:colcon.colcon_core.package_identification:_identify(src/peripherals) by extension 'ignore'
[0.364s] Level 1:colcon.colcon_core.package_identification:_identify(src/peripherals) by extension 'ignore_ament_install'
[0.364s] Level 1:colcon.colcon_core.package_identification:_identify(src/peripherals) by extensions ['colcon_pkg']
[0.364s] Level 1:colcon.colcon_core.package_identification:_identify(src/peripherals) by extension 'colcon_pkg'
[0.364s] Level 1:colcon.colcon_core.package_identification:_identify(src/peripherals) by extensions ['colcon_meta']
[0.364s] Level 1:colcon.colcon_core.package_identification:_identify(src/peripherals) by extension 'colcon_meta'
[0.364s] Level 1:colcon.colcon_core.package_identification:_identify(src/peripherals) by extensions ['ros']
[0.364s] Level 1:colcon.colcon_core.package_identification:_identify(src/peripherals) by extension 'ros'
[0.365s] DEBUG:colcon.colcon_core.package_identification:Package 'src/peripherals' with type 'ros.ament_python' and name 'peripherals'
[0.365s] Level 1:colcon.colcon_core.package_discovery:discover_packages(recursive) using defaults
[0.365s] Level 1:colcon.colcon_core.package_discovery:discover_packages(ignore) discover
[0.365s] Level 1:colcon.colcon_core.package_discovery:discover_packages(ignore) using defaults
[0.365s] Level 1:colcon.colcon_core.package_discovery:discover_packages(path) discover
[0.365s] Level 1:colcon.colcon_core.package_discovery:discover_packages(path) using defaults
[0.391s] Level 1:colcon.colcon_core.package_discovery:discover_packages(prefix_path) check parameters
[0.391s] Level 1:colcon.colcon_core.package_discovery:discover_packages(prefix_path) discover
[0.394s] DEBUG:colcon.colcon_installed_package_information.package_discovery:Found 271 installed packages in /opt/ros/humble
[0.420s] Level 1:colcon.colcon_core.package_discovery:discover_packages(prefix_path) using defaults
[0.470s] Level 5:colcon.colcon_core.verb:set package 'driver' build argument 'cmake_args' from command line to 'None'
[0.471s] Level 5:colcon.colcon_core.verb:set package 'driver' build argument 'cmake_target' from command line to 'None'
[0.471s] Level 5:colcon.colcon_core.verb:set package 'driver' build argument 'cmake_target_skip_unavailable' from command line to 'False'
[0.471s] Level 5:colcon.colcon_core.verb:set package 'driver' build argument 'cmake_clean_cache' from command line to 'False'
[0.471s] Level 5:colcon.colcon_core.verb:set package 'driver' build argument 'cmake_clean_first' from command line to 'False'
[0.471s] Level 5:colcon.colcon_core.verb:set package 'driver' build argument 'cmake_force_configure' from command line to 'False'
[0.471s] Level 5:colcon.colcon_core.verb:set package 'driver' build argument 'ament_cmake_args' from command line to 'None'
[0.471s] Level 5:colcon.colcon_core.verb:set package 'driver' build argument 'catkin_cmake_args' from command line to 'None'
[0.471s] Level 5:colcon.colcon_core.verb:set package 'driver' build argument 'catkin_skip_building_tests' from command line to 'False'
[0.471s] DEBUG:colcon.colcon_core.verb:Building package 'driver' with the following arguments: {'ament_cmake_args': None, 'build_base': '/ros2_ws/build/driver', 'catkin_cmake_args': None, 'catkin_skip_building_tests': False, 'cmake_args': None, 'cmake_clean_cache': False, 'cmake_clean_first': False, 'cmake_force_configure': False, 'cmake_target': None, 'cmake_target_skip_unavailable': False, 'install_base': '/ros2_ws/install/driver', 'merge_install': False, 'path': '/ros2_ws/src/driver', 'symlink_install': True, 'test_result_base': None}
[0.471s] Level 5:colcon.colcon_core.verb:set package 'msgs_srvs' build argument 'cmake_args' from command line to 'None'
[0.471s] Level 5:colcon.colcon_core.verb:set package 'msgs_srvs' build argument 'cmake_target' from command line to 'None'
[0.471s] Level 5:colcon.colcon_core.verb:set package 'msgs_srvs' build argument 'cmake_target_skip_unavailable' from command line to 'False'
[0.471s] Level 5:colcon.colcon_core.verb:set package 'msgs_srvs' build argument 'cmake_clean_cache' from command line to 'False'
[0.471s] Level 5:colcon.colcon_core.verb:set package 'msgs_srvs' build argument 'cmake_clean_first' from command line to 'False'
[0.472s] Level 5:colcon.colcon_core.verb:set package 'msgs_srvs' build argument 'cmake_force_configure' from command line to 'False'
[0.472s] Level 5:colcon.colcon_core.verb:set package 'msgs_srvs' build argument 'ament_cmake_args' from command line to 'None'
[0.472s] Level 5:colcon.colcon_core.verb:set package 'msgs_srvs' build argument 'catkin_cmake_args' from command line to 'None'
[0.472s] Level 5:colcon.colcon_core.verb:set package 'msgs_srvs' build argument 'catkin_skip_building_tests' from command line to 'False'
[0.472s] DEBUG:colcon.colcon_core.verb:Building package 'msgs_srvs' with the following arguments: {'ament_cmake_args': None, 'build_base': '/ros2_ws/build/msgs_srvs', 'catkin_cmake_args': None, 'catkin_skip_building_tests': False, 'cmake_args': None, 'cmake_clean_cache': False, 'cmake_clean_first': False, 'cmake_force_configure': False, 'cmake_target': None, 'cmake_target_skip_unavailable': False, 'install_base': '/ros2_ws/install/msgs_srvs', 'merge_install': False, 'path': '/ros2_ws/src/msgs_srvs', 'symlink_install': True, 'test_result_base': None}
[0.472s] Level 5:colcon.colcon_core.verb:set package 'oradar_lidar' build argument 'cmake_args' from command line to 'None'
[0.472s] Level 5:colcon.colcon_core.verb:set package 'oradar_lidar' build argument 'cmake_target' from command line to 'None'
[0.472s] Level 5:colcon.colcon_core.verb:set package 'oradar_lidar' build argument 'cmake_target_skip_unavailable' from command line to 'False'
[0.472s] Level 5:colcon.colcon_core.verb:set package 'oradar_lidar' build argument 'cmake_clean_cache' from command line to 'False'
[0.472s] Level 5:colcon.colcon_core.verb:set package 'oradar_lidar' build argument 'cmake_clean_first' from command line to 'False'
[0.472s] Level 5:colcon.colcon_core.verb:set package 'oradar_lidar' build argument 'cmake_force_configure' from command line to 'False'
[0.472s] Level 5:colcon.colcon_core.verb:set package 'oradar_lidar' build argument 'ament_cmake_args' from command line to 'None'
[0.472s] Level 5:colcon.colcon_core.verb:set package 'oradar_lidar' build argument 'catkin_cmake_args' from command line to 'None'
[0.472s] Level 5:colcon.colcon_core.verb:set package 'oradar_lidar' build argument 'catkin_skip_building_tests' from command line to 'False'
[0.472s] DEBUG:colcon.colcon_core.verb:Building package 'oradar_lidar' with the following arguments: {'ament_cmake_args': None, 'build_base': '/ros2_ws/build/oradar_lidar', 'catkin_cmake_args': None, 'catkin_skip_building_tests': False, 'cmake_args': None, 'cmake_clean_cache': False, 'cmake_clean_first': False, 'cmake_force_configure': False, 'cmake_target': None, 'cmake_target_skip_unavailable': False, 'install_base': '/ros2_ws/install/oradar_lidar', 'merge_install': False, 'path': '/ros2_ws/src/p2117_ros/oradar_ros', 'symlink_install': True, 'test_result_base': None}
[0.473s] Level 5:colcon.colcon_core.verb:set package 'peripherals' build argument 'cmake_args' from command line to 'None'
[0.473s] Level 5:colcon.colcon_core.verb:set package 'peripherals' build argument 'cmake_target' from command line to 'None'
[0.473s] Level 5:colcon.colcon_core.verb:set package 'peripherals' build argument 'cmake_target_skip_unavailable' from command line to 'False'
[0.473s] Level 5:colcon.colcon_core.verb:set package 'peripherals' build argument 'cmake_clean_cache' from command line to 'False'
[0.473s] Level 5:colcon.colcon_core.verb:set package 'peripherals' build argument 'cmake_clean_first' from command line to 'False'
[0.473s] Level 5:colcon.colcon_core.verb:set package 'peripherals' build argument 'cmake_force_configure' from command line to 'False'
[0.473s] Level 5:colcon.colcon_core.verb:set package 'peripherals' build argument 'ament_cmake_args' from command line to 'None'
[0.473s] Level 5:colcon.colcon_core.verb:set package 'peripherals' build argument 'catkin_cmake_args' from command line to 'None'
[0.473s] Level 5:colcon.colcon_core.verb:set package 'peripherals' build argument 'catkin_skip_building_tests' from command line to 'False'
[0.473s] DEBUG:colcon.colcon_core.verb:Building package 'peripherals' with the following arguments: {'ament_cmake_args': None, 'build_base': '/ros2_ws/build/peripherals', 'catkin_cmake_args': None, 'catkin_skip_building_tests': False, 'cmake_args': None, 'cmake_clean_cache': False, 'cmake_clean_first': False, 'cmake_force_configure': False, 'cmake_target': None, 'cmake_target_skip_unavailable': False, 'install_base': '/ros2_ws/install/peripherals', 'merge_install': False, 'path': '/ros2_ws/src/peripherals', 'symlink_install': True, 'test_result_base': None}
[0.473s] INFO:colcon.colcon_core.executor:Executing jobs using 'parallel' executor
[0.475s] DEBUG:colcon.colcon_parallel_executor.executor.parallel:run_until_complete
[0.475s] INFO:colcon.colcon_ros.task.ament_python.build:Building ROS package in '/ros2_ws/src/driver' with build type 'ament_python'
[0.475s] Level 1:colcon.colcon_core.shell:create_environment_hook('driver', 'ament_prefix_path')
[0.478s] INFO:colcon.colcon_core.plugin_system:Skipping extension 'colcon_core.shell.bat': Not used on non-Windows systems
[0.478s] INFO:colcon.colcon_core.shell:Creating environment hook '/ros2_ws/install/driver/share/driver/hook/ament_prefix_path.ps1'
[0.479s] INFO:colcon.colcon_core.shell:Creating environment descriptor '/ros2_ws/install/driver/share/driver/hook/ament_prefix_path.dsv'
[0.485s] INFO:colcon.colcon_core.shell:Creating environment hook '/ros2_ws/install/driver/share/driver/hook/ament_prefix_path.sh'
[0.486s] INFO:colcon.colcon_core.shell:Skip shell extension 'powershell' for command environment: Not usable outside of PowerShell
[0.486s] DEBUG:colcon.colcon_core.shell:Skip shell extension 'dsv' for command environment
[0.491s] INFO:colcon.colcon_ros.task.ament_cmake.build:Building ROS package in '/ros2_ws/src/msgs_srvs' with build type 'ament_cmake'
[0.491s] INFO:colcon.colcon_cmake.task.cmake.build:Building CMake package in '/ros2_ws/src/msgs_srvs'
[0.491s] INFO:colcon.colcon_core.shell:Skip shell extension 'powershell' for command environment: Not usable outside of PowerShell
[0.492s] DEBUG:colcon.colcon_core.shell:Skip shell extension 'dsv' for command environment
[0.496s] INFO:colcon.colcon_ros.task.ament_cmake.build:Building ROS package in '/ros2_ws/src/p2117_ros/oradar_ros' with build type 'ament_cmake'
[0.496s] INFO:colcon.colcon_cmake.task.cmake.build:Building CMake package in '/ros2_ws/src/p2117_ros/oradar_ros'
[0.497s] INFO:colcon.colcon_core.shell:Skip shell extension 'powershell' for command environment: Not usable outside of PowerShell
[0.497s] DEBUG:colcon.colcon_core.shell:Skip shell extension 'dsv' for command environment
[0.501s] INFO:colcon.colcon_ros.task.ament_python.build:Building ROS package in '/ros2_ws/src/peripherals' with build type 'ament_python'
[0.501s] Level 1:colcon.colcon_core.shell:create_environment_hook('peripherals', 'ament_prefix_path')
[0.501s] INFO:colcon.colcon_core.shell:Creating environment hook '/ros2_ws/install/peripherals/share/peripherals/hook/ament_prefix_path.ps1'
[0.503s] INFO:colcon.colcon_core.shell:Creating environment descriptor '/ros2_ws/install/peripherals/share/peripherals/hook/ament_prefix_path.dsv'
[0.504s] INFO:colcon.colcon_core.shell:Creating environment hook '/ros2_ws/install/peripherals/share/peripherals/hook/ament_prefix_path.sh'
[0.507s] INFO:colcon.colcon_core.shell:Skip shell extension 'powershell' for command environment: Not usable outside of PowerShell
[0.507s] DEBUG:colcon.colcon_core.shell:Skip shell extension 'dsv' for command environment
[0.946s] INFO:colcon.colcon_core.task.python.build:Building Python package in '/ros2_ws/src/driver'
[0.947s] INFO:colcon.colcon_core.shell:Skip shell extension 'powershell' for command environment: Not usable outside of PowerShell
[0.947s] DEBUG:colcon.colcon_core.shell:Skip shell extension 'dsv' for command environment
[0.963s] DEBUG:colcon.colcon_core.event_handler.log_command:Invoking command in '/ros2_ws/build/msgs_srvs': CMAKE_PREFIX_PATH=/opt/ros/humble /usr/bin/cmake --build /ros2_ws/build/msgs_srvs -- -j4 -l4
[0.972s] DEBUG:colcon.colcon_core.event_handler.log_command:Invoking command in '/ros2_ws/build/oradar_lidar': CMAKE_PREFIX_PATH=/opt/ros/humble /usr/bin/cmake --build /ros2_ws/build/oradar_lidar -- -j4 -l4
[1.642s] INFO:colcon.colcon_core.task.python.build:Building Python package in '/ros2_ws/src/peripherals'
[1.642s] INFO:colcon.colcon_core.shell:Skip shell extension 'powershell' for command environment: Not usable outside of PowerShell
[1.642s] DEBUG:colcon.colcon_core.shell:Skip shell extension 'dsv' for command environment
[1.656s] DEBUG:colcon.colcon_core.event_handler.log_command:Invoked command in '/ros2_ws/build/oradar_lidar' returned '0': CMAKE_PREFIX_PATH=/opt/ros/humble /usr/bin/cmake --build /ros2_ws/build/oradar_lidar -- -j4 -l4
[1.675s] DEBUG:colcon.colcon_core.event_handler.log_command:Invoking command in '/ros2_ws/build/oradar_lidar': CMAKE_PREFIX_PATH=/opt/ros/humble /usr/bin/cmake --install /ros2_ws/build/oradar_lidar
[1.751s] Level 1:colcon.colcon_core.environment:create_environment_scripts_only(oradar_lidar)
[1.755s] DEBUG:colcon.colcon_core.event_handler.log_command:Invoked command in '/ros2_ws/build/oradar_lidar' returned '0': CMAKE_PREFIX_PATH=/opt/ros/humble /usr/bin/cmake --install /ros2_ws/build/oradar_lidar
[1.759s] Level 1:colcon.colcon_core.environment:checking '/ros2_ws/install/oradar_lidar' for CMake module files
[1.760s] Level 1:colcon.colcon_core.environment:checking '/ros2_ws/install/oradar_lidar' for CMake config files
[1.761s] Level 1:colcon.colcon_core.shell:create_environment_hook('oradar_lidar', 'cmake_prefix_path')
[1.762s] INFO:colcon.colcon_core.shell:Creating environment hook '/ros2_ws/install/oradar_lidar/share/oradar_lidar/hook/cmake_prefix_path.ps1'
[1.763s] INFO:colcon.colcon_core.shell:Creating environment descriptor '/ros2_ws/install/oradar_lidar/share/oradar_lidar/hook/cmake_prefix_path.dsv'
[1.764s] INFO:colcon.colcon_core.shell:Creating environment hook '/ros2_ws/install/oradar_lidar/share/oradar_lidar/hook/cmake_prefix_path.sh'
[1.765s] Level 1:colcon.colcon_core.environment:checking '/ros2_ws/install/oradar_lidar/lib'
[1.766s] Level 1:colcon.colcon_core.environment:checking '/ros2_ws/install/oradar_lidar/bin'
[1.766s] Level 1:colcon.colcon_core.shell:create_environment_hook('oradar_lidar', 'path')
[1.767s] INFO:colcon.colcon_core.shell:Creating environment hook '/ros2_ws/install/oradar_lidar/share/oradar_lidar/hook/path.ps1'
[1.768s] INFO:colcon.colcon_core.shell:Creating environment descriptor '/ros2_ws/install/oradar_lidar/share/oradar_lidar/hook/path.dsv'
[1.769s] INFO:colcon.colcon_core.shell:Creating environment hook '/ros2_ws/install/oradar_lidar/share/oradar_lidar/hook/path.sh'
[1.770s] Level 1:colcon.colcon_core.environment:checking '/ros2_ws/install/oradar_lidar/lib/pkgconfig/oradar_lidar.pc'
[1.771s] Level 1:colcon.colcon_core.environment:checking '/ros2_ws/install/oradar_lidar/lib/python3.10/site-packages'
[1.771s] Level 1:colcon.colcon_core.environment:checking '/ros2_ws/install/oradar_lidar/bin'
[1.771s] Level 1:colcon.colcon_core.shell:create_environment_hook('oradar_lidar', 'pythonscriptspath')
[1.772s] INFO:colcon.colcon_core.shell:Creating environment hook '/ros2_ws/install/oradar_lidar/share/oradar_lidar/hook/pythonscriptspath.ps1'
[1.773s] INFO:colcon.colcon_core.shell:Creating environment descriptor '/ros2_ws/install/oradar_lidar/share/oradar_lidar/hook/pythonscriptspath.dsv'
[1.775s] INFO:colcon.colcon_core.shell:Creating environment hook '/ros2_ws/install/oradar_lidar/share/oradar_lidar/hook/pythonscriptspath.sh'
[1.779s] INFO:colcon.colcon_core.shell:Creating package script '/ros2_ws/install/oradar_lidar/share/oradar_lidar/package.ps1'
[1.781s] INFO:colcon.colcon_core.shell:Creating package descriptor '/ros2_ws/install/oradar_lidar/share/oradar_lidar/package.dsv'
[1.783s] INFO:colcon.colcon_core.shell:Creating package script '/ros2_ws/install/oradar_lidar/share/oradar_lidar/package.sh'
[1.786s] INFO:colcon.colcon_core.shell:Creating package script '/ros2_ws/install/oradar_lidar/share/oradar_lidar/package.bash'
[1.789s] INFO:colcon.colcon_core.shell:Creating package script '/ros2_ws/install/oradar_lidar/share/oradar_lidar/package.zsh'
[1.792s] Level 1:colcon.colcon_core.environment:create_file_with_runtime_dependencies(/ros2_ws/install/oradar_lidar/share/colcon-core/packages/oradar_lidar)
[1.794s] Level 1:colcon.colcon_core.environment:create_environment_scripts_only(oradar_lidar)
[1.795s] Level 1:colcon.colcon_core.environment:checking '/ros2_ws/install/oradar_lidar' for CMake module files
[1.796s] Level 1:colcon.colcon_core.environment:checking '/ros2_ws/install/oradar_lidar' for CMake config files
[1.797s] Level 1:colcon.colcon_core.shell:create_environment_hook('oradar_lidar', 'cmake_prefix_path')
[1.798s] INFO:colcon.colcon_core.shell:Creating environment hook '/ros2_ws/install/oradar_lidar/share/oradar_lidar/hook/cmake_prefix_path.ps1'
[1.799s] INFO:colcon.colcon_core.shell:Creating environment descriptor '/ros2_ws/install/oradar_lidar/share/oradar_lidar/hook/cmake_prefix_path.dsv'
[1.800s] INFO:colcon.colcon_core.shell:Creating environment hook '/ros2_ws/install/oradar_lidar/share/oradar_lidar/hook/cmake_prefix_path.sh'
[1.802s] Level 1:colcon.colcon_core.environment:checking '/ros2_ws/install/oradar_lidar/lib'
[1.802s] Level 1:colcon.colcon_core.environment:checking '/ros2_ws/install/oradar_lidar/bin'
[1.802s] Level 1:colcon.colcon_core.shell:create_environment_hook('oradar_lidar', 'path')
[1.803s] INFO:colcon.colcon_core.shell:Creating environment hook '/ros2_ws/install/oradar_lidar/share/oradar_lidar/hook/path.ps1'
[1.804s] INFO:colcon.colcon_core.shell:Creating environment descriptor '/ros2_ws/install/oradar_lidar/share/oradar_lidar/hook/path.dsv'
[1.806s] INFO:colcon.colcon_core.shell:Creating environment hook '/ros2_ws/install/oradar_lidar/share/oradar_lidar/hook/path.sh'
[1.811s] Level 1:colcon.colcon_core.environment:checking '/ros2_ws/install/oradar_lidar/lib/pkgconfig/oradar_lidar.pc'
[1.811s] Level 1:colcon.colcon_core.environment:checking '/ros2_ws/install/oradar_lidar/lib/python3.10/site-packages'
[1.812s] Level 1:colcon.colcon_core.environment:checking '/ros2_ws/install/oradar_lidar/bin'
[1.812s] Level 1:colcon.colcon_core.shell:create_environment_hook('oradar_lidar', 'pythonscriptspath')
[1.813s] INFO:colcon.colcon_core.shell:Creating environment hook '/ros2_ws/install/oradar_lidar/share/oradar_lidar/hook/pythonscriptspath.ps1'
[1.818s] INFO:colcon.colcon_core.shell:Creating environment descriptor '/ros2_ws/install/oradar_lidar/share/oradar_lidar/hook/pythonscriptspath.dsv'
[1.819s] INFO:colcon.colcon_core.shell:Creating environment hook '/ros2_ws/install/oradar_lidar/share/oradar_lidar/hook/pythonscriptspath.sh'
[1.824s] INFO:colcon.colcon_core.shell:Creating package script '/ros2_ws/install/oradar_lidar/share/oradar_lidar/package.ps1'
[1.826s] INFO:colcon.colcon_core.shell:Creating package descriptor '/ros2_ws/install/oradar_lidar/share/oradar_lidar/package.dsv'
[1.830s] INFO:colcon.colcon_core.shell:Creating package script '/ros2_ws/install/oradar_lidar/share/oradar_lidar/package.sh'
[1.834s] INFO:colcon.colcon_core.shell:Creating package script '/ros2_ws/install/oradar_lidar/share/oradar_lidar/package.bash'
[1.836s] INFO:colcon.colcon_core.shell:Creating package script '/ros2_ws/install/oradar_lidar/share/oradar_lidar/package.zsh'
[1.841s] Level 1:colcon.colcon_core.environment:create_file_with_runtime_dependencies(/ros2_ws/install/oradar_lidar/share/colcon-core/packages/oradar_lidar)
[1.966s] DEBUG:colcon.colcon_core.event_handler.log_command:Invoked command in '/ros2_ws/build/msgs_srvs' returned '0': CMAKE_PREFIX_PATH=/opt/ros/humble /usr/bin/cmake --build /ros2_ws/build/msgs_srvs -- -j4 -l4
[1.968s] DEBUG:colcon.colcon_core.event_handler.log_command:Invoking command in '/ros2_ws/build/msgs_srvs': CMAKE_PREFIX_PATH=/opt/ros/humble /usr/bin/cmake --install /ros2_ws/build/msgs_srvs
[2.147s] Level 1:colcon.colcon_core.environment:create_environment_scripts_only(msgs_srvs)
[2.148s] Level 1:colcon.colcon_core.environment:checking '/ros2_ws/install/msgs_srvs' for CMake module files
[2.149s] DEBUG:colcon.colcon_core.event_handler.log_command:Invoked command in '/ros2_ws/build/msgs_srvs' returned '0': CMAKE_PREFIX_PATH=/opt/ros/humble /usr/bin/cmake --install /ros2_ws/build/msgs_srvs
[2.149s] Level 1:colcon.colcon_core.environment:checking '/ros2_ws/install/msgs_srvs' for CMake config files
[2.151s] Level 1:colcon.colcon_core.shell:create_environment_hook('msgs_srvs', 'cmake_prefix_path')
[2.151s] INFO:colcon.colcon_core.shell:Creating environment hook '/ros2_ws/install/msgs_srvs/share/msgs_srvs/hook/cmake_prefix_path.ps1'
[2.152s] INFO:colcon.colcon_core.shell:Creating environment descriptor '/ros2_ws/install/msgs_srvs/share/msgs_srvs/hook/cmake_prefix_path.dsv'
[2.153s] INFO:colcon.colcon_core.shell:Creating environment hook '/ros2_ws/install/msgs_srvs/share/msgs_srvs/hook/cmake_prefix_path.sh'
[2.155s] Level 1:colcon.colcon_core.environment:checking '/ros2_ws/install/msgs_srvs/lib'
[2.155s] Level 1:colcon.colcon_core.shell:create_environment_hook('msgs_srvs', 'ld_library_path_lib')
[2.156s] INFO:colcon.colcon_core.shell:Creating environment hook '/ros2_ws/install/msgs_srvs/share/msgs_srvs/hook/ld_library_path_lib.ps1'
[2.157s] INFO:colcon.colcon_core.shell:Creating environment descriptor '/ros2_ws/install/msgs_srvs/share/msgs_srvs/hook/ld_library_path_lib.dsv'
[2.158s] INFO:colcon.colcon_core.shell:Creating environment hook '/ros2_ws/install/msgs_srvs/share/msgs_srvs/hook/ld_library_path_lib.sh'
[2.158s] Level 1:colcon.colcon_core.environment:checking '/ros2_ws/install/msgs_srvs/bin'
[2.159s] Level 1:colcon.colcon_core.environment:checking '/ros2_ws/install/msgs_srvs/lib/pkgconfig/msgs_srvs.pc'
[2.159s] Level 1:colcon.colcon_core.environment:checking '/ros2_ws/install/msgs_srvs/lib/python3.10/site-packages'
[2.159s] Level 1:colcon.colcon_core.environment:checking '/ros2_ws/install/msgs_srvs/bin'
[2.160s] INFO:colcon.colcon_core.shell:Creating package script '/ros2_ws/install/msgs_srvs/share/msgs_srvs/package.ps1'
[2.161s] INFO:colcon.colcon_core.shell:Creating package descriptor '/ros2_ws/install/msgs_srvs/share/msgs_srvs/package.dsv'
[2.161s] INFO:colcon.colcon_core.shell:Creating package script '/ros2_ws/install/msgs_srvs/share/msgs_srvs/package.sh'
[2.162s] INFO:colcon.colcon_core.shell:Creating package script '/ros2_ws/install/msgs_srvs/share/msgs_srvs/package.bash'
[2.163s] INFO:colcon.colcon_core.shell:Creating package script '/ros2_ws/install/msgs_srvs/share/msgs_srvs/package.zsh'
[2.165s] Level 1:colcon.colcon_core.environment:create_file_with_runtime_dependencies(/ros2_ws/install/msgs_srvs/share/colcon-core/packages/msgs_srvs)
[2.166s] Level 1:colcon.colcon_core.environment:create_environment_scripts_only(msgs_srvs)
[2.167s] Level 1:colcon.colcon_core.environment:checking '/ros2_ws/install/msgs_srvs' for CMake module files
[2.168s] Level 1:colcon.colcon_core.environment:checking '/ros2_ws/install/msgs_srvs' for CMake config files
[2.170s] Level 1:colcon.colcon_core.shell:create_environment_hook('msgs_srvs', 'cmake_prefix_path')
[2.170s] INFO:colcon.colcon_core.shell:Creating environment hook '/ros2_ws/install/msgs_srvs/share/msgs_srvs/hook/cmake_prefix_path.ps1'
[2.171s] INFO:colcon.colcon_core.shell:Creating environment descriptor '/ros2_ws/install/msgs_srvs/share/msgs_srvs/hook/cmake_prefix_path.dsv'
[2.174s] INFO:colcon.colcon_core.shell:Creating environment hook '/ros2_ws/install/msgs_srvs/share/msgs_srvs/hook/cmake_prefix_path.sh'
[2.176s] Level 1:colcon.colcon_core.environment:checking '/ros2_ws/install/msgs_srvs/lib'
[2.176s] Level 1:colcon.colcon_core.shell:create_environment_hook('msgs_srvs', 'ld_library_path_lib')
[2.176s] INFO:colcon.colcon_core.shell:Creating environment hook '/ros2_ws/install/msgs_srvs/share/msgs_srvs/hook/ld_library_path_lib.ps1'
[2.177s] INFO:colcon.colcon_core.shell:Creating environment descriptor '/ros2_ws/install/msgs_srvs/share/msgs_srvs/hook/ld_library_path_lib.dsv'
[2.178s] INFO:colcon.colcon_core.shell:Creating environment hook '/ros2_ws/install/msgs_srvs/share/msgs_srvs/hook/ld_library_path_lib.sh'
[2.181s] Level 1:colcon.colcon_core.environment:checking '/ros2_ws/install/msgs_srvs/bin'
[2.182s] Level 1:colcon.colcon_core.environment:checking '/ros2_ws/install/msgs_srvs/lib/pkgconfig/msgs_srvs.pc'
[2.182s] Level 1:colcon.colcon_core.environment:checking '/ros2_ws/install/msgs_srvs/lib/python3.10/site-packages'
[2.182s] Level 1:colcon.colcon_core.environment:checking '/ros2_ws/install/msgs_srvs/bin'
[2.183s] INFO:colcon.colcon_core.shell:Creating package script '/ros2_ws/install/msgs_srvs/share/msgs_srvs/package.ps1'
[2.184s] INFO:colcon.colcon_core.shell:Creating package descriptor '/ros2_ws/install/msgs_srvs/share/msgs_srvs/package.dsv'
[2.185s] INFO:colcon.colcon_core.shell:Creating package script '/ros2_ws/install/msgs_srvs/share/msgs_srvs/package.sh'
[2.187s] INFO:colcon.colcon_core.shell:Creating package script '/ros2_ws/install/msgs_srvs/share/msgs_srvs/package.bash'
[2.190s] INFO:colcon.colcon_core.shell:Creating package script '/ros2_ws/install/msgs_srvs/share/msgs_srvs/package.zsh'
[2.191s] Level 1:colcon.colcon_core.environment:create_file_with_runtime_dependencies(/ros2_ws/install/msgs_srvs/share/colcon-core/packages/msgs_srvs)
[2.413s] DEBUG:colcon.colcon_core.event_handler.log_command:Invoking command in '/ros2_ws/build/driver': PYTHONPATH=/ros2_ws/build/driver/prefix_override:/usr/lib/python3/dist-packages/colcon_core/task/python/colcon_distutils_commands:/ros2_ws/install/driver/lib/python3.10/site-packages:${PYTHONPATH} /usr/bin/python3 -W ignore:setup.py install is deprecated -W ignore:easy_install command is deprecated setup.py develop --editable --build-directory /ros2_ws/build/driver/build --no-deps symlink_data
[2.463s] DEBUG:colcon.colcon_core.event_handler.log_command:Invoking command in '/ros2_ws/build/peripherals': PYTHONPATH=/ros2_ws/build/peripherals/prefix_override:/usr/lib/python3/dist-packages/colcon_core/task/python/colcon_distutils_commands:/ros2_ws/install/peripherals/lib/python3.10/site-packages:${PYTHONPATH} /usr/bin/python3 -W ignore:setup.py install is deprecated -W ignore:easy_install command is deprecated setup.py develop --editable --build-directory /ros2_ws/build/peripherals/build --no-deps symlink_data
[3.133s] Level 1:colcon.colcon_core.shell:create_environment_hook('driver', 'pythonpath_develop')
[3.135s] INFO:colcon.colcon_core.shell:Creating environment hook '/ros2_ws/build/driver/share/driver/hook/pythonpath_develop.ps1'
[3.138s] DEBUG:colcon.colcon_core.event_handler.log_command:Invoked command in '/ros2_ws/build/driver' returned '0': PYTHONPATH=/ros2_ws/build/driver/prefix_override:/usr/lib/python3/dist-packages/colcon_core/task/python/colcon_distutils_commands:/ros2_ws/install/driver/lib/python3.10/site-packages:${PYTHONPATH} /usr/bin/python3 -W ignore:setup.py install is deprecated -W ignore:easy_install command is deprecated setup.py develop --editable --build-directory /ros2_ws/build/driver/build --no-deps symlink_data
[3.141s] INFO:colcon.colcon_core.shell:Creating environment descriptor '/ros2_ws/build/driver/share/driver/hook/pythonpath_develop.dsv'
[3.147s] INFO:colcon.colcon_core.shell:Creating environment hook '/ros2_ws/build/driver/share/driver/hook/pythonpath_develop.sh'
[3.149s] Level 1:colcon.colcon_core.environment:checking '/ros2_ws/install/driver' for CMake module files
[3.150s] Level 1:colcon.colcon_core.environment:checking '/ros2_ws/install/driver' for CMake config files
[3.150s] Level 1:colcon.colcon_core.environment:checking '/ros2_ws/install/driver/lib'
[3.150s] Level 1:colcon.colcon_core.environment:checking '/ros2_ws/install/driver/bin'
[3.150s] Level 1:colcon.colcon_core.environment:checking '/ros2_ws/install/driver/lib/pkgconfig/driver.pc'
[3.151s] Level 1:colcon.colcon_core.environment:checking '/ros2_ws/install/driver/lib/python3.10/site-packages'
[3.151s] Level 1:colcon.colcon_core.shell:create_environment_hook('driver', 'pythonpath')
[3.151s] INFO:colcon.colcon_core.shell:Creating environment hook '/ros2_ws/install/driver/share/driver/hook/pythonpath.ps1'
[3.152s] INFO:colcon.colcon_core.shell:Creating environment descriptor '/ros2_ws/install/driver/share/driver/hook/pythonpath.dsv'
[3.153s] INFO:colcon.colcon_core.shell:Creating environment hook '/ros2_ws/install/driver/share/driver/hook/pythonpath.sh'
[3.155s] Level 1:colcon.colcon_core.environment:checking '/ros2_ws/install/driver/bin'
[3.155s] Level 1:colcon.colcon_core.environment:create_environment_scripts_only(driver)
[3.155s] INFO:colcon.colcon_core.shell:Creating package script '/ros2_ws/install/driver/share/driver/package.ps1'
[3.156s] INFO:colcon.colcon_core.shell:Creating package descriptor '/ros2_ws/install/driver/share/driver/package.dsv'
[3.158s] INFO:colcon.colcon_core.shell:Creating package script '/ros2_ws/install/driver/share/driver/package.sh'
[3.159s] INFO:colcon.colcon_core.shell:Creating package script '/ros2_ws/install/driver/share/driver/package.bash'
[3.160s] INFO:colcon.colcon_core.shell:Creating package script '/ros2_ws/install/driver/share/driver/package.zsh'
[3.161s] Level 1:colcon.colcon_core.environment:create_file_with_runtime_dependencies(/ros2_ws/install/driver/share/colcon-core/packages/driver)
[3.207s] Level 1:colcon.colcon_core.shell:create_environment_hook('peripherals', 'pythonpath_develop')
[3.209s] INFO:colcon.colcon_core.shell:Creating environment hook '/ros2_ws/build/peripherals/share/peripherals/hook/pythonpath_develop.ps1'
[3.209s] DEBUG:colcon.colcon_core.event_handler.log_command:Invoked command in '/ros2_ws/build/peripherals' returned '0': PYTHONPATH=/ros2_ws/build/peripherals/prefix_override:/usr/lib/python3/dist-packages/colcon_core/task/python/colcon_distutils_commands:/ros2_ws/install/peripherals/lib/python3.10/site-packages:${PYTHONPATH} /usr/bin/python3 -W ignore:setup.py install is deprecated -W ignore:easy_install command is deprecated setup.py develop --editable --build-directory /ros2_ws/build/peripherals/build --no-deps symlink_data
[3.210s] INFO:colcon.colcon_core.shell:Creating environment descriptor '/ros2_ws/build/peripherals/share/peripherals/hook/pythonpath_develop.dsv'
[3.216s] INFO:colcon.colcon_core.shell:Creating environment hook '/ros2_ws/build/peripherals/share/peripherals/hook/pythonpath_develop.sh'
[3.217s] Level 1:colcon.colcon_core.environment:checking '/ros2_ws/install/peripherals' for CMake module files
[3.218s] Level 1:colcon.colcon_core.environment:checking '/ros2_ws/install/peripherals' for CMake config files
[3.219s] Level 1:colcon.colcon_core.environment:checking '/ros2_ws/install/peripherals/lib'
[3.219s] Level 1:colcon.colcon_core.environment:checking '/ros2_ws/install/peripherals/bin'
[3.219s] Level 1:colcon.colcon_core.environment:checking '/ros2_ws/install/peripherals/lib/pkgconfig/peripherals.pc'
[3.219s] Level 1:colcon.colcon_core.environment:checking '/ros2_ws/install/peripherals/lib/python3.10/site-packages'
[3.219s] Level 1:colcon.colcon_core.shell:create_environment_hook('peripherals', 'pythonpath')
[3.220s] INFO:colcon.colcon_core.shell:Creating environment hook '/ros2_ws/install/peripherals/share/peripherals/hook/pythonpath.ps1'
[3.221s] INFO:colcon.colcon_core.shell:Creating environment descriptor '/ros2_ws/install/peripherals/share/peripherals/hook/pythonpath.dsv'
[3.224s] INFO:colcon.colcon_core.shell:Creating environment hook '/ros2_ws/install/peripherals/share/peripherals/hook/pythonpath.sh'
[3.227s] Level 1:colcon.colcon_core.environment:checking '/ros2_ws/install/peripherals/bin'
[3.228s] Level 1:colcon.colcon_core.environment:create_environment_scripts_only(peripherals)
[3.229s] INFO:colcon.colcon_core.shell:Creating package script '/ros2_ws/install/peripherals/share/peripherals/package.ps1'
[3.233s] INFO:colcon.colcon_core.shell:Creating package descriptor '/ros2_ws/install/peripherals/share/peripherals/package.dsv'
[3.236s] INFO:colcon.colcon_core.shell:Creating package script '/ros2_ws/install/peripherals/share/peripherals/package.sh'
[3.240s] INFO:colcon.colcon_core.shell:Creating package script '/ros2_ws/install/peripherals/share/peripherals/package.bash'
[3.241s] INFO:colcon.colcon_core.shell:Creating package script '/ros2_ws/install/peripherals/share/peripherals/package.zsh'
[3.243s] Level 1:colcon.colcon_core.environment:create_file_with_runtime_dependencies(/ros2_ws/install/peripherals/share/colcon-core/packages/peripherals)
[3.244s] DEBUG:colcon.colcon_parallel_executor.executor.parallel:closing loop
[3.247s] DEBUG:colcon.colcon_parallel_executor.executor.parallel:loop closed
[3.247s] DEBUG:colcon.colcon_parallel_executor.executor.parallel:run_until_complete finished with '0'
[3.248s] DEBUG:colcon.colcon_core.event_reactor:joining thread
[3.272s] INFO:colcon.colcon_core.plugin_system:Skipping extension 'colcon_notification.desktop_notification.terminal_notifier': Not used on non-Darwin systems
[3.272s] INFO:colcon.colcon_core.plugin_system:Skipping extension 'colcon_notification.desktop_notification.win32': Not used on non-Windows systems
[3.272s] INFO:colcon.colcon_notification.desktop_notification:Sending desktop notification using 'notify2'
[3.296s] DEBUG:colcon.colcon_core.event_reactor:joined thread
[3.296s] INFO:colcon.colcon_core.shell:Creating prefix script '/ros2_ws/install/local_setup.ps1'
[3.298s] INFO:colcon.colcon_core.shell:Creating prefix util module '/ros2_ws/install/_local_setup_util_ps1.py'
[3.305s] INFO:colcon.colcon_core.shell:Creating prefix chain script '/ros2_ws/install/setup.ps1'
[3.307s] INFO:colcon.colcon_core.shell:Creating prefix script '/ros2_ws/install/local_setup.sh'
[3.308s] INFO:colcon.colcon_core.shell:Creating prefix util module '/ros2_ws/install/_local_setup_util_sh.py'
[3.310s] INFO:colcon.colcon_core.shell:Creating prefix chain script '/ros2_ws/install/setup.sh'
[3.312s] INFO:colcon.colcon_core.shell:Creating prefix script '/ros2_ws/install/local_setup.bash'
[3.313s] INFO:colcon.colcon_core.shell:Creating prefix chain script '/ros2_ws/install/setup.bash'
[3.315s] INFO:colcon.colcon_core.shell:Creating prefix script '/ros2_ws/install/local_setup.zsh'
[3.316s] INFO:colcon.colcon_core.shell:Creating prefix chain script '/ros2_ws/install/setup.zsh'
