[0.470s] Invoking command in '/ros2_ws/src/build/oradar_lidar': CMAKE_PREFIX_PATH=${CMAKE_PREFIX_PATH}:/ros2_ws/src/install/peripherals:/ros2_ws/src/install/driver:/opt/ros/humble /usr/bin/cmake --build /ros2_ws/src/build/oradar_lidar -- -j4 -l4
[0.542s] [0m=============================================================[0m
[0.544s] [0m-- ROS Not Found, Ros Support is turned Off![0m
[0.545s] [0m=============================================================[0m
[0.842s] -- Override CMake install command with custom implementation using symlinks instead of copying resources
[0.894s] -- Found rosidl_generator_c: 3.1.6 (/opt/ros/humble/share/rosidl_generator_c/cmake)
[0.898s] -- Found rosidl_adapter: 3.1.6 (/opt/ros/humble/share/rosidl_adapter/cmake)
[0.910s] -- Found rosidl_generator_cpp: 3.1.6 (/opt/ros/humble/share/rosidl_generator_cpp/cmake)
[0.932s] -- Using all available rosidl_typesupport_c: rosidl_typesupport_fastrtps_c;rosidl_typesupport_introspection_c
[0.956s] -- Using all available rosidl_typesupport_cpp: rosidl_typesupport_fastrtps_cpp;rosidl_typesupport_introspection_cpp
[1.021s] -- Found rmw_implementation_cmake: 6.1.2 (/opt/ros/humble/share/rmw_implementation_cmake/cmake)
[1.026s] -- Found rmw_fastrtps_cpp: 6.2.7 (/opt/ros/humble/share/rmw_fastrtps_cpp/cmake)
[1.293s] -- Using RMW implementation 'rmw_fastrtps_cpp' as default
[1.396s] [0m=============================================================[0m
[1.396s] [0m-- ROS2 Found. ROS2 Support is turned On![0m
[1.396s] [0m=============================================================[0m
[1.396s] -- Found sensor_msgs: 4.2.4 (/opt/ros/humble/share/sensor_msgs/cmake)
[1.487s] [0mCMake Deprecation Warning at sdk/CMakeLists.txt:36 (cmake_policy):
[1.487s]   The OLD behavior for policy CMP0053 will be removed from a future version
[1.487s]   of CMake.
[1.487s] 
[1.487s]   The cmake-policies(7) manual explains that the OLD behaviors of all
[1.487s]   policies are deprecated and that a policy should be set to OLD only under
[1.487s]   specific short-term circumstances.  Projects should be ported to the NEW
[1.487s]   behavior and not rely on setting a policy to OLD.
[1.487s] 
[1.487s] [0m
[1.487s] [0mCMake Deprecation Warning at sdk/CMakeLists.txt:39 (cmake_policy):
[1.488s]   The OLD behavior for policy CMP0037 will be removed from a future version
[1.488s]   of CMake.
[1.488s] 
[1.488s]   The cmake-policies(7) manual explains that the OLD behaviors of all
[1.488s]   policies are deprecated and that a policy should be set to OLD only under
[1.488s]   specific short-term circumstances.  Projects should be ported to the NEW
[1.488s]   behavior and not rely on setting a policy to OLD.
[1.488s] 
[1.488s] [0m
[1.489s] [0mCMake Deprecation Warning at sdk/CMakeLists.txt:42 (cmake_policy):
[1.489s]   The OLD behavior for policy CMP0043 will be removed from a future version
[1.489s]   of CMake.
[1.489s] 
[1.489s]   The cmake-policies(7) manual explains that the OLD behaviors of all
[1.489s]   policies are deprecated and that a policy should be set to OLD only under
[1.489s]   specific short-term circumstances.  Projects should be ported to the NEW
[1.489s]   behavior and not rely on setting a policy to OLD.
[1.489s] 
[1.489s] [0m
[1.492s] -- Could NOT find SWIG (missing: SWIG_EXECUTABLE SWIG_DIR) 
[1.591s] [0mCMake Deprecation Warning at sdk/cmake/install_package.cmake:101 (cmake_policy):
[1.591s]   The OLD behavior for policy CMP0026 will be removed from a future version
[1.592s]   of CMake.
[1.592s] 
[1.592s]   The cmake-policies(7) manual explains that the OLD behaviors of all
[1.592s]   policies are deprecated and that a policy should be set to OLD only under
[1.592s]   specific short-term circumstances.  Projects should be ported to the NEW
[1.593s]   behavior and not rely on setting a policy to OLD.
[1.593s] Call Stack (most recent call first):
[1.593s]   sdk/CMakeLists.txt:105 (install_package)
[1.593s] 
[1.595s] [0m
[1.838s] -- Configuring done
[1.952s] -- Generating done
[2.016s] -- Build files have been written to: /ros2_ws/src/build/oradar_lidar
[2.154s] [35m[1mConsolidate compiler generated dependencies of target oradar_sdk[0m
[2.223s] [  5%] [32mBuilding CXX object sdk/CMakeFiles/oradar_sdk.dir/core/network/ActiveSocket.cpp.o[0m
[2.227s] [ 10%] [32mBuilding CXX object sdk/CMakeFiles/oradar_sdk.dir/core/base/timer.cpp.o[0m
[2.240s] [ 15%] [32mBuilding CXX object sdk/CMakeFiles/oradar_sdk.dir/core/network/SimpleSocket.cpp.o[0m
[2.245s] [ 20%] [32mBuilding CXX object sdk/CMakeFiles/oradar_sdk.dir/core/network/PassiveSocket.cpp.o[0m
[3.275s] [ 25%] [32mBuilding CXX object sdk/CMakeFiles/oradar_sdk.dir/core/serial/serial.cpp.o[0m
[3.767s] [ 30%] [32mBuilding C object sdk/CMakeFiles/oradar_sdk.dir/core/serial/impl/unix/lock.c.o[0m
[4.071s] [ 35%] [32mBuilding CXX object sdk/CMakeFiles/oradar_sdk.dir/core/serial/impl/unix/list_ports_linux.cpp.o[0m
[4.251s] [ 40%] [32mBuilding CXX object sdk/CMakeFiles/oradar_sdk.dir/core/serial/impl/unix/unix_serial.cpp.o[0m
[8.240s] [ 45%] [32m[1mLinking CXX static library ../liboradar_sdk.a[0m
[8.412s] [ 60%] Built target oradar_sdk
[8.459s] [35m[1mConsolidate compiler generated dependencies of target blocking_test[0m
[8.464s] [35m[1mConsolidate compiler generated dependencies of target blocking_c_api_test[0m
[8.465s] [35m[1mConsolidate compiler generated dependencies of target oradar_scan[0m
[8.467s] [35m[1mConsolidate compiler generated dependencies of target non-blocking_test[0m
[8.522s] [ 65%] [32mBuilding C object sdk/samples/CMakeFiles/blocking_c_api_test.dir/blocking_c_api_test.c.o[0m
[8.530s] [ 70%] [32mBuilding CXX object sdk/samples/CMakeFiles/blocking_test.dir/blocking_test.cpp.o[0m
[8.540s] [ 75%] [32m[1mLinking CXX executable ../../non-blocking_test[0m
[8.549s] [ 80%] [32m[1mLinking CXX executable oradar_scan[0m
[9.035s] [ 85%] [32m[1mLinking CXX executable ../../blocking_c_api_test[0m
[9.049s] [ 90%] Built target non-blocking_test
[9.425s] [ 95%] Built target oradar_scan
[9.486s] [ 95%] Built target blocking_c_api_test
[9.616s] [100%] [32m[1mLinking CXX executable ../../blocking_test[0m
[9.925s] [100%] Built target blocking_test
[10.004s] Invoked command in '/ros2_ws/src/build/oradar_lidar' returned '0': CMAKE_PREFIX_PATH=${CMAKE_PREFIX_PATH}:/ros2_ws/src/install/peripherals:/ros2_ws/src/install/driver:/opt/ros/humble /usr/bin/cmake --build /ros2_ws/src/build/oradar_lidar -- -j4 -l4
[10.048s] Invoking command in '/ros2_ws/src/build/oradar_lidar': CMAKE_PREFIX_PATH=${CMAKE_PREFIX_PATH}:/ros2_ws/src/install/peripherals:/ros2_ws/src/install/driver:/opt/ros/humble /usr/bin/cmake --install /ros2_ws/src/build/oradar_lidar
[10.067s] -- Install configuration: "RELEASE"
[10.067s] -- Execute custom install script
[10.067s] -- Up-to-date symlink: /ros2_ws/src/install/oradar_lidar/bin/blocking_test
[10.067s] -- Up-to-date symlink: /ros2_ws/src/install/oradar_lidar/bin/non-blocking_test
[10.067s] -- Up-to-date symlink: /ros2_ws/src/install/oradar_lidar/bin/blocking_c_api_test
[10.068s] -- Up-to-date symlink: /ros2_ws/src/install/oradar_lidar/include/core/base/datatype.h
[10.068s] -- Up-to-date symlink: /ros2_ws/src/install/oradar_lidar/include/core/base/locker.h
[10.068s] -- Up-to-date symlink: /ros2_ws/src/install/oradar_lidar/include/core/base/thread.h
[10.072s] -- Up-to-date symlink: /ros2_ws/src/install/oradar_lidar/include/core/base/timer.h
[10.073s] -- Up-to-date symlink: /ros2_ws/src/install/oradar_lidar/include/core/base/typedef.h
[10.073s] -- Up-to-date symlink: /ros2_ws/src/install/oradar_lidar/include/core/base/utils.h
[10.073s] -- Up-to-date symlink: /ros2_ws/src/install/oradar_lidar/include/core/base/v8stdint.h
[10.073s] -- Up-to-date symlink: /ros2_ws/src/install/oradar_lidar/include/core/common/ChannelDevice.h
[10.073s] -- Up-to-date symlink: /ros2_ws/src/install/oradar_lidar/include/core/math/angles.h
[10.074s] -- Up-to-date symlink: /ros2_ws/src/install/oradar_lidar/include/core/network/ActiveSocket.h
[10.074s] -- Up-to-date symlink: /ros2_ws/src/install/oradar_lidar/include/core/network/PassiveSocket.h
[10.074s] -- Up-to-date symlink: /ros2_ws/src/install/oradar_lidar/include/core/network/SimpleSocket.h
[10.074s] -- Up-to-date symlink: /ros2_ws/src/install/oradar_lidar/include/core/network/StatTimer.h
[10.074s] -- Up-to-date symlink: /ros2_ws/src/install/oradar_lidar/include/core/serial/common.h
[10.074s] -- Up-to-date symlink: /ros2_ws/src/install/oradar_lidar/include/core/serial/serial.h
[10.074s] -- Up-to-date symlink: /ros2_ws/src/install/oradar_lidar/include/core/serial/impl/unix/lock.h
[10.074s] -- Up-to-date symlink: /ros2_ws/src/install/oradar_lidar/include/core/serial/impl/unix/unix.h
[10.074s] -- Up-to-date symlink: /ros2_ws/src/install/oradar_lidar/include/core/serial/impl/unix/unix_serial.h
[10.074s] -- Up-to-date symlink: /ros2_ws/src/install/oradar_lidar/include/src/ord_lidar_c_api_driver.h
[10.074s] -- Up-to-date symlink: /ros2_ws/src/install/oradar_lidar/include/src/ord_lidar_driver.h
[10.074s] -- Up-to-date symlink: /ros2_ws/src/install/oradar_lidar/include/src/ordlidar_protocol.h
[10.075s] -- Up-to-date symlink: /ros2_ws/src/install/oradar_lidar/include/src/filters/FullScanFilter.h
[10.075s] -- Up-to-date symlink: /ros2_ws/src/install/oradar_lidar/lib/liboradar_sdk.a
[10.075s] -- Up-to-date symlink: /ros2_ws/src/install/oradar_lidar/lib/oradar_lidar/oradar_scan
[10.075s] -- Up-to-date symlink: /ros2_ws/src/install/oradar_lidar/share/oradar_lidar//launch/ms200_scan.launch
[10.075s] -- Up-to-date symlink: /ros2_ws/src/install/oradar_lidar/share/oradar_lidar//launch/ms200_scan.launch.py
[10.075s] -- Up-to-date symlink: /ros2_ws/src/install/oradar_lidar/share/oradar_lidar//launch/ms200_scan_view.launch
[10.078s] -- Up-to-date symlink: /ros2_ws/src/install/oradar_lidar/share/oradar_lidar//launch/ms200_scan_view.launch.py
[10.079s] -- Up-to-date symlink: /ros2_ws/src/install/oradar_lidar/share/oradar_lidar//rviz2/oradar_scan.rviz
[10.080s] -- Up-to-date symlink: /ros2_ws/src/install/oradar_lidar/share/ament_index/resource_index/package_run_dependencies/oradar_lidar
[10.082s] -- Up-to-date symlink: /ros2_ws/src/install/oradar_lidar/share/ament_index/resource_index/parent_prefix_path/oradar_lidar
[10.082s] -- Up-to-date symlink: /ros2_ws/src/install/oradar_lidar/share/oradar_lidar/environment/ament_prefix_path.sh
[10.083s] -- Up-to-date symlink: /ros2_ws/src/install/oradar_lidar/share/oradar_lidar/environment/ament_prefix_path.dsv
[10.083s] -- Up-to-date symlink: /ros2_ws/src/install/oradar_lidar/share/oradar_lidar/environment/path.sh
[10.083s] -- Up-to-date symlink: /ros2_ws/src/install/oradar_lidar/share/oradar_lidar/environment/path.dsv
[10.083s] -- Up-to-date symlink: /ros2_ws/src/install/oradar_lidar/share/oradar_lidar/local_setup.bash
[10.083s] -- Up-to-date symlink: /ros2_ws/src/install/oradar_lidar/share/oradar_lidar/local_setup.sh
[10.083s] -- Up-to-date symlink: /ros2_ws/src/install/oradar_lidar/share/oradar_lidar/local_setup.zsh
[10.083s] -- Up-to-date symlink: /ros2_ws/src/install/oradar_lidar/share/oradar_lidar/local_setup.dsv
[10.084s] -- Symlinking: /ros2_ws/src/install/oradar_lidar/share/oradar_lidar/package.dsv
[10.116s] -- Up-to-date symlink: /ros2_ws/src/install/oradar_lidar/share/ament_index/resource_index/packages/oradar_lidar
[10.116s] -- Up-to-date symlink: /ros2_ws/src/install/oradar_lidar/share/oradar_lidar/cmake/oradar_lidarConfig.cmake
[10.116s] -- Up-to-date symlink: /ros2_ws/src/install/oradar_lidar/share/oradar_lidar/cmake/oradar_lidarConfig-version.cmake
[10.116s] -- Up-to-date symlink: /ros2_ws/src/install/oradar_lidar/share/oradar_lidar/package.xml
[10.132s] Invoked command in '/ros2_ws/src/build/oradar_lidar' returned '0': CMAKE_PREFIX_PATH=${CMAKE_PREFIX_PATH}:/ros2_ws/src/install/peripherals:/ros2_ws/src/install/driver:/opt/ros/humble /usr/bin/cmake --install /ros2_ws/src/build/oradar_lidar
