[0.145s] DEBUG:colcon:Command line arguments: ['/usr/bin/colcon', 'build', '--symlink-install']
[0.146s] DEBUG:colcon:Parsed command line arguments: Namespace(log_base=None, log_level=None, verb_name='build', build_base='build', install_base='install', merge_install=False, symlink_install=True, test_result_base=None, continue_on_error=False, executor='parallel', parallel_workers=4, event_handlers=None, ignore_user_meta=False, metas=['./colcon.meta'], base_paths=['.'], packages_ignore=None, packages_ignore_regex=None, paths=None, packages_up_to=None, packages_up_to_regex=None, packages_above=None, packages_above_and_dependencies=None, packages_above_depth=None, packages_select_by_dep=None, packages_skip_by_dep=None, packages_skip_up_to=None, packages_select_build_failed=False, packages_skip_build_finished=False, packages_select_test_failures=False, packages_skip_test_passed=False, packages_select=None, packages_skip=None, packages_select_regex=None, packages_skip_regex=None, packages_start=None, packages_end=None, allow_overriding=[], cmake_args=None, cmake_target=None, cmake_target_skip_unavailable=False, cmake_clean_cache=False, cmake_clean_first=False, cmake_force_configure=False, ament_cmake_args=None, catkin_cmake_args=None, catkin_skip_building_tests=False, mixin_files=None, mixin=None, verb_parser=<colcon_mixin.mixin.mixin_argument.MixinArgumentDecorator object at 0xffffb5cdd3f0>, verb_extension=<colcon_core.verb.build.BuildVerb object at 0xffffb5cdce80>, main=<bound method BuildVerb.main of <colcon_core.verb.build.BuildVerb object at 0xffffb5cdce80>>, mixin_verb=('build',))
[0.343s] Level 1:colcon.colcon_core.package_discovery:discover_packages(colcon_meta) check parameters
[0.344s] Level 1:colcon.colcon_core.package_discovery:discover_packages(recursive) check parameters
[0.344s] Level 1:colcon.colcon_core.package_discovery:discover_packages(ignore) check parameters
[0.344s] Level 1:colcon.colcon_core.package_discovery:discover_packages(path) check parameters
[0.344s] Level 1:colcon.colcon_core.package_discovery:discover_packages(colcon_meta) discover
[0.344s] Level 1:colcon.colcon_core.package_discovery:discover_packages(recursive) discover
[0.344s] INFO:colcon.colcon_core.package_discovery:Crawling recursively for packages in '/ros2_ws/src'
[0.344s] Level 1:colcon.colcon_core.package_identification:_identify(.) by extensions ['ignore', 'ignore_ament_install']
[0.344s] Level 1:colcon.colcon_core.package_identification:_identify(.) by extension 'ignore'
[0.344s] Level 1:colcon.colcon_core.package_identification:_identify(.) by extension 'ignore_ament_install'
[0.344s] Level 1:colcon.colcon_core.package_identification:_identify(.) by extensions ['colcon_pkg']
[0.344s] Level 1:colcon.colcon_core.package_identification:_identify(.) by extension 'colcon_pkg'
[0.344s] Level 1:colcon.colcon_core.package_identification:_identify(.) by extensions ['colcon_meta']
[0.344s] Level 1:colcon.colcon_core.package_identification:_identify(.) by extension 'colcon_meta'
[0.344s] Level 1:colcon.colcon_core.package_identification:_identify(.) by extensions ['ros']
[0.344s] Level 1:colcon.colcon_core.package_identification:_identify(.) by extension 'ros'
[0.360s] Level 1:colcon.colcon_core.package_identification:_identify(.) by extensions ['cmake', 'python']
[0.361s] Level 1:colcon.colcon_core.package_identification:_identify(.) by extension 'cmake'
[0.361s] Level 1:colcon.colcon_core.package_identification:_identify(.) by extension 'python'
[0.361s] Level 1:colcon.colcon_core.package_identification:_identify(.) by extensions ['python_setup_py']
[0.361s] Level 1:colcon.colcon_core.package_identification:_identify(.) by extension 'python_setup_py'
[0.361s] Level 1:colcon.colcon_core.package_identification:_identify(build) by extensions ['ignore', 'ignore_ament_install']
[0.361s] Level 1:colcon.colcon_core.package_identification:_identify(build) by extension 'ignore'
[0.361s] Level 1:colcon.colcon_core.package_identification:_identify(build) ignored
[0.361s] Level 1:colcon.colcon_core.package_identification:_identify(driver) by extensions ['ignore', 'ignore_ament_install']
[0.361s] Level 1:colcon.colcon_core.package_identification:_identify(driver) by extension 'ignore'
[0.361s] Level 1:colcon.colcon_core.package_identification:_identify(driver) by extension 'ignore_ament_install'
[0.361s] Level 1:colcon.colcon_core.package_identification:_identify(driver) by extensions ['colcon_pkg']
[0.361s] Level 1:colcon.colcon_core.package_identification:_identify(driver) by extension 'colcon_pkg'
[0.361s] Level 1:colcon.colcon_core.package_identification:_identify(driver) by extensions ['colcon_meta']
[0.362s] Level 1:colcon.colcon_core.package_identification:_identify(driver) by extension 'colcon_meta'
[0.362s] Level 1:colcon.colcon_core.package_identification:_identify(driver) by extensions ['ros']
[0.362s] Level 1:colcon.colcon_core.package_identification:_identify(driver) by extension 'ros'
[0.365s] DEBUG:colcon.colcon_core.package_identification:Package 'driver' with type 'ros.ament_python' and name 'driver'
[0.365s] Level 1:colcon.colcon_core.package_identification:_identify(install) by extensions ['ignore', 'ignore_ament_install']
[0.365s] Level 1:colcon.colcon_core.package_identification:_identify(install) by extension 'ignore'
[0.365s] Level 1:colcon.colcon_core.package_identification:_identify(install) ignored
[0.365s] Level 1:colcon.colcon_core.package_identification:_identify(log) by extensions ['ignore', 'ignore_ament_install']
[0.365s] Level 1:colcon.colcon_core.package_identification:_identify(log) by extension 'ignore'
[0.365s] Level 1:colcon.colcon_core.package_identification:_identify(log) ignored
[0.366s] Level 1:colcon.colcon_core.package_identification:_identify(msgs_srvs) by extensions ['ignore', 'ignore_ament_install']
[0.366s] Level 1:colcon.colcon_core.package_identification:_identify(msgs_srvs) by extension 'ignore'
[0.366s] Level 1:colcon.colcon_core.package_identification:_identify(msgs_srvs) by extension 'ignore_ament_install'
[0.366s] Level 1:colcon.colcon_core.package_identification:_identify(msgs_srvs) by extensions ['colcon_pkg']
[0.366s] Level 1:colcon.colcon_core.package_identification:_identify(msgs_srvs) by extension 'colcon_pkg'
[0.366s] Level 1:colcon.colcon_core.package_identification:_identify(msgs_srvs) by extensions ['colcon_meta']
[0.366s] Level 1:colcon.colcon_core.package_identification:_identify(msgs_srvs) by extension 'colcon_meta'
[0.366s] Level 1:colcon.colcon_core.package_identification:_identify(msgs_srvs) by extensions ['ros']
[0.366s] Level 1:colcon.colcon_core.package_identification:_identify(msgs_srvs) by extension 'ros'
[0.367s] DEBUG:colcon.colcon_core.package_identification:Package 'msgs_srvs' with type 'ros.ament_cmake' and name 'msgs_srvs'
[0.367s] Level 1:colcon.colcon_core.package_identification:_identify(p2117_ros) by extensions ['ignore', 'ignore_ament_install']
[0.367s] Level 1:colcon.colcon_core.package_identification:_identify(p2117_ros) by extension 'ignore'
[0.367s] Level 1:colcon.colcon_core.package_identification:_identify(p2117_ros) by extension 'ignore_ament_install'
[0.367s] Level 1:colcon.colcon_core.package_identification:_identify(p2117_ros) by extensions ['colcon_pkg']
[0.367s] Level 1:colcon.colcon_core.package_identification:_identify(p2117_ros) by extension 'colcon_pkg'
[0.367s] Level 1:colcon.colcon_core.package_identification:_identify(p2117_ros) by extensions ['colcon_meta']
[0.367s] Level 1:colcon.colcon_core.package_identification:_identify(p2117_ros) by extension 'colcon_meta'
[0.367s] Level 1:colcon.colcon_core.package_identification:_identify(p2117_ros) by extensions ['ros']
[0.367s] Level 1:colcon.colcon_core.package_identification:_identify(p2117_ros) by extension 'ros'
[0.367s] Level 1:colcon.colcon_core.package_identification:_identify(p2117_ros) by extensions ['cmake', 'python']
[0.367s] Level 1:colcon.colcon_core.package_identification:_identify(p2117_ros) by extension 'cmake'
[0.367s] Level 1:colcon.colcon_core.package_identification:_identify(p2117_ros) by extension 'python'
[0.367s] Level 1:colcon.colcon_core.package_identification:_identify(p2117_ros) by extensions ['python_setup_py']
[0.368s] Level 1:colcon.colcon_core.package_identification:_identify(p2117_ros) by extension 'python_setup_py'
[0.368s] Level 1:colcon.colcon_core.package_identification:_identify(p2117_ros/oradar_ros) by extensions ['ignore', 'ignore_ament_install']
[0.368s] Level 1:colcon.colcon_core.package_identification:_identify(p2117_ros/oradar_ros) by extension 'ignore'
[0.368s] Level 1:colcon.colcon_core.package_identification:_identify(p2117_ros/oradar_ros) by extension 'ignore_ament_install'
[0.368s] Level 1:colcon.colcon_core.package_identification:_identify(p2117_ros/oradar_ros) by extensions ['colcon_pkg']
[0.368s] Level 1:colcon.colcon_core.package_identification:_identify(p2117_ros/oradar_ros) by extension 'colcon_pkg'
[0.368s] Level 1:colcon.colcon_core.package_identification:_identify(p2117_ros/oradar_ros) by extensions ['colcon_meta']
[0.368s] Level 1:colcon.colcon_core.package_identification:_identify(p2117_ros/oradar_ros) by extension 'colcon_meta'
[0.368s] Level 1:colcon.colcon_core.package_identification:_identify(p2117_ros/oradar_ros) by extensions ['ros']
[0.368s] Level 1:colcon.colcon_core.package_identification:_identify(p2117_ros/oradar_ros) by extension 'ros'
[0.369s] DEBUG:colcon.colcon_core.package_identification:Package 'p2117_ros/oradar_ros' with type 'ros.ament_cmake' and name 'oradar_lidar'
[0.369s] Level 1:colcon.colcon_core.package_identification:_identify(peripherals) by extensions ['ignore', 'ignore_ament_install']
[0.369s] Level 1:colcon.colcon_core.package_identification:_identify(peripherals) by extension 'ignore'
[0.369s] Level 1:colcon.colcon_core.package_identification:_identify(peripherals) by extension 'ignore_ament_install'
[0.369s] Level 1:colcon.colcon_core.package_identification:_identify(peripherals) by extensions ['colcon_pkg']
[0.369s] Level 1:colcon.colcon_core.package_identification:_identify(peripherals) by extension 'colcon_pkg'
[0.369s] Level 1:colcon.colcon_core.package_identification:_identify(peripherals) by extensions ['colcon_meta']
[0.369s] Level 1:colcon.colcon_core.package_identification:_identify(peripherals) by extension 'colcon_meta'
[0.369s] Level 1:colcon.colcon_core.package_identification:_identify(peripherals) by extensions ['ros']
[0.369s] Level 1:colcon.colcon_core.package_identification:_identify(peripherals) by extension 'ros'
[0.370s] DEBUG:colcon.colcon_core.package_identification:Package 'peripherals' with type 'ros.ament_python' and name 'peripherals'
[0.370s] Level 1:colcon.colcon_core.package_discovery:discover_packages(recursive) using defaults
[0.370s] Level 1:colcon.colcon_core.package_discovery:discover_packages(ignore) discover
[0.370s] Level 1:colcon.colcon_core.package_discovery:discover_packages(ignore) using defaults
[0.370s] Level 1:colcon.colcon_core.package_discovery:discover_packages(path) discover
[0.370s] Level 1:colcon.colcon_core.package_discovery:discover_packages(path) using defaults
[0.399s] Level 1:colcon.colcon_core.package_discovery:discover_packages(prefix_path) check parameters
[0.399s] Level 1:colcon.colcon_core.package_discovery:discover_packages(prefix_path) discover
[0.401s] DEBUG:colcon.colcon_installed_package_information.package_discovery:Found 4 installed packages in /ros2_ws/src/install
[0.403s] DEBUG:colcon.colcon_installed_package_information.package_discovery:Found 271 installed packages in /opt/ros/humble
[0.428s] Level 1:colcon.colcon_core.package_discovery:discover_packages(prefix_path) using defaults
[0.478s] Level 5:colcon.colcon_core.verb:set package 'driver' build argument 'cmake_args' from command line to 'None'
[0.478s] Level 5:colcon.colcon_core.verb:set package 'driver' build argument 'cmake_target' from command line to 'None'
[0.478s] Level 5:colcon.colcon_core.verb:set package 'driver' build argument 'cmake_target_skip_unavailable' from command line to 'False'
[0.478s] Level 5:colcon.colcon_core.verb:set package 'driver' build argument 'cmake_clean_cache' from command line to 'False'
[0.478s] Level 5:colcon.colcon_core.verb:set package 'driver' build argument 'cmake_clean_first' from command line to 'False'
[0.478s] Level 5:colcon.colcon_core.verb:set package 'driver' build argument 'cmake_force_configure' from command line to 'False'
[0.478s] Level 5:colcon.colcon_core.verb:set package 'driver' build argument 'ament_cmake_args' from command line to 'None'
[0.478s] Level 5:colcon.colcon_core.verb:set package 'driver' build argument 'catkin_cmake_args' from command line to 'None'
[0.478s] Level 5:colcon.colcon_core.verb:set package 'driver' build argument 'catkin_skip_building_tests' from command line to 'False'
[0.478s] DEBUG:colcon.colcon_core.verb:Building package 'driver' with the following arguments: {'ament_cmake_args': None, 'build_base': '/ros2_ws/src/build/driver', 'catkin_cmake_args': None, 'catkin_skip_building_tests': False, 'cmake_args': None, 'cmake_clean_cache': False, 'cmake_clean_first': False, 'cmake_force_configure': False, 'cmake_target': None, 'cmake_target_skip_unavailable': False, 'install_base': '/ros2_ws/src/install/driver', 'merge_install': False, 'path': '/ros2_ws/src/driver', 'symlink_install': True, 'test_result_base': None}
[0.478s] Level 5:colcon.colcon_core.verb:set package 'msgs_srvs' build argument 'cmake_args' from command line to 'None'
[0.478s] Level 5:colcon.colcon_core.verb:set package 'msgs_srvs' build argument 'cmake_target' from command line to 'None'
[0.478s] Level 5:colcon.colcon_core.verb:set package 'msgs_srvs' build argument 'cmake_target_skip_unavailable' from command line to 'False'
[0.479s] Level 5:colcon.colcon_core.verb:set package 'msgs_srvs' build argument 'cmake_clean_cache' from command line to 'False'
[0.479s] Level 5:colcon.colcon_core.verb:set package 'msgs_srvs' build argument 'cmake_clean_first' from command line to 'False'
[0.479s] Level 5:colcon.colcon_core.verb:set package 'msgs_srvs' build argument 'cmake_force_configure' from command line to 'False'
[0.479s] Level 5:colcon.colcon_core.verb:set package 'msgs_srvs' build argument 'ament_cmake_args' from command line to 'None'
[0.479s] Level 5:colcon.colcon_core.verb:set package 'msgs_srvs' build argument 'catkin_cmake_args' from command line to 'None'
[0.479s] Level 5:colcon.colcon_core.verb:set package 'msgs_srvs' build argument 'catkin_skip_building_tests' from command line to 'False'
[0.479s] DEBUG:colcon.colcon_core.verb:Building package 'msgs_srvs' with the following arguments: {'ament_cmake_args': None, 'build_base': '/ros2_ws/src/build/msgs_srvs', 'catkin_cmake_args': None, 'catkin_skip_building_tests': False, 'cmake_args': None, 'cmake_clean_cache': False, 'cmake_clean_first': False, 'cmake_force_configure': False, 'cmake_target': None, 'cmake_target_skip_unavailable': False, 'install_base': '/ros2_ws/src/install/msgs_srvs', 'merge_install': False, 'path': '/ros2_ws/src/msgs_srvs', 'symlink_install': True, 'test_result_base': None}
[0.479s] Level 5:colcon.colcon_core.verb:set package 'oradar_lidar' build argument 'cmake_args' from command line to 'None'
[0.479s] Level 5:colcon.colcon_core.verb:set package 'oradar_lidar' build argument 'cmake_target' from command line to 'None'
[0.479s] Level 5:colcon.colcon_core.verb:set package 'oradar_lidar' build argument 'cmake_target_skip_unavailable' from command line to 'False'
[0.479s] Level 5:colcon.colcon_core.verb:set package 'oradar_lidar' build argument 'cmake_clean_cache' from command line to 'False'
[0.479s] Level 5:colcon.colcon_core.verb:set package 'oradar_lidar' build argument 'cmake_clean_first' from command line to 'False'
[0.479s] Level 5:colcon.colcon_core.verb:set package 'oradar_lidar' build argument 'cmake_force_configure' from command line to 'False'
[0.479s] Level 5:colcon.colcon_core.verb:set package 'oradar_lidar' build argument 'ament_cmake_args' from command line to 'None'
[0.479s] Level 5:colcon.colcon_core.verb:set package 'oradar_lidar' build argument 'catkin_cmake_args' from command line to 'None'
[0.479s] Level 5:colcon.colcon_core.verb:set package 'oradar_lidar' build argument 'catkin_skip_building_tests' from command line to 'False'
[0.479s] DEBUG:colcon.colcon_core.verb:Building package 'oradar_lidar' with the following arguments: {'ament_cmake_args': None, 'build_base': '/ros2_ws/src/build/oradar_lidar', 'catkin_cmake_args': None, 'catkin_skip_building_tests': False, 'cmake_args': None, 'cmake_clean_cache': False, 'cmake_clean_first': False, 'cmake_force_configure': False, 'cmake_target': None, 'cmake_target_skip_unavailable': False, 'install_base': '/ros2_ws/src/install/oradar_lidar', 'merge_install': False, 'path': '/ros2_ws/src/p2117_ros/oradar_ros', 'symlink_install': True, 'test_result_base': None}
[0.480s] Level 5:colcon.colcon_core.verb:set package 'peripherals' build argument 'cmake_args' from command line to 'None'
[0.480s] Level 5:colcon.colcon_core.verb:set package 'peripherals' build argument 'cmake_target' from command line to 'None'
[0.480s] Level 5:colcon.colcon_core.verb:set package 'peripherals' build argument 'cmake_target_skip_unavailable' from command line to 'False'
[0.480s] Level 5:colcon.colcon_core.verb:set package 'peripherals' build argument 'cmake_clean_cache' from command line to 'False'
[0.480s] Level 5:colcon.colcon_core.verb:set package 'peripherals' build argument 'cmake_clean_first' from command line to 'False'
[0.480s] Level 5:colcon.colcon_core.verb:set package 'peripherals' build argument 'cmake_force_configure' from command line to 'False'
[0.480s] Level 5:colcon.colcon_core.verb:set package 'peripherals' build argument 'ament_cmake_args' from command line to 'None'
[0.480s] Level 5:colcon.colcon_core.verb:set package 'peripherals' build argument 'catkin_cmake_args' from command line to 'None'
[0.480s] Level 5:colcon.colcon_core.verb:set package 'peripherals' build argument 'catkin_skip_building_tests' from command line to 'False'
[0.480s] DEBUG:colcon.colcon_core.verb:Building package 'peripherals' with the following arguments: {'ament_cmake_args': None, 'build_base': '/ros2_ws/src/build/peripherals', 'catkin_cmake_args': None, 'catkin_skip_building_tests': False, 'cmake_args': None, 'cmake_clean_cache': False, 'cmake_clean_first': False, 'cmake_force_configure': False, 'cmake_target': None, 'cmake_target_skip_unavailable': False, 'install_base': '/ros2_ws/src/install/peripherals', 'merge_install': False, 'path': '/ros2_ws/src/peripherals', 'symlink_install': True, 'test_result_base': None}
[0.480s] INFO:colcon.colcon_core.executor:Executing jobs using 'parallel' executor
[0.481s] DEBUG:colcon.colcon_parallel_executor.executor.parallel:run_until_complete
[0.482s] INFO:colcon.colcon_ros.task.ament_python.build:Building ROS package in '/ros2_ws/src/driver' with build type 'ament_python'
[0.482s] Level 1:colcon.colcon_core.shell:create_environment_hook('driver', 'ament_prefix_path')
[0.485s] INFO:colcon.colcon_core.plugin_system:Skipping extension 'colcon_core.shell.bat': Not used on non-Windows systems
[0.485s] INFO:colcon.colcon_core.shell:Creating environment hook '/ros2_ws/src/install/driver/share/driver/hook/ament_prefix_path.ps1'
[0.486s] INFO:colcon.colcon_core.shell:Creating environment descriptor '/ros2_ws/src/install/driver/share/driver/hook/ament_prefix_path.dsv'
[0.492s] INFO:colcon.colcon_core.shell:Creating environment hook '/ros2_ws/src/install/driver/share/driver/hook/ament_prefix_path.sh'
[0.493s] INFO:colcon.colcon_core.shell:Skip shell extension 'powershell' for command environment: Not usable outside of PowerShell
[0.493s] DEBUG:colcon.colcon_core.shell:Skip shell extension 'dsv' for command environment
[0.501s] INFO:colcon.colcon_ros.task.ament_cmake.build:Building ROS package in '/ros2_ws/src/msgs_srvs' with build type 'ament_cmake'
[0.501s] INFO:colcon.colcon_cmake.task.cmake.build:Building CMake package in '/ros2_ws/src/msgs_srvs'
[0.502s] INFO:colcon.colcon_core.shell:Skip shell extension 'powershell' for command environment: Not usable outside of PowerShell
[0.502s] DEBUG:colcon.colcon_core.shell:Skip shell extension 'dsv' for command environment
[0.507s] INFO:colcon.colcon_ros.task.ament_cmake.build:Building ROS package in '/ros2_ws/src/p2117_ros/oradar_ros' with build type 'ament_cmake'
[0.508s] INFO:colcon.colcon_cmake.task.cmake.build:Building CMake package in '/ros2_ws/src/p2117_ros/oradar_ros'
[0.509s] INFO:colcon.colcon_core.shell:Skip shell extension 'powershell' for command environment: Not usable outside of PowerShell
[0.509s] DEBUG:colcon.colcon_core.shell:Skip shell extension 'dsv' for command environment
[0.514s] INFO:colcon.colcon_ros.task.ament_python.build:Building ROS package in '/ros2_ws/src/peripherals' with build type 'ament_python'
[0.515s] Level 1:colcon.colcon_core.shell:create_environment_hook('peripherals', 'ament_prefix_path')
[0.515s] INFO:colcon.colcon_core.shell:Creating environment hook '/ros2_ws/src/install/peripherals/share/peripherals/hook/ament_prefix_path.ps1'
[0.516s] INFO:colcon.colcon_core.shell:Creating environment descriptor '/ros2_ws/src/install/peripherals/share/peripherals/hook/ament_prefix_path.dsv'
[0.517s] INFO:colcon.colcon_core.shell:Creating environment hook '/ros2_ws/src/install/peripherals/share/peripherals/hook/ament_prefix_path.sh'
[0.518s] INFO:colcon.colcon_core.shell:Skip shell extension 'powershell' for command environment: Not usable outside of PowerShell
[0.518s] DEBUG:colcon.colcon_core.shell:Skip shell extension 'dsv' for command environment
[0.953s] INFO:colcon.colcon_core.task.python.build:Building Python package in '/ros2_ws/src/driver'
[0.953s] INFO:colcon.colcon_core.shell:Skip shell extension 'powershell' for command environment: Not usable outside of PowerShell
[0.953s] DEBUG:colcon.colcon_core.shell:Skip shell extension 'dsv' for command environment
[0.969s] DEBUG:colcon.colcon_core.event_handler.log_command:Invoking command in '/ros2_ws/src/build/msgs_srvs': CMAKE_PREFIX_PATH=${CMAKE_PREFIX_PATH}:/ros2_ws/src/install/peripherals:/ros2_ws/src/install/driver:/opt/ros/humble /usr/bin/cmake --build /ros2_ws/src/build/msgs_srvs -- -j4 -l4
[0.977s] DEBUG:colcon.colcon_core.event_handler.log_command:Invoking command in '/ros2_ws/src/build/oradar_lidar': CMAKE_PREFIX_PATH=${CMAKE_PREFIX_PATH}:/ros2_ws/src/install/peripherals:/ros2_ws/src/install/driver:/opt/ros/humble /usr/bin/cmake --build /ros2_ws/src/build/oradar_lidar -- -j4 -l4
[1.489s] INFO:colcon.colcon_core.task.python.build:Building Python package in '/ros2_ws/src/peripherals'
[1.490s] INFO:colcon.colcon_core.shell:Skip shell extension 'powershell' for command environment: Not usable outside of PowerShell
[1.490s] DEBUG:colcon.colcon_core.shell:Skip shell extension 'dsv' for command environment
[2.301s] DEBUG:colcon.colcon_core.event_handler.log_command:Invoking command in '/ros2_ws/src/build/peripherals': PYTHONPATH=/ros2_ws/src/build/peripherals/prefix_override:/usr/lib/python3/dist-packages/colcon_core/task/python/colcon_distutils_commands:/ros2_ws/src/install/peripherals/lib/python3.10/site-packages:${PYTHONPATH} /usr/bin/python3 -W ignore:setup.py install is deprecated -W ignore:easy_install command is deprecated setup.py develop --editable --build-directory /ros2_ws/src/build/peripherals/build --no-deps symlink_data
[2.511s] DEBUG:colcon.colcon_core.event_handler.log_command:Invoking command in '/ros2_ws/src/build/driver': PYTHONPATH=/ros2_ws/src/build/driver/prefix_override:/usr/lib/python3/dist-packages/colcon_core/task/python/colcon_distutils_commands:/ros2_ws/src/install/driver/lib/python3.10/site-packages:${PYTHONPATH} /usr/bin/python3 -W ignore:setup.py install is deprecated -W ignore:easy_install command is deprecated setup.py develop --editable --build-directory /ros2_ws/src/build/driver/build --no-deps symlink_data
[4.766s] Level 1:colcon.colcon_core.shell:create_environment_hook('peripherals', 'pythonpath_develop')
[4.766s] INFO:colcon.colcon_core.shell:Creating environment hook '/ros2_ws/src/build/peripherals/share/peripherals/hook/pythonpath_develop.ps1'
[4.770s] DEBUG:colcon.colcon_core.event_handler.log_command:Invoked command in '/ros2_ws/src/build/peripherals' returned '0': PYTHONPATH=/ros2_ws/src/build/peripherals/prefix_override:/usr/lib/python3/dist-packages/colcon_core/task/python/colcon_distutils_commands:/ros2_ws/src/install/peripherals/lib/python3.10/site-packages:${PYTHONPATH} /usr/bin/python3 -W ignore:setup.py install is deprecated -W ignore:easy_install command is deprecated setup.py develop --editable --build-directory /ros2_ws/src/build/peripherals/build --no-deps symlink_data
[4.771s] INFO:colcon.colcon_core.shell:Creating environment descriptor '/ros2_ws/src/build/peripherals/share/peripherals/hook/pythonpath_develop.dsv'
[4.781s] INFO:colcon.colcon_core.shell:Creating environment hook '/ros2_ws/src/build/peripherals/share/peripherals/hook/pythonpath_develop.sh'
[4.795s] Level 1:colcon.colcon_core.environment:checking '/ros2_ws/src/install/peripherals' for CMake module files
[4.796s] Level 1:colcon.colcon_core.environment:checking '/ros2_ws/src/install/peripherals' for CMake config files
[4.801s] Level 1:colcon.colcon_core.environment:checking '/ros2_ws/src/install/peripherals/lib'
[4.801s] Level 1:colcon.colcon_core.environment:checking '/ros2_ws/src/install/peripherals/bin'
[4.802s] Level 1:colcon.colcon_core.environment:checking '/ros2_ws/src/install/peripherals/lib/pkgconfig/peripherals.pc'
[4.802s] Level 1:colcon.colcon_core.environment:checking '/ros2_ws/src/install/peripherals/lib/python3.10/site-packages'
[4.802s] Level 1:colcon.colcon_core.shell:create_environment_hook('peripherals', 'pythonpath')
[4.803s] INFO:colcon.colcon_core.shell:Creating environment hook '/ros2_ws/src/install/peripherals/share/peripherals/hook/pythonpath.ps1'
[4.807s] INFO:colcon.colcon_core.shell:Creating environment descriptor '/ros2_ws/src/install/peripherals/share/peripherals/hook/pythonpath.dsv'
[4.813s] INFO:colcon.colcon_core.shell:Creating environment hook '/ros2_ws/src/install/peripherals/share/peripherals/hook/pythonpath.sh'
[4.818s] Level 1:colcon.colcon_core.environment:checking '/ros2_ws/src/install/peripherals/bin'
[4.820s] Level 1:colcon.colcon_core.environment:create_environment_scripts_only(peripherals)
[4.821s] INFO:colcon.colcon_core.shell:Creating package script '/ros2_ws/src/install/peripherals/share/peripherals/package.ps1'
[4.828s] INFO:colcon.colcon_core.shell:Creating package descriptor '/ros2_ws/src/install/peripherals/share/peripherals/package.dsv'
[4.836s] INFO:colcon.colcon_core.shell:Creating package script '/ros2_ws/src/install/peripherals/share/peripherals/package.sh'
[4.838s] INFO:colcon.colcon_core.shell:Creating package script '/ros2_ws/src/install/peripherals/share/peripherals/package.bash'
[4.847s] INFO:colcon.colcon_core.shell:Creating package script '/ros2_ws/src/install/peripherals/share/peripherals/package.zsh'
[4.855s] Level 1:colcon.colcon_core.environment:create_file_with_runtime_dependencies(/ros2_ws/src/install/peripherals/share/colcon-core/packages/peripherals)
[5.291s] Level 1:colcon.colcon_core.shell:create_environment_hook('driver', 'pythonpath_develop')
[5.293s] INFO:colcon.colcon_core.shell:Creating environment hook '/ros2_ws/src/build/driver/share/driver/hook/pythonpath_develop.ps1'
[5.304s] INFO:colcon.colcon_core.shell:Creating environment descriptor '/ros2_ws/src/build/driver/share/driver/hook/pythonpath_develop.dsv'
[5.297s] DEBUG:colcon.colcon_core.event_handler.log_command:Invoked command in '/ros2_ws/src/build/driver' returned '0': PYTHONPATH=/ros2_ws/src/build/driver/prefix_override:/usr/lib/python3/dist-packages/colcon_core/task/python/colcon_distutils_commands:/ros2_ws/src/install/driver/lib/python3.10/site-packages:${PYTHONPATH} /usr/bin/python3 -W ignore:setup.py install is deprecated -W ignore:easy_install command is deprecated setup.py develop --editable --build-directory /ros2_ws/src/build/driver/build --no-deps symlink_data
[5.307s] INFO:colcon.colcon_core.shell:Creating environment hook '/ros2_ws/src/build/driver/share/driver/hook/pythonpath_develop.sh'
[5.309s] Level 1:colcon.colcon_core.environment:checking '/ros2_ws/src/install/driver' for CMake module files
[5.316s] Level 1:colcon.colcon_core.environment:checking '/ros2_ws/src/install/driver' for CMake config files
[5.317s] Level 1:colcon.colcon_core.environment:checking '/ros2_ws/src/install/driver/lib'
[5.318s] Level 1:colcon.colcon_core.environment:checking '/ros2_ws/src/install/driver/bin'
[5.318s] Level 1:colcon.colcon_core.environment:checking '/ros2_ws/src/install/driver/lib/pkgconfig/driver.pc'
[5.318s] Level 1:colcon.colcon_core.environment:checking '/ros2_ws/src/install/driver/lib/python3.10/site-packages'
[5.318s] Level 1:colcon.colcon_core.shell:create_environment_hook('driver', 'pythonpath')
[5.319s] INFO:colcon.colcon_core.shell:Creating environment hook '/ros2_ws/src/install/driver/share/driver/hook/pythonpath.ps1'
[5.326s] INFO:colcon.colcon_core.shell:Creating environment descriptor '/ros2_ws/src/install/driver/share/driver/hook/pythonpath.dsv'
[5.327s] INFO:colcon.colcon_core.shell:Creating environment hook '/ros2_ws/src/install/driver/share/driver/hook/pythonpath.sh'
[5.333s] Level 1:colcon.colcon_core.environment:checking '/ros2_ws/src/install/driver/bin'
[5.333s] Level 1:colcon.colcon_core.environment:create_environment_scripts_only(driver)
[5.333s] INFO:colcon.colcon_core.shell:Creating package script '/ros2_ws/src/install/driver/share/driver/package.ps1'
[5.340s] INFO:colcon.colcon_core.shell:Creating package descriptor '/ros2_ws/src/install/driver/share/driver/package.dsv'
[5.344s] INFO:colcon.colcon_core.shell:Creating package script '/ros2_ws/src/install/driver/share/driver/package.sh'
[5.348s] INFO:colcon.colcon_core.shell:Creating package script '/ros2_ws/src/install/driver/share/driver/package.bash'
[5.349s] INFO:colcon.colcon_core.shell:Creating package script '/ros2_ws/src/install/driver/share/driver/package.zsh'
[5.357s] Level 1:colcon.colcon_core.environment:create_file_with_runtime_dependencies(/ros2_ws/src/install/driver/share/colcon-core/packages/driver)
[10.511s] DEBUG:colcon.colcon_core.event_handler.log_command:Invoked command in '/ros2_ws/src/build/oradar_lidar' returned '0': CMAKE_PREFIX_PATH=${CMAKE_PREFIX_PATH}:/ros2_ws/src/install/peripherals:/ros2_ws/src/install/driver:/opt/ros/humble /usr/bin/cmake --build /ros2_ws/src/build/oradar_lidar -- -j4 -l4
[10.556s] DEBUG:colcon.colcon_core.event_handler.log_command:Invoking command in '/ros2_ws/src/build/oradar_lidar': CMAKE_PREFIX_PATH=${CMAKE_PREFIX_PATH}:/ros2_ws/src/install/peripherals:/ros2_ws/src/install/driver:/opt/ros/humble /usr/bin/cmake --install /ros2_ws/src/build/oradar_lidar
[10.635s] Level 1:colcon.colcon_core.environment:create_environment_scripts_only(oradar_lidar)
[10.635s] Level 1:colcon.colcon_core.environment:checking '/ros2_ws/src/install/oradar_lidar' for CMake module files
[10.636s] Level 1:colcon.colcon_core.environment:checking '/ros2_ws/src/install/oradar_lidar' for CMake config files
[10.639s] DEBUG:colcon.colcon_core.event_handler.log_command:Invoked command in '/ros2_ws/src/build/oradar_lidar' returned '0': CMAKE_PREFIX_PATH=${CMAKE_PREFIX_PATH}:/ros2_ws/src/install/peripherals:/ros2_ws/src/install/driver:/opt/ros/humble /usr/bin/cmake --install /ros2_ws/src/build/oradar_lidar
[10.640s] Level 1:colcon.colcon_core.shell:create_environment_hook('oradar_lidar', 'cmake_prefix_path')
[10.641s] INFO:colcon.colcon_core.shell:Creating environment hook '/ros2_ws/src/install/oradar_lidar/share/oradar_lidar/hook/cmake_prefix_path.ps1'
[10.642s] INFO:colcon.colcon_core.shell:Creating environment descriptor '/ros2_ws/src/install/oradar_lidar/share/oradar_lidar/hook/cmake_prefix_path.dsv'
[10.649s] INFO:colcon.colcon_core.shell:Creating environment hook '/ros2_ws/src/install/oradar_lidar/share/oradar_lidar/hook/cmake_prefix_path.sh'
[10.652s] Level 1:colcon.colcon_core.environment:checking '/ros2_ws/src/install/oradar_lidar/lib'
[10.653s] Level 1:colcon.colcon_core.environment:checking '/ros2_ws/src/install/oradar_lidar/bin'
[10.653s] Level 1:colcon.colcon_core.shell:create_environment_hook('oradar_lidar', 'path')
[10.654s] INFO:colcon.colcon_core.shell:Creating environment hook '/ros2_ws/src/install/oradar_lidar/share/oradar_lidar/hook/path.ps1'
[10.655s] INFO:colcon.colcon_core.shell:Creating environment descriptor '/ros2_ws/src/install/oradar_lidar/share/oradar_lidar/hook/path.dsv'
[10.659s] INFO:colcon.colcon_core.shell:Creating environment hook '/ros2_ws/src/install/oradar_lidar/share/oradar_lidar/hook/path.sh'
[10.661s] Level 1:colcon.colcon_core.environment:checking '/ros2_ws/src/install/oradar_lidar/lib/pkgconfig/oradar_lidar.pc'
[10.662s] Level 1:colcon.colcon_core.environment:checking '/ros2_ws/src/install/oradar_lidar/lib/python3.10/site-packages'
[10.662s] Level 1:colcon.colcon_core.environment:checking '/ros2_ws/src/install/oradar_lidar/bin'
[10.663s] Level 1:colcon.colcon_core.shell:create_environment_hook('oradar_lidar', 'pythonscriptspath')
[10.663s] INFO:colcon.colcon_core.shell:Creating environment hook '/ros2_ws/src/install/oradar_lidar/share/oradar_lidar/hook/pythonscriptspath.ps1'
[10.670s] INFO:colcon.colcon_core.shell:Creating environment descriptor '/ros2_ws/src/install/oradar_lidar/share/oradar_lidar/hook/pythonscriptspath.dsv'
[10.672s] INFO:colcon.colcon_core.shell:Creating environment hook '/ros2_ws/src/install/oradar_lidar/share/oradar_lidar/hook/pythonscriptspath.sh'
[10.677s] INFO:colcon.colcon_core.shell:Creating package script '/ros2_ws/src/install/oradar_lidar/share/oradar_lidar/package.ps1'
[10.678s] INFO:colcon.colcon_core.shell:Creating package descriptor '/ros2_ws/src/install/oradar_lidar/share/oradar_lidar/package.dsv'
[10.682s] INFO:colcon.colcon_core.shell:Creating package script '/ros2_ws/src/install/oradar_lidar/share/oradar_lidar/package.sh'
[10.684s] INFO:colcon.colcon_core.shell:Creating package script '/ros2_ws/src/install/oradar_lidar/share/oradar_lidar/package.bash'
[10.689s] INFO:colcon.colcon_core.shell:Creating package script '/ros2_ws/src/install/oradar_lidar/share/oradar_lidar/package.zsh'
[10.690s] Level 1:colcon.colcon_core.environment:create_file_with_runtime_dependencies(/ros2_ws/src/install/oradar_lidar/share/colcon-core/packages/oradar_lidar)
[10.695s] Level 1:colcon.colcon_core.environment:create_environment_scripts_only(oradar_lidar)
[10.695s] Level 1:colcon.colcon_core.environment:checking '/ros2_ws/src/install/oradar_lidar' for CMake module files
[10.701s] Level 1:colcon.colcon_core.environment:checking '/ros2_ws/src/install/oradar_lidar' for CMake config files
[10.702s] Level 1:colcon.colcon_core.shell:create_environment_hook('oradar_lidar', 'cmake_prefix_path')
[10.708s] INFO:colcon.colcon_core.shell:Creating environment hook '/ros2_ws/src/install/oradar_lidar/share/oradar_lidar/hook/cmake_prefix_path.ps1'
[10.710s] INFO:colcon.colcon_core.shell:Creating environment descriptor '/ros2_ws/src/install/oradar_lidar/share/oradar_lidar/hook/cmake_prefix_path.dsv'
[10.719s] INFO:colcon.colcon_core.shell:Creating environment hook '/ros2_ws/src/install/oradar_lidar/share/oradar_lidar/hook/cmake_prefix_path.sh'
[10.721s] Level 1:colcon.colcon_core.environment:checking '/ros2_ws/src/install/oradar_lidar/lib'
[10.721s] Level 1:colcon.colcon_core.environment:checking '/ros2_ws/src/install/oradar_lidar/bin'
[10.721s] Level 1:colcon.colcon_core.shell:create_environment_hook('oradar_lidar', 'path')
[10.725s] INFO:colcon.colcon_core.shell:Creating environment hook '/ros2_ws/src/install/oradar_lidar/share/oradar_lidar/hook/path.ps1'
[10.726s] INFO:colcon.colcon_core.shell:Creating environment descriptor '/ros2_ws/src/install/oradar_lidar/share/oradar_lidar/hook/path.dsv'
[10.730s] INFO:colcon.colcon_core.shell:Creating environment hook '/ros2_ws/src/install/oradar_lidar/share/oradar_lidar/hook/path.sh'
[10.731s] Level 1:colcon.colcon_core.environment:checking '/ros2_ws/src/install/oradar_lidar/lib/pkgconfig/oradar_lidar.pc'
[10.732s] Level 1:colcon.colcon_core.environment:checking '/ros2_ws/src/install/oradar_lidar/lib/python3.10/site-packages'
[10.732s] Level 1:colcon.colcon_core.environment:checking '/ros2_ws/src/install/oradar_lidar/bin'
[10.732s] Level 1:colcon.colcon_core.shell:create_environment_hook('oradar_lidar', 'pythonscriptspath')
[10.733s] INFO:colcon.colcon_core.shell:Creating environment hook '/ros2_ws/src/install/oradar_lidar/share/oradar_lidar/hook/pythonscriptspath.ps1'
[10.734s] INFO:colcon.colcon_core.shell:Creating environment descriptor '/ros2_ws/src/install/oradar_lidar/share/oradar_lidar/hook/pythonscriptspath.dsv'
[10.738s] INFO:colcon.colcon_core.shell:Creating environment hook '/ros2_ws/src/install/oradar_lidar/share/oradar_lidar/hook/pythonscriptspath.sh'
[10.743s] INFO:colcon.colcon_core.shell:Creating package script '/ros2_ws/src/install/oradar_lidar/share/oradar_lidar/package.ps1'
[10.744s] INFO:colcon.colcon_core.shell:Creating package descriptor '/ros2_ws/src/install/oradar_lidar/share/oradar_lidar/package.dsv'
[10.748s] INFO:colcon.colcon_core.shell:Creating package script '/ros2_ws/src/install/oradar_lidar/share/oradar_lidar/package.sh'
[10.753s] INFO:colcon.colcon_core.shell:Creating package script '/ros2_ws/src/install/oradar_lidar/share/oradar_lidar/package.bash'
[10.754s] INFO:colcon.colcon_core.shell:Creating package script '/ros2_ws/src/install/oradar_lidar/share/oradar_lidar/package.zsh'
[10.758s] Level 1:colcon.colcon_core.environment:create_file_with_runtime_dependencies(/ros2_ws/src/install/oradar_lidar/share/colcon-core/packages/oradar_lidar)
[18.061s] DEBUG:colcon.colcon_core.event_handler.log_command:Invoked command in '/ros2_ws/src/build/msgs_srvs' returned '0': CMAKE_PREFIX_PATH=${CMAKE_PREFIX_PATH}:/ros2_ws/src/install/peripherals:/ros2_ws/src/install/driver:/opt/ros/humble /usr/bin/cmake --build /ros2_ws/src/build/msgs_srvs -- -j4 -l4
[18.064s] DEBUG:colcon.colcon_core.event_handler.log_command:Invoking command in '/ros2_ws/src/build/msgs_srvs': CMAKE_PREFIX_PATH=${CMAKE_PREFIX_PATH}:/ros2_ws/src/install/peripherals:/ros2_ws/src/install/driver:/opt/ros/humble /usr/bin/cmake --install /ros2_ws/src/build/msgs_srvs
[18.209s] Level 1:colcon.colcon_core.environment:create_environment_scripts_only(msgs_srvs)
[18.209s] Level 1:colcon.colcon_core.environment:checking '/ros2_ws/src/install/msgs_srvs' for CMake module files
[18.210s] DEBUG:colcon.colcon_core.event_handler.log_command:Invoked command in '/ros2_ws/src/build/msgs_srvs' returned '0': CMAKE_PREFIX_PATH=${CMAKE_PREFIX_PATH}:/ros2_ws/src/install/peripherals:/ros2_ws/src/install/driver:/opt/ros/humble /usr/bin/cmake --install /ros2_ws/src/build/msgs_srvs
[18.211s] Level 1:colcon.colcon_core.environment:checking '/ros2_ws/src/install/msgs_srvs' for CMake config files
[18.212s] Level 1:colcon.colcon_core.shell:create_environment_hook('msgs_srvs', 'cmake_prefix_path')
[18.212s] INFO:colcon.colcon_core.shell:Creating environment hook '/ros2_ws/src/install/msgs_srvs/share/msgs_srvs/hook/cmake_prefix_path.ps1'
[18.213s] INFO:colcon.colcon_core.shell:Creating environment descriptor '/ros2_ws/src/install/msgs_srvs/share/msgs_srvs/hook/cmake_prefix_path.dsv'
[18.221s] INFO:colcon.colcon_core.shell:Creating environment hook '/ros2_ws/src/install/msgs_srvs/share/msgs_srvs/hook/cmake_prefix_path.sh'
[18.222s] Level 1:colcon.colcon_core.environment:checking '/ros2_ws/src/install/msgs_srvs/lib'
[18.222s] Level 1:colcon.colcon_core.shell:create_environment_hook('msgs_srvs', 'ld_library_path_lib')
[18.222s] INFO:colcon.colcon_core.shell:Creating environment hook '/ros2_ws/src/install/msgs_srvs/share/msgs_srvs/hook/ld_library_path_lib.ps1'
[18.223s] INFO:colcon.colcon_core.shell:Creating environment descriptor '/ros2_ws/src/install/msgs_srvs/share/msgs_srvs/hook/ld_library_path_lib.dsv'
[18.224s] INFO:colcon.colcon_core.shell:Creating environment hook '/ros2_ws/src/install/msgs_srvs/share/msgs_srvs/hook/ld_library_path_lib.sh'
[18.225s] Level 1:colcon.colcon_core.environment:checking '/ros2_ws/src/install/msgs_srvs/bin'
[18.225s] Level 1:colcon.colcon_core.environment:checking '/ros2_ws/src/install/msgs_srvs/lib/pkgconfig/msgs_srvs.pc'
[18.225s] Level 1:colcon.colcon_core.environment:checking '/ros2_ws/src/install/msgs_srvs/lib/python3.10/site-packages'
[18.226s] Level 1:colcon.colcon_core.environment:checking '/ros2_ws/src/install/msgs_srvs/bin'
[18.226s] INFO:colcon.colcon_core.shell:Creating package script '/ros2_ws/src/install/msgs_srvs/share/msgs_srvs/package.ps1'
[18.227s] INFO:colcon.colcon_core.shell:Creating package descriptor '/ros2_ws/src/install/msgs_srvs/share/msgs_srvs/package.dsv'
[18.228s] INFO:colcon.colcon_core.shell:Creating package script '/ros2_ws/src/install/msgs_srvs/share/msgs_srvs/package.sh'
[18.228s] INFO:colcon.colcon_core.shell:Creating package script '/ros2_ws/src/install/msgs_srvs/share/msgs_srvs/package.bash'
[18.229s] INFO:colcon.colcon_core.shell:Creating package script '/ros2_ws/src/install/msgs_srvs/share/msgs_srvs/package.zsh'
[18.230s] Level 1:colcon.colcon_core.environment:create_file_with_runtime_dependencies(/ros2_ws/src/install/msgs_srvs/share/colcon-core/packages/msgs_srvs)
[18.232s] Level 1:colcon.colcon_core.environment:create_environment_scripts_only(msgs_srvs)
[18.233s] Level 1:colcon.colcon_core.environment:checking '/ros2_ws/src/install/msgs_srvs' for CMake module files
[18.234s] Level 1:colcon.colcon_core.environment:checking '/ros2_ws/src/install/msgs_srvs' for CMake config files
[18.236s] Level 1:colcon.colcon_core.shell:create_environment_hook('msgs_srvs', 'cmake_prefix_path')
[18.236s] INFO:colcon.colcon_core.shell:Creating environment hook '/ros2_ws/src/install/msgs_srvs/share/msgs_srvs/hook/cmake_prefix_path.ps1'
[18.237s] INFO:colcon.colcon_core.shell:Creating environment descriptor '/ros2_ws/src/install/msgs_srvs/share/msgs_srvs/hook/cmake_prefix_path.dsv'
[18.238s] INFO:colcon.colcon_core.shell:Creating environment hook '/ros2_ws/src/install/msgs_srvs/share/msgs_srvs/hook/cmake_prefix_path.sh'
[18.240s] Level 1:colcon.colcon_core.environment:checking '/ros2_ws/src/install/msgs_srvs/lib'
[18.240s] Level 1:colcon.colcon_core.shell:create_environment_hook('msgs_srvs', 'ld_library_path_lib')
[18.241s] INFO:colcon.colcon_core.shell:Creating environment hook '/ros2_ws/src/install/msgs_srvs/share/msgs_srvs/hook/ld_library_path_lib.ps1'
[18.241s] INFO:colcon.colcon_core.shell:Creating environment descriptor '/ros2_ws/src/install/msgs_srvs/share/msgs_srvs/hook/ld_library_path_lib.dsv'
[18.243s] INFO:colcon.colcon_core.shell:Creating environment hook '/ros2_ws/src/install/msgs_srvs/share/msgs_srvs/hook/ld_library_path_lib.sh'
[18.245s] Level 1:colcon.colcon_core.environment:checking '/ros2_ws/src/install/msgs_srvs/bin'
[18.245s] Level 1:colcon.colcon_core.environment:checking '/ros2_ws/src/install/msgs_srvs/lib/pkgconfig/msgs_srvs.pc'
[18.246s] Level 1:colcon.colcon_core.environment:checking '/ros2_ws/src/install/msgs_srvs/lib/python3.10/site-packages'
[18.247s] Level 1:colcon.colcon_core.environment:checking '/ros2_ws/src/install/msgs_srvs/bin'
[18.248s] INFO:colcon.colcon_core.shell:Creating package script '/ros2_ws/src/install/msgs_srvs/share/msgs_srvs/package.ps1'
[18.252s] INFO:colcon.colcon_core.shell:Creating package descriptor '/ros2_ws/src/install/msgs_srvs/share/msgs_srvs/package.dsv'
[18.254s] INFO:colcon.colcon_core.shell:Creating package script '/ros2_ws/src/install/msgs_srvs/share/msgs_srvs/package.sh'
[18.255s] INFO:colcon.colcon_core.shell:Creating package script '/ros2_ws/src/install/msgs_srvs/share/msgs_srvs/package.bash'
[18.256s] INFO:colcon.colcon_core.shell:Creating package script '/ros2_ws/src/install/msgs_srvs/share/msgs_srvs/package.zsh'
[18.258s] Level 1:colcon.colcon_core.environment:create_file_with_runtime_dependencies(/ros2_ws/src/install/msgs_srvs/share/colcon-core/packages/msgs_srvs)
[18.261s] DEBUG:colcon.colcon_parallel_executor.executor.parallel:closing loop
[18.261s] DEBUG:colcon.colcon_parallel_executor.executor.parallel:loop closed
[18.261s] DEBUG:colcon.colcon_parallel_executor.executor.parallel:run_until_complete finished with '0'
[18.261s] DEBUG:colcon.colcon_core.event_reactor:joining thread
[18.271s] INFO:colcon.colcon_core.plugin_system:Skipping extension 'colcon_notification.desktop_notification.terminal_notifier': Not used on non-Darwin systems
[18.271s] INFO:colcon.colcon_core.plugin_system:Skipping extension 'colcon_notification.desktop_notification.win32': Not used on non-Windows systems
[18.271s] INFO:colcon.colcon_notification.desktop_notification:Sending desktop notification using 'notify2'
[18.305s] DEBUG:colcon.colcon_core.event_reactor:joined thread
[18.306s] INFO:colcon.colcon_core.shell:Creating prefix script '/ros2_ws/src/install/local_setup.ps1'
[18.308s] INFO:colcon.colcon_core.shell:Creating prefix util module '/ros2_ws/src/install/_local_setup_util_ps1.py'
[18.314s] INFO:colcon.colcon_core.shell:Creating prefix chain script '/ros2_ws/src/install/setup.ps1'
[18.316s] INFO:colcon.colcon_core.shell:Creating prefix script '/ros2_ws/src/install/local_setup.sh'
[18.318s] INFO:colcon.colcon_core.shell:Creating prefix util module '/ros2_ws/src/install/_local_setup_util_sh.py'
[18.320s] INFO:colcon.colcon_core.shell:Creating prefix chain script '/ros2_ws/src/install/setup.sh'
[18.323s] INFO:colcon.colcon_core.shell:Creating prefix script '/ros2_ws/src/install/local_setup.bash'
[18.324s] INFO:colcon.colcon_core.shell:Creating prefix chain script '/ros2_ws/src/install/setup.bash'
[18.325s] INFO:colcon.colcon_core.shell:Creating prefix script '/ros2_ws/src/install/local_setup.zsh'
[18.327s] INFO:colcon.colcon_core.shell:Creating prefix chain script '/ros2_ws/src/install/setup.zsh'
