[2.115s] Invoking command in '/ros2_ws/src/build/peripherals': PYTHONPATH=/ros2_ws/src/build/peripherals/prefix_override:/usr/lib/python3/dist-packages/colcon_core/task/python/colcon_distutils_commands:/ros2_ws/src/install/peripherals/lib/python3.10/site-packages:${PYTHONPATH} /usr/bin/python3 -W ignore:setup.py install is deprecated -W ignore:easy_install command is deprecated setup.py develop --editable --build-directory /ros2_ws/src/build/peripherals/build --no-deps symlink_data
[2.807s] running develop
[3.139s] running egg_info
[3.139s] creating peripherals.egg-info
[3.139s] writing peripherals.egg-info/PKG-INFO
[3.140s] writing dependency_links to peripherals.egg-info/dependency_links.txt
[3.141s] writing entry points to peripherals.egg-info/entry_points.txt
[3.141s] writing requirements to peripherals.egg-info/requires.txt
[3.141s] writing top-level names to peripherals.egg-info/top_level.txt
[3.141s] writing manifest file 'peripherals.egg-info/SOURCES.txt'
[3.145s] reading manifest file 'peripherals.egg-info/SOURCES.txt'
[3.146s] writing manifest file 'peripherals.egg-info/SOURCES.txt'
[3.150s] running build_ext
[3.150s] Creating /ros2_ws/src/install/peripherals/lib/python3.10/site-packages/peripherals.egg-link (link to .)
[3.153s] Installing teleop_keyboard script to /ros2_ws/src/install/peripherals/lib/peripherals
[3.153s] 
[3.157s] Installed /ros2_ws/src/build/peripherals
[3.159s] running symlink_data
[3.160s] creating /ros2_ws/src/install/peripherals/share/ament_index
[3.160s] creating /ros2_ws/src/install/peripherals/share/ament_index/resource_index
[3.160s] creating /ros2_ws/src/install/peripherals/share/ament_index/resource_index/packages
[3.160s] symbolically linking /ros2_ws/src/build/peripherals/resource/peripherals -> /ros2_ws/src/install/peripherals/share/ament_index/resource_index/packages
[3.161s] symbolically linking /ros2_ws/src/build/peripherals/package.xml -> /ros2_ws/src/install/peripherals/share/peripherals
[3.325s] Invoked command in '/ros2_ws/src/build/peripherals' returned '0': PYTHONPATH=/ros2_ws/src/build/peripherals/prefix_override:/usr/lib/python3/dist-packages/colcon_core/task/python/colcon_distutils_commands:/ros2_ws/src/install/peripherals/lib/python3.10/site-packages:${PYTHONPATH} /usr/bin/python3 -W ignore:setup.py install is deprecated -W ignore:easy_install command is deprecated setup.py develop --editable --build-directory /ros2_ws/src/build/peripherals/build --no-deps symlink_data
