[0.159s] DEBUG:colcon:Command line arguments: ['/usr/bin/colcon', 'build', '--symlink-install']
[0.159s] DEBUG:colcon:Parsed command line arguments: Namespace(log_base=None, log_level=None, verb_name='build', build_base='build', install_base='install', merge_install=False, symlink_install=True, test_result_base=None, continue_on_error=False, executor='parallel', parallel_workers=4, event_handlers=None, ignore_user_meta=False, metas=['./colcon.meta'], base_paths=['.'], packages_ignore=None, packages_ignore_regex=None, paths=None, packages_up_to=None, packages_up_to_regex=None, packages_above=None, packages_above_and_dependencies=None, packages_above_depth=None, packages_select_by_dep=None, packages_skip_by_dep=None, packages_skip_up_to=None, packages_select_build_failed=False, packages_skip_build_finished=False, packages_select_test_failures=False, packages_skip_test_passed=False, packages_select=None, packages_skip=None, packages_select_regex=None, packages_skip_regex=None, packages_start=None, packages_end=None, allow_overriding=[], cmake_args=None, cmake_target=None, cmake_target_skip_unavailable=False, cmake_clean_cache=False, cmake_clean_first=False, cmake_force_configure=False, ament_cmake_args=None, catkin_cmake_args=None, catkin_skip_building_tests=False, mixin_files=None, mixin=None, verb_parser=<colcon_mixin.mixin.mixin_argument.MixinArgumentDecorator object at 0xffffaa64d3f0>, verb_extension=<colcon_core.verb.build.BuildVerb object at 0xffffaa64ce80>, main=<bound method BuildVerb.main of <colcon_core.verb.build.BuildVerb object at 0xffffaa64ce80>>, mixin_verb=('build',))
[0.375s] Level 1:colcon.colcon_core.package_discovery:discover_packages(colcon_meta) check parameters
[0.375s] Level 1:colcon.colcon_core.package_discovery:discover_packages(recursive) check parameters
[0.375s] Level 1:colcon.colcon_core.package_discovery:discover_packages(ignore) check parameters
[0.375s] Level 1:colcon.colcon_core.package_discovery:discover_packages(path) check parameters
[0.375s] Level 1:colcon.colcon_core.package_discovery:discover_packages(colcon_meta) discover
[0.375s] Level 1:colcon.colcon_core.package_discovery:discover_packages(recursive) discover
[0.375s] INFO:colcon.colcon_core.package_discovery:Crawling recursively for packages in '/ros2_ws/src'
[0.375s] Level 1:colcon.colcon_core.package_identification:_identify(.) by extensions ['ignore', 'ignore_ament_install']
[0.376s] Level 1:colcon.colcon_core.package_identification:_identify(.) by extension 'ignore'
[0.376s] Level 1:colcon.colcon_core.package_identification:_identify(.) by extension 'ignore_ament_install'
[0.376s] Level 1:colcon.colcon_core.package_identification:_identify(.) by extensions ['colcon_pkg']
[0.376s] Level 1:colcon.colcon_core.package_identification:_identify(.) by extension 'colcon_pkg'
[0.376s] Level 1:colcon.colcon_core.package_identification:_identify(.) by extensions ['colcon_meta']
[0.376s] Level 1:colcon.colcon_core.package_identification:_identify(.) by extension 'colcon_meta'
[0.376s] Level 1:colcon.colcon_core.package_identification:_identify(.) by extensions ['ros']
[0.376s] Level 1:colcon.colcon_core.package_identification:_identify(.) by extension 'ros'
[0.393s] Level 1:colcon.colcon_core.package_identification:_identify(.) by extensions ['cmake', 'python']
[0.394s] Level 1:colcon.colcon_core.package_identification:_identify(.) by extension 'cmake'
[0.394s] Level 1:colcon.colcon_core.package_identification:_identify(.) by extension 'python'
[0.394s] Level 1:colcon.colcon_core.package_identification:_identify(.) by extensions ['python_setup_py']
[0.394s] Level 1:colcon.colcon_core.package_identification:_identify(.) by extension 'python_setup_py'
[0.394s] Level 1:colcon.colcon_core.package_identification:_identify(build) by extensions ['ignore', 'ignore_ament_install']
[0.394s] Level 1:colcon.colcon_core.package_identification:_identify(build) by extension 'ignore'
[0.394s] Level 1:colcon.colcon_core.package_identification:_identify(build) ignored
[0.394s] Level 1:colcon.colcon_core.package_identification:_identify(driver) by extensions ['ignore', 'ignore_ament_install']
[0.394s] Level 1:colcon.colcon_core.package_identification:_identify(driver) by extension 'ignore'
[0.394s] Level 1:colcon.colcon_core.package_identification:_identify(driver) by extension 'ignore_ament_install'
[0.395s] Level 1:colcon.colcon_core.package_identification:_identify(driver) by extensions ['colcon_pkg']
[0.395s] Level 1:colcon.colcon_core.package_identification:_identify(driver) by extension 'colcon_pkg'
[0.395s] Level 1:colcon.colcon_core.package_identification:_identify(driver) by extensions ['colcon_meta']
[0.395s] Level 1:colcon.colcon_core.package_identification:_identify(driver) by extension 'colcon_meta'
[0.395s] Level 1:colcon.colcon_core.package_identification:_identify(driver) by extensions ['ros']
[0.395s] Level 1:colcon.colcon_core.package_identification:_identify(driver) by extension 'ros'
[0.398s] DEBUG:colcon.colcon_core.package_identification:Package 'driver' with type 'ros.ament_python' and name 'driver'
[0.398s] Level 1:colcon.colcon_core.package_identification:_identify(install) by extensions ['ignore', 'ignore_ament_install']
[0.399s] Level 1:colcon.colcon_core.package_identification:_identify(install) by extension 'ignore'
[0.399s] Level 1:colcon.colcon_core.package_identification:_identify(install) ignored
[0.399s] Level 1:colcon.colcon_core.package_identification:_identify(log) by extensions ['ignore', 'ignore_ament_install']
[0.399s] Level 1:colcon.colcon_core.package_identification:_identify(log) by extension 'ignore'
[0.399s] Level 1:colcon.colcon_core.package_identification:_identify(log) ignored
[0.399s] Level 1:colcon.colcon_core.package_identification:_identify(msgs_srvs) by extensions ['ignore', 'ignore_ament_install']
[0.399s] Level 1:colcon.colcon_core.package_identification:_identify(msgs_srvs) by extension 'ignore'
[0.399s] Level 1:colcon.colcon_core.package_identification:_identify(msgs_srvs) by extension 'ignore_ament_install'
[0.399s] Level 1:colcon.colcon_core.package_identification:_identify(msgs_srvs) by extensions ['colcon_pkg']
[0.399s] Level 1:colcon.colcon_core.package_identification:_identify(msgs_srvs) by extension 'colcon_pkg'
[0.399s] Level 1:colcon.colcon_core.package_identification:_identify(msgs_srvs) by extensions ['colcon_meta']
[0.399s] Level 1:colcon.colcon_core.package_identification:_identify(msgs_srvs) by extension 'colcon_meta'
[0.399s] Level 1:colcon.colcon_core.package_identification:_identify(msgs_srvs) by extensions ['ros']
[0.399s] Level 1:colcon.colcon_core.package_identification:_identify(msgs_srvs) by extension 'ros'
[0.400s] DEBUG:colcon.colcon_core.package_identification:Package 'msgs_srvs' with type 'ros.ament_cmake' and name 'msgs_srvs'
[0.400s] Level 1:colcon.colcon_core.package_identification:_identify(p2117_ros) by extensions ['ignore', 'ignore_ament_install']
[0.401s] Level 1:colcon.colcon_core.package_identification:_identify(p2117_ros) by extension 'ignore'
[0.401s] Level 1:colcon.colcon_core.package_identification:_identify(p2117_ros) by extension 'ignore_ament_install'
[0.401s] Level 1:colcon.colcon_core.package_identification:_identify(p2117_ros) by extensions ['colcon_pkg']
[0.401s] Level 1:colcon.colcon_core.package_identification:_identify(p2117_ros) by extension 'colcon_pkg'
[0.401s] Level 1:colcon.colcon_core.package_identification:_identify(p2117_ros) by extensions ['colcon_meta']
[0.401s] Level 1:colcon.colcon_core.package_identification:_identify(p2117_ros) by extension 'colcon_meta'
[0.401s] Level 1:colcon.colcon_core.package_identification:_identify(p2117_ros) by extensions ['ros']
[0.401s] Level 1:colcon.colcon_core.package_identification:_identify(p2117_ros) by extension 'ros'
[0.401s] Level 1:colcon.colcon_core.package_identification:_identify(p2117_ros) by extensions ['cmake', 'python']
[0.401s] Level 1:colcon.colcon_core.package_identification:_identify(p2117_ros) by extension 'cmake'
[0.401s] Level 1:colcon.colcon_core.package_identification:_identify(p2117_ros) by extension 'python'
[0.401s] Level 1:colcon.colcon_core.package_identification:_identify(p2117_ros) by extensions ['python_setup_py']
[0.401s] Level 1:colcon.colcon_core.package_identification:_identify(p2117_ros) by extension 'python_setup_py'
[0.401s] Level 1:colcon.colcon_core.package_identification:_identify(p2117_ros/oradar_ros) by extensions ['ignore', 'ignore_ament_install']
[0.401s] Level 1:colcon.colcon_core.package_identification:_identify(p2117_ros/oradar_ros) by extension 'ignore'
[0.401s] Level 1:colcon.colcon_core.package_identification:_identify(p2117_ros/oradar_ros) by extension 'ignore_ament_install'
[0.401s] Level 1:colcon.colcon_core.package_identification:_identify(p2117_ros/oradar_ros) by extensions ['colcon_pkg']
[0.401s] Level 1:colcon.colcon_core.package_identification:_identify(p2117_ros/oradar_ros) by extension 'colcon_pkg'
[0.401s] Level 1:colcon.colcon_core.package_identification:_identify(p2117_ros/oradar_ros) by extensions ['colcon_meta']
[0.402s] Level 1:colcon.colcon_core.package_identification:_identify(p2117_ros/oradar_ros) by extension 'colcon_meta'
[0.402s] Level 1:colcon.colcon_core.package_identification:_identify(p2117_ros/oradar_ros) by extensions ['ros']
[0.402s] Level 1:colcon.colcon_core.package_identification:_identify(p2117_ros/oradar_ros) by extension 'ros'
[0.402s] DEBUG:colcon.colcon_core.package_identification:Package 'p2117_ros/oradar_ros' with type 'ros.ament_cmake' and name 'oradar_lidar'
[0.403s] Level 1:colcon.colcon_core.package_identification:_identify(peripherals) by extensions ['ignore', 'ignore_ament_install']
[0.403s] Level 1:colcon.colcon_core.package_identification:_identify(peripherals) by extension 'ignore'
[0.403s] Level 1:colcon.colcon_core.package_identification:_identify(peripherals) by extension 'ignore_ament_install'
[0.403s] Level 1:colcon.colcon_core.package_identification:_identify(peripherals) by extensions ['colcon_pkg']
[0.403s] Level 1:colcon.colcon_core.package_identification:_identify(peripherals) by extension 'colcon_pkg'
[0.403s] Level 1:colcon.colcon_core.package_identification:_identify(peripherals) by extensions ['colcon_meta']
[0.403s] Level 1:colcon.colcon_core.package_identification:_identify(peripherals) by extension 'colcon_meta'
[0.403s] Level 1:colcon.colcon_core.package_identification:_identify(peripherals) by extensions ['ros']
[0.403s] Level 1:colcon.colcon_core.package_identification:_identify(peripherals) by extension 'ros'
[0.404s] DEBUG:colcon.colcon_core.package_identification:Package 'peripherals' with type 'ros.ament_python' and name 'peripherals'
[0.404s] Level 1:colcon.colcon_core.package_discovery:discover_packages(recursive) using defaults
[0.404s] Level 1:colcon.colcon_core.package_discovery:discover_packages(ignore) discover
[0.404s] Level 1:colcon.colcon_core.package_discovery:discover_packages(ignore) using defaults
[0.404s] Level 1:colcon.colcon_core.package_discovery:discover_packages(path) discover
[0.404s] Level 1:colcon.colcon_core.package_discovery:discover_packages(path) using defaults
[0.436s] Level 1:colcon.colcon_core.package_discovery:discover_packages(prefix_path) check parameters
[0.436s] Level 1:colcon.colcon_core.package_discovery:discover_packages(prefix_path) discover
[0.439s] DEBUG:colcon.colcon_installed_package_information.package_discovery:Found 4 installed packages in /ros2_ws/src/install
[0.441s] DEBUG:colcon.colcon_installed_package_information.package_discovery:Found 271 installed packages in /opt/ros/humble
[0.467s] Level 1:colcon.colcon_core.package_discovery:discover_packages(prefix_path) using defaults
[0.519s] Level 5:colcon.colcon_core.verb:set package 'driver' build argument 'cmake_args' from command line to 'None'
[0.520s] Level 5:colcon.colcon_core.verb:set package 'driver' build argument 'cmake_target' from command line to 'None'
[0.520s] Level 5:colcon.colcon_core.verb:set package 'driver' build argument 'cmake_target_skip_unavailable' from command line to 'False'
[0.520s] Level 5:colcon.colcon_core.verb:set package 'driver' build argument 'cmake_clean_cache' from command line to 'False'
[0.520s] Level 5:colcon.colcon_core.verb:set package 'driver' build argument 'cmake_clean_first' from command line to 'False'
[0.520s] Level 5:colcon.colcon_core.verb:set package 'driver' build argument 'cmake_force_configure' from command line to 'False'
[0.520s] Level 5:colcon.colcon_core.verb:set package 'driver' build argument 'ament_cmake_args' from command line to 'None'
[0.520s] Level 5:colcon.colcon_core.verb:set package 'driver' build argument 'catkin_cmake_args' from command line to 'None'
[0.520s] Level 5:colcon.colcon_core.verb:set package 'driver' build argument 'catkin_skip_building_tests' from command line to 'False'
[0.520s] DEBUG:colcon.colcon_core.verb:Building package 'driver' with the following arguments: {'ament_cmake_args': None, 'build_base': '/ros2_ws/src/build/driver', 'catkin_cmake_args': None, 'catkin_skip_building_tests': False, 'cmake_args': None, 'cmake_clean_cache': False, 'cmake_clean_first': False, 'cmake_force_configure': False, 'cmake_target': None, 'cmake_target_skip_unavailable': False, 'install_base': '/ros2_ws/src/install/driver', 'merge_install': False, 'path': '/ros2_ws/src/driver', 'symlink_install': True, 'test_result_base': None}
[0.520s] Level 5:colcon.colcon_core.verb:set package 'msgs_srvs' build argument 'cmake_args' from command line to 'None'
[0.521s] Level 5:colcon.colcon_core.verb:set package 'msgs_srvs' build argument 'cmake_target' from command line to 'None'
[0.521s] Level 5:colcon.colcon_core.verb:set package 'msgs_srvs' build argument 'cmake_target_skip_unavailable' from command line to 'False'
[0.521s] Level 5:colcon.colcon_core.verb:set package 'msgs_srvs' build argument 'cmake_clean_cache' from command line to 'False'
[0.521s] Level 5:colcon.colcon_core.verb:set package 'msgs_srvs' build argument 'cmake_clean_first' from command line to 'False'
[0.521s] Level 5:colcon.colcon_core.verb:set package 'msgs_srvs' build argument 'cmake_force_configure' from command line to 'False'
[0.521s] Level 5:colcon.colcon_core.verb:set package 'msgs_srvs' build argument 'ament_cmake_args' from command line to 'None'
[0.521s] Level 5:colcon.colcon_core.verb:set package 'msgs_srvs' build argument 'catkin_cmake_args' from command line to 'None'
[0.521s] Level 5:colcon.colcon_core.verb:set package 'msgs_srvs' build argument 'catkin_skip_building_tests' from command line to 'False'
[0.521s] DEBUG:colcon.colcon_core.verb:Building package 'msgs_srvs' with the following arguments: {'ament_cmake_args': None, 'build_base': '/ros2_ws/src/build/msgs_srvs', 'catkin_cmake_args': None, 'catkin_skip_building_tests': False, 'cmake_args': None, 'cmake_clean_cache': False, 'cmake_clean_first': False, 'cmake_force_configure': False, 'cmake_target': None, 'cmake_target_skip_unavailable': False, 'install_base': '/ros2_ws/src/install/msgs_srvs', 'merge_install': False, 'path': '/ros2_ws/src/msgs_srvs', 'symlink_install': True, 'test_result_base': None}
[0.521s] Level 5:colcon.colcon_core.verb:set package 'oradar_lidar' build argument 'cmake_args' from command line to 'None'
[0.521s] Level 5:colcon.colcon_core.verb:set package 'oradar_lidar' build argument 'cmake_target' from command line to 'None'
[0.521s] Level 5:colcon.colcon_core.verb:set package 'oradar_lidar' build argument 'cmake_target_skip_unavailable' from command line to 'False'
[0.521s] Level 5:colcon.colcon_core.verb:set package 'oradar_lidar' build argument 'cmake_clean_cache' from command line to 'False'
[0.521s] Level 5:colcon.colcon_core.verb:set package 'oradar_lidar' build argument 'cmake_clean_first' from command line to 'False'
[0.521s] Level 5:colcon.colcon_core.verb:set package 'oradar_lidar' build argument 'cmake_force_configure' from command line to 'False'
[0.521s] Level 5:colcon.colcon_core.verb:set package 'oradar_lidar' build argument 'ament_cmake_args' from command line to 'None'
[0.521s] Level 5:colcon.colcon_core.verb:set package 'oradar_lidar' build argument 'catkin_cmake_args' from command line to 'None'
[0.521s] Level 5:colcon.colcon_core.verb:set package 'oradar_lidar' build argument 'catkin_skip_building_tests' from command line to 'False'
[0.522s] DEBUG:colcon.colcon_core.verb:Building package 'oradar_lidar' with the following arguments: {'ament_cmake_args': None, 'build_base': '/ros2_ws/src/build/oradar_lidar', 'catkin_cmake_args': None, 'catkin_skip_building_tests': False, 'cmake_args': None, 'cmake_clean_cache': False, 'cmake_clean_first': False, 'cmake_force_configure': False, 'cmake_target': None, 'cmake_target_skip_unavailable': False, 'install_base': '/ros2_ws/src/install/oradar_lidar', 'merge_install': False, 'path': '/ros2_ws/src/p2117_ros/oradar_ros', 'symlink_install': True, 'test_result_base': None}
[0.522s] Level 5:colcon.colcon_core.verb:set package 'peripherals' build argument 'cmake_args' from command line to 'None'
[0.522s] Level 5:colcon.colcon_core.verb:set package 'peripherals' build argument 'cmake_target' from command line to 'None'
[0.522s] Level 5:colcon.colcon_core.verb:set package 'peripherals' build argument 'cmake_target_skip_unavailable' from command line to 'False'
[0.522s] Level 5:colcon.colcon_core.verb:set package 'peripherals' build argument 'cmake_clean_cache' from command line to 'False'
[0.522s] Level 5:colcon.colcon_core.verb:set package 'peripherals' build argument 'cmake_clean_first' from command line to 'False'
[0.522s] Level 5:colcon.colcon_core.verb:set package 'peripherals' build argument 'cmake_force_configure' from command line to 'False'
[0.522s] Level 5:colcon.colcon_core.verb:set package 'peripherals' build argument 'ament_cmake_args' from command line to 'None'
[0.522s] Level 5:colcon.colcon_core.verb:set package 'peripherals' build argument 'catkin_cmake_args' from command line to 'None'
[0.522s] Level 5:colcon.colcon_core.verb:set package 'peripherals' build argument 'catkin_skip_building_tests' from command line to 'False'
[0.522s] DEBUG:colcon.colcon_core.verb:Building package 'peripherals' with the following arguments: {'ament_cmake_args': None, 'build_base': '/ros2_ws/src/build/peripherals', 'catkin_cmake_args': None, 'catkin_skip_building_tests': False, 'cmake_args': None, 'cmake_clean_cache': False, 'cmake_clean_first': False, 'cmake_force_configure': False, 'cmake_target': None, 'cmake_target_skip_unavailable': False, 'install_base': '/ros2_ws/src/install/peripherals', 'merge_install': False, 'path': '/ros2_ws/src/peripherals', 'symlink_install': True, 'test_result_base': None}
[0.522s] INFO:colcon.colcon_core.executor:Executing jobs using 'parallel' executor
[0.524s] DEBUG:colcon.colcon_parallel_executor.executor.parallel:run_until_complete
[0.524s] INFO:colcon.colcon_ros.task.ament_python.build:Building ROS package in '/ros2_ws/src/driver' with build type 'ament_python'
[0.525s] Level 1:colcon.colcon_core.shell:create_environment_hook('driver', 'ament_prefix_path')
[0.527s] INFO:colcon.colcon_core.plugin_system:Skipping extension 'colcon_core.shell.bat': Not used on non-Windows systems
[0.528s] INFO:colcon.colcon_core.shell:Creating environment hook '/ros2_ws/src/install/driver/share/driver/hook/ament_prefix_path.ps1'
[0.529s] INFO:colcon.colcon_core.shell:Creating environment descriptor '/ros2_ws/src/install/driver/share/driver/hook/ament_prefix_path.dsv'
[0.535s] INFO:colcon.colcon_core.shell:Creating environment hook '/ros2_ws/src/install/driver/share/driver/hook/ament_prefix_path.sh'
[0.538s] INFO:colcon.colcon_core.shell:Skip shell extension 'powershell' for command environment: Not usable outside of PowerShell
[0.539s] DEBUG:colcon.colcon_core.shell:Skip shell extension 'dsv' for command environment
[0.548s] INFO:colcon.colcon_ros.task.ament_cmake.build:Building ROS package in '/ros2_ws/src/msgs_srvs' with build type 'ament_cmake'
[0.548s] INFO:colcon.colcon_cmake.task.cmake.build:Building CMake package in '/ros2_ws/src/msgs_srvs'
[0.549s] INFO:colcon.colcon_core.shell:Skip shell extension 'powershell' for command environment: Not usable outside of PowerShell
[0.549s] DEBUG:colcon.colcon_core.shell:Skip shell extension 'dsv' for command environment
[0.554s] INFO:colcon.colcon_ros.task.ament_cmake.build:Building ROS package in '/ros2_ws/src/p2117_ros/oradar_ros' with build type 'ament_cmake'
[0.555s] INFO:colcon.colcon_cmake.task.cmake.build:Building CMake package in '/ros2_ws/src/p2117_ros/oradar_ros'
[0.555s] INFO:colcon.colcon_core.shell:Skip shell extension 'powershell' for command environment: Not usable outside of PowerShell
[0.555s] DEBUG:colcon.colcon_core.shell:Skip shell extension 'dsv' for command environment
[0.561s] INFO:colcon.colcon_ros.task.ament_python.build:Building ROS package in '/ros2_ws/src/peripherals' with build type 'ament_python'
[0.562s] Level 1:colcon.colcon_core.shell:create_environment_hook('peripherals', 'ament_prefix_path')
[0.565s] INFO:colcon.colcon_core.shell:Creating environment hook '/ros2_ws/src/install/peripherals/share/peripherals/hook/ament_prefix_path.ps1'
[0.570s] INFO:colcon.colcon_core.shell:Creating environment descriptor '/ros2_ws/src/install/peripherals/share/peripherals/hook/ament_prefix_path.dsv'
[0.573s] INFO:colcon.colcon_core.shell:Creating environment hook '/ros2_ws/src/install/peripherals/share/peripherals/hook/ament_prefix_path.sh'
[0.580s] INFO:colcon.colcon_core.shell:Skip shell extension 'powershell' for command environment: Not usable outside of PowerShell
[0.581s] DEBUG:colcon.colcon_core.shell:Skip shell extension 'dsv' for command environment
[1.006s] INFO:colcon.colcon_core.task.python.build:Building Python package in '/ros2_ws/src/driver'
[1.007s] INFO:colcon.colcon_core.shell:Skip shell extension 'powershell' for command environment: Not usable outside of PowerShell
[1.007s] DEBUG:colcon.colcon_core.shell:Skip shell extension 'dsv' for command environment
[1.021s] DEBUG:colcon.colcon_core.event_handler.log_command:Invoking command in '/ros2_ws/src/build/msgs_srvs': CMAKE_PREFIX_PATH=${CMAKE_PREFIX_PATH}:/ros2_ws/src/install/peripherals:/ros2_ws/src/install/driver:/opt/ros/humble /usr/bin/cmake --build /ros2_ws/src/build/msgs_srvs -- -j4 -l4
[1.037s] DEBUG:colcon.colcon_core.event_handler.log_command:Invoking command in '/ros2_ws/src/build/oradar_lidar': CMAKE_PREFIX_PATH=${CMAKE_PREFIX_PATH}:/ros2_ws/src/install/peripherals:/ros2_ws/src/install/driver:/opt/ros/humble /usr/bin/cmake --build /ros2_ws/src/build/oradar_lidar -- -j4 -l4
[1.799s] INFO:colcon.colcon_core.task.python.build:Building Python package in '/ros2_ws/src/peripherals'
[1.800s] INFO:colcon.colcon_core.shell:Skip shell extension 'powershell' for command environment: Not usable outside of PowerShell
[1.800s] DEBUG:colcon.colcon_core.shell:Skip shell extension 'dsv' for command environment
[1.829s] DEBUG:colcon.colcon_core.event_handler.log_command:Invoked command in '/ros2_ws/src/build/oradar_lidar' returned '0': CMAKE_PREFIX_PATH=${CMAKE_PREFIX_PATH}:/ros2_ws/src/install/peripherals:/ros2_ws/src/install/driver:/opt/ros/humble /usr/bin/cmake --build /ros2_ws/src/build/oradar_lidar -- -j4 -l4
[1.857s] DEBUG:colcon.colcon_core.event_handler.log_command:Invoking command in '/ros2_ws/src/build/oradar_lidar': CMAKE_PREFIX_PATH=${CMAKE_PREFIX_PATH}:/ros2_ws/src/install/peripherals:/ros2_ws/src/install/driver:/opt/ros/humble /usr/bin/cmake --install /ros2_ws/src/build/oradar_lidar
[1.975s] Level 1:colcon.colcon_core.environment:create_environment_scripts_only(oradar_lidar)
[1.979s] DEBUG:colcon.colcon_core.event_handler.log_command:Invoked command in '/ros2_ws/src/build/oradar_lidar' returned '0': CMAKE_PREFIX_PATH=${CMAKE_PREFIX_PATH}:/ros2_ws/src/install/peripherals:/ros2_ws/src/install/driver:/opt/ros/humble /usr/bin/cmake --install /ros2_ws/src/build/oradar_lidar
[1.990s] Level 1:colcon.colcon_core.environment:checking '/ros2_ws/src/install/oradar_lidar' for CMake module files
[1.991s] Level 1:colcon.colcon_core.environment:checking '/ros2_ws/src/install/oradar_lidar' for CMake config files
[1.992s] Level 1:colcon.colcon_core.shell:create_environment_hook('oradar_lidar', 'cmake_prefix_path')
[1.993s] INFO:colcon.colcon_core.shell:Creating environment hook '/ros2_ws/src/install/oradar_lidar/share/oradar_lidar/hook/cmake_prefix_path.ps1'
[1.995s] INFO:colcon.colcon_core.shell:Creating environment descriptor '/ros2_ws/src/install/oradar_lidar/share/oradar_lidar/hook/cmake_prefix_path.dsv'
[2.003s] INFO:colcon.colcon_core.shell:Creating environment hook '/ros2_ws/src/install/oradar_lidar/share/oradar_lidar/hook/cmake_prefix_path.sh'
[2.009s] Level 1:colcon.colcon_core.environment:checking '/ros2_ws/src/install/oradar_lidar/lib'
[2.009s] Level 1:colcon.colcon_core.environment:checking '/ros2_ws/src/install/oradar_lidar/bin'
[2.010s] Level 1:colcon.colcon_core.shell:create_environment_hook('oradar_lidar', 'path')
[2.010s] INFO:colcon.colcon_core.shell:Creating environment hook '/ros2_ws/src/install/oradar_lidar/share/oradar_lidar/hook/path.ps1'
[2.012s] INFO:colcon.colcon_core.shell:Creating environment descriptor '/ros2_ws/src/install/oradar_lidar/share/oradar_lidar/hook/path.dsv'
[2.014s] INFO:colcon.colcon_core.shell:Creating environment hook '/ros2_ws/src/install/oradar_lidar/share/oradar_lidar/hook/path.sh'
[2.015s] Level 1:colcon.colcon_core.environment:checking '/ros2_ws/src/install/oradar_lidar/lib/pkgconfig/oradar_lidar.pc'
[2.016s] Level 1:colcon.colcon_core.environment:checking '/ros2_ws/src/install/oradar_lidar/lib/python3.10/site-packages'
[2.016s] Level 1:colcon.colcon_core.environment:checking '/ros2_ws/src/install/oradar_lidar/bin'
[2.016s] Level 1:colcon.colcon_core.shell:create_environment_hook('oradar_lidar', 'pythonscriptspath')
[2.017s] INFO:colcon.colcon_core.shell:Creating environment hook '/ros2_ws/src/install/oradar_lidar/share/oradar_lidar/hook/pythonscriptspath.ps1'
[2.018s] INFO:colcon.colcon_core.shell:Creating environment descriptor '/ros2_ws/src/install/oradar_lidar/share/oradar_lidar/hook/pythonscriptspath.dsv'
[2.020s] INFO:colcon.colcon_core.shell:Creating environment hook '/ros2_ws/src/install/oradar_lidar/share/oradar_lidar/hook/pythonscriptspath.sh'
[2.022s] INFO:colcon.colcon_core.shell:Creating package script '/ros2_ws/src/install/oradar_lidar/share/oradar_lidar/package.ps1'
[2.026s] INFO:colcon.colcon_core.shell:Creating package descriptor '/ros2_ws/src/install/oradar_lidar/share/oradar_lidar/package.dsv'
[2.028s] INFO:colcon.colcon_core.shell:Creating package script '/ros2_ws/src/install/oradar_lidar/share/oradar_lidar/package.sh'
[2.030s] INFO:colcon.colcon_core.shell:Creating package script '/ros2_ws/src/install/oradar_lidar/share/oradar_lidar/package.bash'
[2.034s] INFO:colcon.colcon_core.shell:Creating package script '/ros2_ws/src/install/oradar_lidar/share/oradar_lidar/package.zsh'
[2.038s] Level 1:colcon.colcon_core.environment:create_file_with_runtime_dependencies(/ros2_ws/src/install/oradar_lidar/share/colcon-core/packages/oradar_lidar)
[2.041s] Level 1:colcon.colcon_core.environment:create_environment_scripts_only(oradar_lidar)
[2.042s] Level 1:colcon.colcon_core.environment:checking '/ros2_ws/src/install/oradar_lidar' for CMake module files
[2.044s] Level 1:colcon.colcon_core.environment:checking '/ros2_ws/src/install/oradar_lidar' for CMake config files
[2.047s] Level 1:colcon.colcon_core.shell:create_environment_hook('oradar_lidar', 'cmake_prefix_path')
[2.048s] INFO:colcon.colcon_core.shell:Creating environment hook '/ros2_ws/src/install/oradar_lidar/share/oradar_lidar/hook/cmake_prefix_path.ps1'
[2.049s] INFO:colcon.colcon_core.shell:Creating environment descriptor '/ros2_ws/src/install/oradar_lidar/share/oradar_lidar/hook/cmake_prefix_path.dsv'
[2.057s] INFO:colcon.colcon_core.shell:Creating environment hook '/ros2_ws/src/install/oradar_lidar/share/oradar_lidar/hook/cmake_prefix_path.sh'
[2.059s] Level 1:colcon.colcon_core.environment:checking '/ros2_ws/src/install/oradar_lidar/lib'
[2.063s] Level 1:colcon.colcon_core.environment:checking '/ros2_ws/src/install/oradar_lidar/bin'
[2.063s] Level 1:colcon.colcon_core.shell:create_environment_hook('oradar_lidar', 'path')
[2.066s] INFO:colcon.colcon_core.shell:Creating environment hook '/ros2_ws/src/install/oradar_lidar/share/oradar_lidar/hook/path.ps1'
[2.073s] INFO:colcon.colcon_core.shell:Creating environment descriptor '/ros2_ws/src/install/oradar_lidar/share/oradar_lidar/hook/path.dsv'
[2.079s] INFO:colcon.colcon_core.shell:Creating environment hook '/ros2_ws/src/install/oradar_lidar/share/oradar_lidar/hook/path.sh'
[2.080s] Level 1:colcon.colcon_core.environment:checking '/ros2_ws/src/install/oradar_lidar/lib/pkgconfig/oradar_lidar.pc'
[2.081s] Level 1:colcon.colcon_core.environment:checking '/ros2_ws/src/install/oradar_lidar/lib/python3.10/site-packages'
[2.082s] Level 1:colcon.colcon_core.environment:checking '/ros2_ws/src/install/oradar_lidar/bin'
[2.083s] Level 1:colcon.colcon_core.shell:create_environment_hook('oradar_lidar', 'pythonscriptspath')
[2.084s] INFO:colcon.colcon_core.shell:Creating environment hook '/ros2_ws/src/install/oradar_lidar/share/oradar_lidar/hook/pythonscriptspath.ps1'
[2.085s] INFO:colcon.colcon_core.shell:Creating environment descriptor '/ros2_ws/src/install/oradar_lidar/share/oradar_lidar/hook/pythonscriptspath.dsv'
[2.086s] INFO:colcon.colcon_core.shell:Creating environment hook '/ros2_ws/src/install/oradar_lidar/share/oradar_lidar/hook/pythonscriptspath.sh'
[2.089s] INFO:colcon.colcon_core.shell:Creating package script '/ros2_ws/src/install/oradar_lidar/share/oradar_lidar/package.ps1'
[2.091s] INFO:colcon.colcon_core.shell:Creating package descriptor '/ros2_ws/src/install/oradar_lidar/share/oradar_lidar/package.dsv'
[2.092s] INFO:colcon.colcon_core.shell:Creating package script '/ros2_ws/src/install/oradar_lidar/share/oradar_lidar/package.sh'
[2.093s] INFO:colcon.colcon_core.shell:Creating package script '/ros2_ws/src/install/oradar_lidar/share/oradar_lidar/package.bash'
[2.094s] INFO:colcon.colcon_core.shell:Creating package script '/ros2_ws/src/install/oradar_lidar/share/oradar_lidar/package.zsh'
[2.098s] Level 1:colcon.colcon_core.environment:create_file_with_runtime_dependencies(/ros2_ws/src/install/oradar_lidar/share/colcon-core/packages/oradar_lidar)
[2.125s] DEBUG:colcon.colcon_core.event_handler.log_command:Invoked command in '/ros2_ws/src/build/msgs_srvs' returned '0': CMAKE_PREFIX_PATH=${CMAKE_PREFIX_PATH}:/ros2_ws/src/install/peripherals:/ros2_ws/src/install/driver:/opt/ros/humble /usr/bin/cmake --build /ros2_ws/src/build/msgs_srvs -- -j4 -l4
[2.126s] DEBUG:colcon.colcon_core.event_handler.log_command:Invoking command in '/ros2_ws/src/build/msgs_srvs': CMAKE_PREFIX_PATH=${CMAKE_PREFIX_PATH}:/ros2_ws/src/install/peripherals:/ros2_ws/src/install/driver:/opt/ros/humble /usr/bin/cmake --install /ros2_ws/src/build/msgs_srvs
[2.381s] Level 1:colcon.colcon_core.environment:create_environment_scripts_only(msgs_srvs)
[2.383s] Level 1:colcon.colcon_core.environment:checking '/ros2_ws/src/install/msgs_srvs' for CMake module files
[2.387s] DEBUG:colcon.colcon_core.event_handler.log_command:Invoked command in '/ros2_ws/src/build/msgs_srvs' returned '0': CMAKE_PREFIX_PATH=${CMAKE_PREFIX_PATH}:/ros2_ws/src/install/peripherals:/ros2_ws/src/install/driver:/opt/ros/humble /usr/bin/cmake --install /ros2_ws/src/build/msgs_srvs
[2.390s] Level 1:colcon.colcon_core.environment:checking '/ros2_ws/src/install/msgs_srvs' for CMake config files
[2.394s] Level 1:colcon.colcon_core.shell:create_environment_hook('msgs_srvs', 'cmake_prefix_path')
[2.395s] INFO:colcon.colcon_core.shell:Creating environment hook '/ros2_ws/src/install/msgs_srvs/share/msgs_srvs/hook/cmake_prefix_path.ps1'
[2.396s] INFO:colcon.colcon_core.shell:Creating environment descriptor '/ros2_ws/src/install/msgs_srvs/share/msgs_srvs/hook/cmake_prefix_path.dsv'
[2.402s] INFO:colcon.colcon_core.shell:Creating environment hook '/ros2_ws/src/install/msgs_srvs/share/msgs_srvs/hook/cmake_prefix_path.sh'
[2.404s] Level 1:colcon.colcon_core.environment:checking '/ros2_ws/src/install/msgs_srvs/lib'
[2.404s] Level 1:colcon.colcon_core.shell:create_environment_hook('msgs_srvs', 'ld_library_path_lib')
[2.404s] INFO:colcon.colcon_core.shell:Creating environment hook '/ros2_ws/src/install/msgs_srvs/share/msgs_srvs/hook/ld_library_path_lib.ps1'
[2.405s] INFO:colcon.colcon_core.shell:Creating environment descriptor '/ros2_ws/src/install/msgs_srvs/share/msgs_srvs/hook/ld_library_path_lib.dsv'
[2.408s] INFO:colcon.colcon_core.shell:Creating environment hook '/ros2_ws/src/install/msgs_srvs/share/msgs_srvs/hook/ld_library_path_lib.sh'
[2.409s] Level 1:colcon.colcon_core.environment:checking '/ros2_ws/src/install/msgs_srvs/bin'
[2.409s] Level 1:colcon.colcon_core.environment:checking '/ros2_ws/src/install/msgs_srvs/lib/pkgconfig/msgs_srvs.pc'
[2.410s] Level 1:colcon.colcon_core.environment:checking '/ros2_ws/src/install/msgs_srvs/lib/python3.10/site-packages'
[2.410s] Level 1:colcon.colcon_core.environment:checking '/ros2_ws/src/install/msgs_srvs/bin'
[2.411s] INFO:colcon.colcon_core.shell:Creating package script '/ros2_ws/src/install/msgs_srvs/share/msgs_srvs/package.ps1'
[2.412s] INFO:colcon.colcon_core.shell:Creating package descriptor '/ros2_ws/src/install/msgs_srvs/share/msgs_srvs/package.dsv'
[2.415s] INFO:colcon.colcon_core.shell:Creating package script '/ros2_ws/src/install/msgs_srvs/share/msgs_srvs/package.sh'
[2.417s] INFO:colcon.colcon_core.shell:Creating package script '/ros2_ws/src/install/msgs_srvs/share/msgs_srvs/package.bash'
[2.419s] INFO:colcon.colcon_core.shell:Creating package script '/ros2_ws/src/install/msgs_srvs/share/msgs_srvs/package.zsh'
[2.421s] Level 1:colcon.colcon_core.environment:create_file_with_runtime_dependencies(/ros2_ws/src/install/msgs_srvs/share/colcon-core/packages/msgs_srvs)
[2.424s] Level 1:colcon.colcon_core.environment:create_environment_scripts_only(msgs_srvs)
[2.425s] Level 1:colcon.colcon_core.environment:checking '/ros2_ws/src/install/msgs_srvs' for CMake module files
[2.427s] Level 1:colcon.colcon_core.environment:checking '/ros2_ws/src/install/msgs_srvs' for CMake config files
[2.433s] Level 1:colcon.colcon_core.shell:create_environment_hook('msgs_srvs', 'cmake_prefix_path')
[2.434s] INFO:colcon.colcon_core.shell:Creating environment hook '/ros2_ws/src/install/msgs_srvs/share/msgs_srvs/hook/cmake_prefix_path.ps1'
[2.435s] INFO:colcon.colcon_core.shell:Creating environment descriptor '/ros2_ws/src/install/msgs_srvs/share/msgs_srvs/hook/cmake_prefix_path.dsv'
[2.436s] INFO:colcon.colcon_core.shell:Creating environment hook '/ros2_ws/src/install/msgs_srvs/share/msgs_srvs/hook/cmake_prefix_path.sh'
[2.438s] Level 1:colcon.colcon_core.environment:checking '/ros2_ws/src/install/msgs_srvs/lib'
[2.438s] Level 1:colcon.colcon_core.shell:create_environment_hook('msgs_srvs', 'ld_library_path_lib')
[2.439s] INFO:colcon.colcon_core.shell:Creating environment hook '/ros2_ws/src/install/msgs_srvs/share/msgs_srvs/hook/ld_library_path_lib.ps1'
[2.440s] INFO:colcon.colcon_core.shell:Creating environment descriptor '/ros2_ws/src/install/msgs_srvs/share/msgs_srvs/hook/ld_library_path_lib.dsv'
[2.443s] INFO:colcon.colcon_core.shell:Creating environment hook '/ros2_ws/src/install/msgs_srvs/share/msgs_srvs/hook/ld_library_path_lib.sh'
[2.445s] Level 1:colcon.colcon_core.environment:checking '/ros2_ws/src/install/msgs_srvs/bin'
[2.445s] Level 1:colcon.colcon_core.environment:checking '/ros2_ws/src/install/msgs_srvs/lib/pkgconfig/msgs_srvs.pc'
[2.445s] Level 1:colcon.colcon_core.environment:checking '/ros2_ws/src/install/msgs_srvs/lib/python3.10/site-packages'
[2.447s] Level 1:colcon.colcon_core.environment:checking '/ros2_ws/src/install/msgs_srvs/bin'
[2.448s] INFO:colcon.colcon_core.shell:Creating package script '/ros2_ws/src/install/msgs_srvs/share/msgs_srvs/package.ps1'
[2.451s] INFO:colcon.colcon_core.shell:Creating package descriptor '/ros2_ws/src/install/msgs_srvs/share/msgs_srvs/package.dsv'
[2.453s] INFO:colcon.colcon_core.shell:Creating package script '/ros2_ws/src/install/msgs_srvs/share/msgs_srvs/package.sh'
[2.454s] INFO:colcon.colcon_core.shell:Creating package script '/ros2_ws/src/install/msgs_srvs/share/msgs_srvs/package.bash'
[2.455s] INFO:colcon.colcon_core.shell:Creating package script '/ros2_ws/src/install/msgs_srvs/share/msgs_srvs/package.zsh'
[2.457s] Level 1:colcon.colcon_core.environment:create_file_with_runtime_dependencies(/ros2_ws/src/install/msgs_srvs/share/colcon-core/packages/msgs_srvs)
[2.625s] DEBUG:colcon.colcon_core.event_handler.log_command:Invoking command in '/ros2_ws/src/build/driver': PYTHONPATH=/ros2_ws/src/build/driver/prefix_override:/usr/lib/python3/dist-packages/colcon_core/task/python/colcon_distutils_commands:/ros2_ws/src/install/driver/lib/python3.10/site-packages:${PYTHONPATH} /usr/bin/python3 -W ignore:setup.py install is deprecated -W ignore:easy_install command is deprecated setup.py develop --editable --build-directory /ros2_ws/src/build/driver/build --no-deps symlink_data
[2.710s] DEBUG:colcon.colcon_core.event_handler.log_command:Invoking command in '/ros2_ws/src/build/peripherals': PYTHONPATH=/ros2_ws/src/build/peripherals/prefix_override:/usr/lib/python3/dist-packages/colcon_core/task/python/colcon_distutils_commands:/ros2_ws/src/install/peripherals/lib/python3.10/site-packages:${PYTHONPATH} /usr/bin/python3 -W ignore:setup.py install is deprecated -W ignore:easy_install command is deprecated setup.py develop --editable --build-directory /ros2_ws/src/build/peripherals/build --no-deps symlink_data
[3.367s] Level 1:colcon.colcon_core.shell:create_environment_hook('driver', 'pythonpath_develop')
[3.368s] DEBUG:colcon.colcon_core.event_handler.log_command:Invoked command in '/ros2_ws/src/build/driver' returned '0': PYTHONPATH=/ros2_ws/src/build/driver/prefix_override:/usr/lib/python3/dist-packages/colcon_core/task/python/colcon_distutils_commands:/ros2_ws/src/install/driver/lib/python3.10/site-packages:${PYTHONPATH} /usr/bin/python3 -W ignore:setup.py install is deprecated -W ignore:easy_install command is deprecated setup.py develop --editable --build-directory /ros2_ws/src/build/driver/build --no-deps symlink_data
[3.370s] INFO:colcon.colcon_core.shell:Creating environment hook '/ros2_ws/src/build/driver/share/driver/hook/pythonpath_develop.ps1'
[3.372s] INFO:colcon.colcon_core.shell:Creating environment descriptor '/ros2_ws/src/build/driver/share/driver/hook/pythonpath_develop.dsv'
[3.379s] INFO:colcon.colcon_core.shell:Creating environment hook '/ros2_ws/src/build/driver/share/driver/hook/pythonpath_develop.sh'
[3.383s] Level 1:colcon.colcon_core.environment:checking '/ros2_ws/src/install/driver' for CMake module files
[3.384s] Level 1:colcon.colcon_core.environment:checking '/ros2_ws/src/install/driver' for CMake config files
[3.385s] Level 1:colcon.colcon_core.environment:checking '/ros2_ws/src/install/driver/lib'
[3.385s] Level 1:colcon.colcon_core.environment:checking '/ros2_ws/src/install/driver/bin'
[3.385s] Level 1:colcon.colcon_core.environment:checking '/ros2_ws/src/install/driver/lib/pkgconfig/driver.pc'
[3.385s] Level 1:colcon.colcon_core.environment:checking '/ros2_ws/src/install/driver/lib/python3.10/site-packages'
[3.386s] Level 1:colcon.colcon_core.shell:create_environment_hook('driver', 'pythonpath')
[3.386s] INFO:colcon.colcon_core.shell:Creating environment hook '/ros2_ws/src/install/driver/share/driver/hook/pythonpath.ps1'
[3.387s] INFO:colcon.colcon_core.shell:Creating environment descriptor '/ros2_ws/src/install/driver/share/driver/hook/pythonpath.dsv'
[3.388s] INFO:colcon.colcon_core.shell:Creating environment hook '/ros2_ws/src/install/driver/share/driver/hook/pythonpath.sh'
[3.390s] Level 1:colcon.colcon_core.environment:checking '/ros2_ws/src/install/driver/bin'
[3.390s] Level 1:colcon.colcon_core.environment:create_environment_scripts_only(driver)
[3.391s] INFO:colcon.colcon_core.shell:Creating package script '/ros2_ws/src/install/driver/share/driver/package.ps1'
[3.393s] INFO:colcon.colcon_core.shell:Creating package descriptor '/ros2_ws/src/install/driver/share/driver/package.dsv'
[3.394s] INFO:colcon.colcon_core.shell:Creating package script '/ros2_ws/src/install/driver/share/driver/package.sh'
[3.395s] INFO:colcon.colcon_core.shell:Creating package script '/ros2_ws/src/install/driver/share/driver/package.bash'
[3.396s] INFO:colcon.colcon_core.shell:Creating package script '/ros2_ws/src/install/driver/share/driver/package.zsh'
[3.398s] Level 1:colcon.colcon_core.environment:create_file_with_runtime_dependencies(/ros2_ws/src/install/driver/share/colcon-core/packages/driver)
[3.461s] Level 1:colcon.colcon_core.shell:create_environment_hook('peripherals', 'pythonpath_develop')
[3.461s] INFO:colcon.colcon_core.shell:Creating environment hook '/ros2_ws/src/build/peripherals/share/peripherals/hook/pythonpath_develop.ps1'
[3.462s] DEBUG:colcon.colcon_core.event_handler.log_command:Invoked command in '/ros2_ws/src/build/peripherals' returned '0': PYTHONPATH=/ros2_ws/src/build/peripherals/prefix_override:/usr/lib/python3/dist-packages/colcon_core/task/python/colcon_distutils_commands:/ros2_ws/src/install/peripherals/lib/python3.10/site-packages:${PYTHONPATH} /usr/bin/python3 -W ignore:setup.py install is deprecated -W ignore:easy_install command is deprecated setup.py develop --editable --build-directory /ros2_ws/src/build/peripherals/build --no-deps symlink_data
[3.463s] INFO:colcon.colcon_core.shell:Creating environment descriptor '/ros2_ws/src/build/peripherals/share/peripherals/hook/pythonpath_develop.dsv'
[3.470s] INFO:colcon.colcon_core.shell:Creating environment hook '/ros2_ws/src/build/peripherals/share/peripherals/hook/pythonpath_develop.sh'
[3.471s] Level 1:colcon.colcon_core.environment:checking '/ros2_ws/src/install/peripherals' for CMake module files
[3.472s] Level 1:colcon.colcon_core.environment:checking '/ros2_ws/src/install/peripherals' for CMake config files
[3.475s] Level 1:colcon.colcon_core.environment:checking '/ros2_ws/src/install/peripherals/lib'
[3.475s] Level 1:colcon.colcon_core.environment:checking '/ros2_ws/src/install/peripherals/bin'
[3.475s] Level 1:colcon.colcon_core.environment:checking '/ros2_ws/src/install/peripherals/lib/pkgconfig/peripherals.pc'
[3.477s] Level 1:colcon.colcon_core.environment:checking '/ros2_ws/src/install/peripherals/lib/python3.10/site-packages'
[3.477s] Level 1:colcon.colcon_core.shell:create_environment_hook('peripherals', 'pythonpath')
[3.478s] INFO:colcon.colcon_core.shell:Creating environment hook '/ros2_ws/src/install/peripherals/share/peripherals/hook/pythonpath.ps1'
[3.482s] INFO:colcon.colcon_core.shell:Creating environment descriptor '/ros2_ws/src/install/peripherals/share/peripherals/hook/pythonpath.dsv'
[3.484s] INFO:colcon.colcon_core.shell:Creating environment hook '/ros2_ws/src/install/peripherals/share/peripherals/hook/pythonpath.sh'
[3.485s] Level 1:colcon.colcon_core.environment:checking '/ros2_ws/src/install/peripherals/bin'
[3.485s] Level 1:colcon.colcon_core.environment:create_environment_scripts_only(peripherals)
[3.486s] INFO:colcon.colcon_core.shell:Creating package script '/ros2_ws/src/install/peripherals/share/peripherals/package.ps1'
[3.487s] INFO:colcon.colcon_core.shell:Creating package descriptor '/ros2_ws/src/install/peripherals/share/peripherals/package.dsv'
[3.487s] INFO:colcon.colcon_core.shell:Creating package script '/ros2_ws/src/install/peripherals/share/peripherals/package.sh'
[3.489s] INFO:colcon.colcon_core.shell:Creating package script '/ros2_ws/src/install/peripherals/share/peripherals/package.bash'
[3.490s] INFO:colcon.colcon_core.shell:Creating package script '/ros2_ws/src/install/peripherals/share/peripherals/package.zsh'
[3.490s] Level 1:colcon.colcon_core.environment:create_file_with_runtime_dependencies(/ros2_ws/src/install/peripherals/share/colcon-core/packages/peripherals)
[3.491s] DEBUG:colcon.colcon_parallel_executor.executor.parallel:closing loop
[3.492s] DEBUG:colcon.colcon_parallel_executor.executor.parallel:loop closed
[3.492s] DEBUG:colcon.colcon_parallel_executor.executor.parallel:run_until_complete finished with '0'
[3.492s] DEBUG:colcon.colcon_core.event_reactor:joining thread
[3.505s] INFO:colcon.colcon_core.plugin_system:Skipping extension 'colcon_notification.desktop_notification.terminal_notifier': Not used on non-Darwin systems
[3.506s] INFO:colcon.colcon_core.plugin_system:Skipping extension 'colcon_notification.desktop_notification.win32': Not used on non-Windows systems
[3.506s] INFO:colcon.colcon_notification.desktop_notification:Sending desktop notification using 'notify2'
[3.578s] DEBUG:colcon.colcon_core.event_reactor:joined thread
[3.578s] INFO:colcon.colcon_core.shell:Creating prefix script '/ros2_ws/src/install/local_setup.ps1'
[3.580s] INFO:colcon.colcon_core.shell:Creating prefix util module '/ros2_ws/src/install/_local_setup_util_ps1.py'
[3.586s] INFO:colcon.colcon_core.shell:Creating prefix chain script '/ros2_ws/src/install/setup.ps1'
[3.588s] INFO:colcon.colcon_core.shell:Creating prefix script '/ros2_ws/src/install/local_setup.sh'
[3.590s] INFO:colcon.colcon_core.shell:Creating prefix util module '/ros2_ws/src/install/_local_setup_util_sh.py'
[3.592s] INFO:colcon.colcon_core.shell:Creating prefix chain script '/ros2_ws/src/install/setup.sh'
[3.594s] INFO:colcon.colcon_core.shell:Creating prefix script '/ros2_ws/src/install/local_setup.bash'
[3.595s] INFO:colcon.colcon_core.shell:Creating prefix chain script '/ros2_ws/src/install/setup.bash'
[3.597s] INFO:colcon.colcon_core.shell:Creating prefix script '/ros2_ws/src/install/local_setup.zsh'
[3.598s] INFO:colcon.colcon_core.shell:Creating prefix chain script '/ros2_ws/src/install/setup.zsh'
