[2.472s] Invoking command in '/ros2_ws/build/peripherals': PYTHONPATH=/ros2_ws/build/peripherals/prefix_override:/usr/lib/python3/dist-packages/colcon_core/task/python/colcon_distutils_commands:/ros2_ws/install/peripherals/lib/python3.10/site-packages:${PYTHONPATH} /usr/bin/python3 -W ignore:setup.py install is deprecated -W ignore:easy_install command is deprecated setup.py develop --editable --build-directory /ros2_ws/build/peripherals/build --no-deps symlink_data
[2.959s] running develop
[3.187s] running egg_info
[3.188s] creating peripherals.egg-info
[3.188s] writing peripherals.egg-info/PKG-INFO
[3.188s] writing dependency_links to peripherals.egg-info/dependency_links.txt
[3.189s] writing entry points to peripherals.egg-info/entry_points.txt
[3.189s] writing requirements to peripherals.egg-info/requires.txt
[3.189s] writing top-level names to peripherals.egg-info/top_level.txt
[3.189s] writing manifest file 'peripherals.egg-info/SOURCES.txt'
[3.193s] reading manifest file 'peripherals.egg-info/SOURCES.txt'
[3.194s] writing manifest file 'peripherals.egg-info/SOURCES.txt'
[3.197s] running build_ext
[3.197s] Creating /ros2_ws/install/peripherals/lib/python3.10/site-packages/peripherals.egg-link (link to .)
[3.199s] Installing teleop_keyboard script to /ros2_ws/install/peripherals/lib/peripherals
[3.201s] 
[3.201s] Installed /ros2_ws/build/peripherals
[3.201s] running symlink_data
[3.202s] creating /ros2_ws/install/peripherals/share/ament_index
[3.202s] creating /ros2_ws/install/peripherals/share/ament_index/resource_index
[3.202s] creating /ros2_ws/install/peripherals/share/ament_index/resource_index/packages
[3.202s] symbolically linking /ros2_ws/build/peripherals/resource/peripherals -> /ros2_ws/install/peripherals/share/ament_index/resource_index/packages
[3.202s] symbolically linking /ros2_ws/build/peripherals/package.xml -> /ros2_ws/install/peripherals/share/peripherals
[3.323s] Invoked command in '/ros2_ws/build/peripherals' returned '0': PYTHONPATH=/ros2_ws/build/peripherals/prefix_override:/usr/lib/python3/dist-packages/colcon_core/task/python/colcon_distutils_commands:/ros2_ws/install/peripherals/lib/python3.10/site-packages:${PYTHONPATH} /usr/bin/python3 -W ignore:setup.py install is deprecated -W ignore:easy_install command is deprecated setup.py develop --editable --build-directory /ros2_ws/build/peripherals/build --no-deps symlink_data
