running develop
running egg_info
creating driver.egg-info
writing driver.egg-info/PKG-INFO
writing dependency_links to driver.egg-info/dependency_links.txt
writing entry points to driver.egg-info/entry_points.txt
writing requirements to driver.egg-info/requires.txt
writing top-level names to driver.egg-info/top_level.txt
writing manifest file 'driver.egg-info/SOURCES.txt'
reading manifest file 'driver.egg-info/SOURCES.txt'
writing manifest file 'driver.egg-info/SOURCES.txt'
running build_ext
Creating /ros2_ws/src/install/driver/lib/python3.10/site-packages/driver.egg-link (link to .)
Installing control_manager script to /ros2_ws/src/install/driver/lib/driver
Installing controller script to /ros2_ws/src/install/driver/lib/driver

Installed /ros2_ws/src/build/driver
running symlink_data
creating /ros2_ws/src/install/driver/share/ament_index
creating /ros2_ws/src/install/driver/share/ament_index/resource_index
creating /ros2_ws/src/install/driver/share/ament_index/resource_index/packages
symbolically linking /ros2_ws/src/build/driver/resource/driver -> /ros2_ws/src/install/driver/share/ament_index/resource_index/packages
symbolically linking /ros2_ws/src/build/driver/package.xml -> /ros2_ws/src/install/driver/share/driver
