[2.150s] Invoking command in '/ros2_ws/src/build/driver': PYTHONPATH=/ros2_ws/src/build/driver/prefix_override:/usr/lib/python3/dist-packages/colcon_core/task/python/colcon_distutils_commands:/ros2_ws/src/install/driver/lib/python3.10/site-packages:${PYTHONPATH} /usr/bin/python3 -W ignore:setup.py install is deprecated -W ignore:easy_install command is deprecated setup.py develop --editable --build-directory /ros2_ws/src/build/driver/build --no-deps symlink_data
[2.844s] running develop
[3.135s] running egg_info
[3.135s] creating driver.egg-info
[3.135s] writing driver.egg-info/PKG-INFO
[3.137s] writing dependency_links to driver.egg-info/dependency_links.txt
[3.137s] writing entry points to driver.egg-info/entry_points.txt
[3.137s] writing requirements to driver.egg-info/requires.txt
[3.137s] writing top-level names to driver.egg-info/top_level.txt
[3.137s] writing manifest file 'driver.egg-info/SOURCES.txt'
[3.140s] reading manifest file 'driver.egg-info/SOURCES.txt'
[3.141s] writing manifest file 'driver.egg-info/SOURCES.txt'
[3.144s] running build_ext
[3.145s] Creating /ros2_ws/src/install/driver/lib/python3.10/site-packages/driver.egg-link (link to .)
[3.145s] Installing control_manager script to /ros2_ws/src/install/driver/lib/driver
[3.146s] Installing controller script to /ros2_ws/src/install/driver/lib/driver
[3.146s] 
[3.147s] Installed /ros2_ws/src/build/driver
[3.147s] running symlink_data
[3.147s] creating /ros2_ws/src/install/driver/share/ament_index
[3.148s] creating /ros2_ws/src/install/driver/share/ament_index/resource_index
[3.148s] creating /ros2_ws/src/install/driver/share/ament_index/resource_index/packages
[3.148s] symbolically linking /ros2_ws/src/build/driver/resource/driver -> /ros2_ws/src/install/driver/share/ament_index/resource_index/packages
[3.148s] symbolically linking /ros2_ws/src/build/driver/package.xml -> /ros2_ws/src/install/driver/share/driver
[3.303s] Invoked command in '/ros2_ws/src/build/driver' returned '0': PYTHONPATH=/ros2_ws/src/build/driver/prefix_override:/usr/lib/python3/dist-packages/colcon_core/task/python/colcon_distutils_commands:/ros2_ws/src/install/driver/lib/python3.10/site-packages:${PYTHONPATH} /usr/bin/python3 -W ignore:setup.py install is deprecated -W ignore:easy_install command is deprecated setup.py develop --editable --build-directory /ros2_ws/src/build/driver/build --no-deps symlink_data
