[0.450s] Invoking command in '/ros2_ws/build/oradar_lidar': CMAKE_PREFIX_PATH=/opt/ros/humble /usr/bin/cmake --build /ros2_ws/build/oradar_lidar -- -j4 -l4
[0.624s] [ 60%] Built target oradar_sdk
[0.730s] [ 70%] Built target blocking_test
[0.736s] [ 80%] Built target blocking_c_api_test
[0.751s] [ 90%] Built target non-blocking_test
[0.780s] [100%] Built target oradar_scan
[1.122s] Invoked command in '/ros2_ws/build/oradar_lidar' returned '0': CMAKE_PREFIX_PATH=/opt/ros/humble /usr/bin/cmake --build /ros2_ws/build/oradar_lidar -- -j4 -l4
[1.148s] Invoking command in '/ros2_ws/build/oradar_lidar': CMAKE_PREFIX_PATH=/opt/ros/humble /usr/bin/cmake --install /ros2_ws/build/oradar_lidar
[1.167s] -- Install configuration: "RELEASE"
[1.167s] -- Execute custom install script
[1.168s] -- Up-to-date symlink: /ros2_ws/install/oradar_lidar/bin/blocking_test
[1.168s] -- Up-to-date symlink: /ros2_ws/install/oradar_lidar/bin/non-blocking_test
[1.169s] -- Up-to-date symlink: /ros2_ws/install/oradar_lidar/bin/blocking_c_api_test
[1.169s] -- Up-to-date symlink: /ros2_ws/install/oradar_lidar/include/core/base/datatype.h
[1.170s] -- Up-to-date symlink: /ros2_ws/install/oradar_lidar/include/core/base/locker.h
[1.170s] -- Up-to-date symlink: /ros2_ws/install/oradar_lidar/include/core/base/thread.h
[1.170s] -- Up-to-date symlink: /ros2_ws/install/oradar_lidar/include/core/base/timer.h
[1.171s] -- Up-to-date symlink: /ros2_ws/install/oradar_lidar/include/core/base/typedef.h
[1.171s] -- Up-to-date symlink: /ros2_ws/install/oradar_lidar/include/core/base/utils.h
[1.172s] -- Up-to-date symlink: /ros2_ws/install/oradar_lidar/include/core/base/v8stdint.h
[1.172s] -- Up-to-date symlink: /ros2_ws/install/oradar_lidar/include/core/common/ChannelDevice.h
[1.172s] -- Up-to-date symlink: /ros2_ws/install/oradar_lidar/include/core/math/angles.h
[1.173s] -- Up-to-date symlink: /ros2_ws/install/oradar_lidar/include/core/network/ActiveSocket.h
[1.173s] -- Up-to-date symlink: /ros2_ws/install/oradar_lidar/include/core/network/PassiveSocket.h
[1.173s] -- Up-to-date symlink: /ros2_ws/install/oradar_lidar/include/core/network/SimpleSocket.h
[1.174s] -- Up-to-date symlink: /ros2_ws/install/oradar_lidar/include/core/network/StatTimer.h
[1.174s] -- Up-to-date symlink: /ros2_ws/install/oradar_lidar/include/core/serial/common.h
[1.175s] -- Up-to-date symlink: /ros2_ws/install/oradar_lidar/include/core/serial/serial.h
[1.175s] -- Up-to-date symlink: /ros2_ws/install/oradar_lidar/include/core/serial/impl/unix/lock.h
[1.175s] -- Up-to-date symlink: /ros2_ws/install/oradar_lidar/include/core/serial/impl/unix/unix.h
[1.175s] -- Up-to-date symlink: /ros2_ws/install/oradar_lidar/include/core/serial/impl/unix/unix_serial.h
[1.175s] -- Up-to-date symlink: /ros2_ws/install/oradar_lidar/include/src/ord_lidar_c_api_driver.h
[1.175s] -- Up-to-date symlink: /ros2_ws/install/oradar_lidar/include/src/ord_lidar_driver.h
[1.176s] -- Up-to-date symlink: /ros2_ws/install/oradar_lidar/include/src/ordlidar_protocol.h
[1.176s] -- Up-to-date symlink: /ros2_ws/install/oradar_lidar/include/src/filters/FullScanFilter.h
[1.177s] -- Up-to-date symlink: /ros2_ws/install/oradar_lidar/lib/liboradar_sdk.a
[1.177s] -- Up-to-date symlink: /ros2_ws/install/oradar_lidar/lib/oradar_lidar/oradar_scan
[1.178s] -- Up-to-date symlink: /ros2_ws/install/oradar_lidar/share/oradar_lidar//launch/ms200_scan.launch
[1.179s] -- Up-to-date symlink: /ros2_ws/install/oradar_lidar/share/oradar_lidar//launch/ms200_scan.launch.py
[1.180s] -- Up-to-date symlink: /ros2_ws/install/oradar_lidar/share/oradar_lidar//launch/ms200_scan_view.launch
[1.183s] -- Up-to-date symlink: /ros2_ws/install/oradar_lidar/share/oradar_lidar//launch/ms200_scan_view.launch.py
[1.183s] -- Up-to-date symlink: /ros2_ws/install/oradar_lidar/share/oradar_lidar//rviz2/oradar_scan.rviz
[1.183s] -- Up-to-date symlink: /ros2_ws/install/oradar_lidar/share/ament_index/resource_index/package_run_dependencies/oradar_lidar
[1.184s] -- Up-to-date symlink: /ros2_ws/install/oradar_lidar/share/ament_index/resource_index/parent_prefix_path/oradar_lidar
[1.184s] -- Up-to-date symlink: /ros2_ws/install/oradar_lidar/share/oradar_lidar/environment/ament_prefix_path.sh
[1.184s] -- Up-to-date symlink: /ros2_ws/install/oradar_lidar/share/oradar_lidar/environment/ament_prefix_path.dsv
[1.184s] -- Up-to-date symlink: /ros2_ws/install/oradar_lidar/share/oradar_lidar/environment/path.sh
[1.184s] -- Up-to-date symlink: /ros2_ws/install/oradar_lidar/share/oradar_lidar/environment/path.dsv
[1.184s] -- Up-to-date symlink: /ros2_ws/install/oradar_lidar/share/oradar_lidar/local_setup.bash
[1.184s] -- Up-to-date symlink: /ros2_ws/install/oradar_lidar/share/oradar_lidar/local_setup.sh
[1.184s] -- Up-to-date symlink: /ros2_ws/install/oradar_lidar/share/oradar_lidar/local_setup.zsh
[1.184s] -- Up-to-date symlink: /ros2_ws/install/oradar_lidar/share/oradar_lidar/local_setup.dsv
[1.184s] -- Symlinking: /ros2_ws/install/oradar_lidar/share/oradar_lidar/package.dsv
[1.211s] -- Up-to-date symlink: /ros2_ws/install/oradar_lidar/share/ament_index/resource_index/packages/oradar_lidar
[1.211s] -- Up-to-date symlink: /ros2_ws/install/oradar_lidar/share/oradar_lidar/cmake/oradar_lidarConfig.cmake
[1.211s] -- Up-to-date symlink: /ros2_ws/install/oradar_lidar/share/oradar_lidar/cmake/oradar_lidarConfig-version.cmake
[1.211s] -- Up-to-date symlink: /ros2_ws/install/oradar_lidar/share/oradar_lidar/package.xml
[1.220s] Invoked command in '/ros2_ws/build/oradar_lidar' returned '0': CMAKE_PREFIX_PATH=/opt/ros/humble /usr/bin/cmake --install /ros2_ws/build/oradar_lidar
