[0.549s] Invoking command in '/ros2_ws/src/build/msgs_srvs': CMAKE_PREFIX_PATH=/opt/ros/humble /usr/bin/cmake /ros2_ws/src/msgs_srvs -DAMENT_CMAKE_SYMLINK_INSTALL=1 -DCMAKE_INSTALL_PREFIX=/ros2_ws/src/install/msgs_srvs
[1.080s] -- The C compiler identification is GNU 11.4.0
[1.527s] -- The CXX compiler identification is GNU 11.4.0
[1.539s] -- Detecting C compiler ABI info
[1.776s] -- Detecting C compiler ABI info - done
[1.788s] -- Check for working C compiler: /usr/bin/cc - skipped
[1.791s] -- Detecting C compile features
[1.794s] -- Detecting C compile features - done
[1.802s] -- Detecting CXX compiler ABI info
[2.044s] -- Detecting CXX compiler ABI info - done
[2.076s] -- Check for working CXX compiler: /usr/bin/c++ - skipped
[2.077s] -- Detecting CXX compile features
[2.079s] -- Detecting CXX compile features - done
[2.101s] -- Found ament_cmake: 1.3.11 (/opt/ros/humble/share/ament_cmake/cmake)
[2.636s] -- Found Python3: /usr/bin/python3 (found version "3.10.12") found components: Interpreter 
[2.909s] -- Override CMake install command with custom implementation using symlinks instead of copying resources
[3.021s] -- Found builtin_interfaces: 1.2.1 (/opt/ros/humble/share/builtin_interfaces/cmake)
[3.107s] -- Found rosidl_generator_c: 3.1.6 (/opt/ros/humble/share/rosidl_generator_c/cmake)
[3.122s] -- Found rosidl_adapter: 3.1.6 (/opt/ros/humble/share/rosidl_adapter/cmake)
[3.174s] -- Found rosidl_generator_cpp: 3.1.6 (/opt/ros/humble/share/rosidl_generator_cpp/cmake)
[3.229s] -- Using all available rosidl_typesupport_c: rosidl_typesupport_fastrtps_c;rosidl_typesupport_introspection_c
[3.315s] -- Using all available rosidl_typesupport_cpp: rosidl_typesupport_fastrtps_cpp;rosidl_typesupport_introspection_cpp
[3.377s] -- Found rosidl_default_generators: 1.2.0 (/opt/ros/humble/share/rosidl_default_generators/cmake)
[3.427s] -- Found std_msgs: 4.2.4 (/opt/ros/humble/share/std_msgs/cmake)
[4.202s] -- Found ament_cmake_ros: 0.10.0 (/opt/ros/humble/share/ament_cmake_ros/cmake)
[5.020s] -- Using all available rosidl_typesupport_c: rosidl_typesupport_fastrtps_c;rosidl_typesupport_introspection_c
[5.385s] -- Using all available rosidl_typesupport_cpp: rosidl_typesupport_fastrtps_cpp;rosidl_typesupport_introspection_cpp
[5.436s] -- Found PythonInterp: /usr/bin/python3 (found suitable version "3.10.12", minimum required is "3.6") 
[5.449s] -- Found python_cmake_module: 0.10.0 (/opt/ros/humble/share/python_cmake_module/cmake)
[5.510s] -- Found PythonLibs: /usr/lib/aarch64-linux-gnu/libpython3.10.so (found suitable version "3.10.12", minimum required is "3.5") 
[5.511s] -- Using PYTHON_EXECUTABLE: /usr/bin/python3
[5.511s] -- Using PYTHON_INCLUDE_DIRS: /usr/include/python3.10
[5.511s] -- Using PYTHON_LIBRARIES: /usr/lib/aarch64-linux-gnu/libpython3.10.so
[5.584s] -- Found PythonExtra: .so  
[5.803s] -- Found ament_lint_auto: 0.12.11 (/opt/ros/humble/share/ament_lint_auto/cmake)
[5.990s] -- Added test 'lint_cmake' to check CMake code style
[6.002s] -- Added test 'xmllint' to check XML markup files
[6.009s] -- Configuring done
[6.110s] -- Generating done
[6.148s] -- Build files have been written to: /ros2_ws/src/build/msgs_srvs
[6.186s] Invoked command in '/ros2_ws/src/build/msgs_srvs' returned '0': CMAKE_PREFIX_PATH=/opt/ros/humble /usr/bin/cmake /ros2_ws/src/msgs_srvs -DAMENT_CMAKE_SYMLINK_INSTALL=1 -DCMAKE_INSTALL_PREFIX=/ros2_ws/src/install/msgs_srvs
[6.188s] Invoking command in '/ros2_ws/src/build/msgs_srvs': CMAKE_PREFIX_PATH=/opt/ros/humble /usr/bin/cmake --build /ros2_ws/src/build/msgs_srvs -- -j4 -l4
[6.357s] [  1%] [34m[1mGenerating C code for ROS interfaces[0m
[6.386s] [  2%] [34m[1mGenerating C++ code for ROS interfaces[0m
[6.441s] [  2%] Built target ament_cmake_python_symlink_msgs_srvs
[7.146s] running egg_info
[7.148s] creating msgs_srvs.egg-info
[7.148s] writing msgs_srvs.egg-info/PKG-INFO
[7.152s] writing dependency_links to msgs_srvs.egg-info/dependency_links.txt
[7.152s] writing top-level names to msgs_srvs.egg-info/top_level.txt
[7.152s] writing manifest file 'msgs_srvs.egg-info/SOURCES.txt'
[7.159s] reading manifest file 'msgs_srvs.egg-info/SOURCES.txt'
[7.160s] writing manifest file 'msgs_srvs.egg-info/SOURCES.txt'
[7.281s] [  2%] Built target ament_cmake_python_build_msgs_srvs_egg
[10.087s] [  3%] [32mBuilding C object CMakeFiles/msgs_srvs__rosidl_generator_c.dir/rosidl_generator_c/msgs_srvs/msg/detail/button_state__functions.c.o[0m
[10.109s] [  4%] [32mBuilding C object CMakeFiles/msgs_srvs__rosidl_generator_c.dir/rosidl_generator_c/msgs_srvs/msg/detail/led_state__functions.c.o[0m
[10.119s] [  5%] [32mBuilding C object CMakeFiles/msgs_srvs__rosidl_generator_c.dir/rosidl_generator_c/msgs_srvs/msg/detail/buzzer_state__functions.c.o[0m
[10.383s] [  6%] [32mBuilding C object CMakeFiles/msgs_srvs__rosidl_generator_c.dir/rosidl_generator_c/msgs_srvs/msg/detail/motors_state__functions.c.o[0m
[10.398s] [  7%] [32mBuilding C object CMakeFiles/msgs_srvs__rosidl_generator_c.dir/rosidl_generator_c/msgs_srvs/msg/detail/motor_state__functions.c.o[0m
[10.446s] [  8%] [32mBuilding C object CMakeFiles/msgs_srvs__rosidl_generator_c.dir/rosidl_generator_c/msgs_srvs/msg/detail/pwm_servo_state__functions.c.o[0m
[10.527s] [  8%] Built target msgs_srvs__cpp
[10.608s] [  9%] [34m[1mGenerating C++ type support dispatch for ROS interfaces[0m
[10.669s] [ 10%] [32mBuilding C object CMakeFiles/msgs_srvs__rosidl_generator_c.dir/rosidl_generator_c/msgs_srvs/msg/detail/pwm_servo_state_duration__functions.c.o[0m
[10.681s] [ 11%] [34m[1mGenerating C++ type support for eProsima Fast-RTPS[0m
[10.695s] [ 12%] [34m[1mGenerating C++ introspection for ROS interfaces[0m
[10.859s] [ 13%] [32mBuilding C object CMakeFiles/msgs_srvs__rosidl_generator_c.dir/rosidl_generator_c/msgs_srvs/msg/detail/sbus__functions.c.o[0m
[11.070s] [ 14%] [32mBuilding C object CMakeFiles/msgs_srvs__rosidl_generator_c.dir/rosidl_generator_c/msgs_srvs/srv/detail/pwm_servo_state__functions.c.o[0m
[11.273s] [ 15%] [32m[1mLinking C shared library libmsgs_srvs__rosidl_generator_c.so[0m
[11.462s] [ 15%] Built target msgs_srvs__rosidl_generator_c
[11.521s] [ 16%] [34m[1mGenerating C type support for eProsima Fast-RTPS[0m
[12.242s] [ 17%] [32mBuilding CXX object CMakeFiles/msgs_srvs__rosidl_typesupport_cpp.dir/rosidl_typesupport_cpp/msgs_srvs/msg/button_state__type_support.cpp.o[0m
[12.562s] [ 18%] [32mBuilding CXX object CMakeFiles/msgs_srvs__rosidl_typesupport_introspection_cpp.dir/rosidl_typesupport_introspection_cpp/msgs_srvs/msg/detail/button_state__type_support.cpp.o[0m
[12.776s] [ 20%] [32mBuilding CXX object CMakeFiles/msgs_srvs__rosidl_typesupport_fastrtps_cpp.dir/rosidl_typesupport_fastrtps_cpp/msgs_srvs/msg/detail/dds_fastrtps/button_state__type_support.cpp.o[0m
[13.698s] [ 21%] [32mBuilding CXX object CMakeFiles/msgs_srvs__rosidl_typesupport_cpp.dir/rosidl_typesupport_cpp/msgs_srvs/msg/buzzer_state__type_support.cpp.o[0m
[14.220s] [ 22%] [32mBuilding CXX object CMakeFiles/msgs_srvs__rosidl_typesupport_fastrtps_c.dir/rosidl_typesupport_fastrtps_c/msgs_srvs/msg/detail/button_state__type_support_c.cpp.o[0m
[14.372s] [ 23%] [32mBuilding CXX object CMakeFiles/msgs_srvs__rosidl_typesupport_introspection_cpp.dir/rosidl_typesupport_introspection_cpp/msgs_srvs/msg/detail/buzzer_state__type_support.cpp.o[0m
[14.726s] [ 24%] [32mBuilding CXX object CMakeFiles/msgs_srvs__rosidl_typesupport_fastrtps_cpp.dir/rosidl_typesupport_fastrtps_cpp/msgs_srvs/msg/detail/dds_fastrtps/buzzer_state__type_support.cpp.o[0m
[15.374s] [ 25%] [32mBuilding CXX object CMakeFiles/msgs_srvs__rosidl_typesupport_cpp.dir/rosidl_typesupport_cpp/msgs_srvs/msg/led_state__type_support.cpp.o[0m
[15.490s] [ 26%] [32mBuilding CXX object CMakeFiles/msgs_srvs__rosidl_typesupport_introspection_cpp.dir/rosidl_typesupport_introspection_cpp/msgs_srvs/msg/detail/led_state__type_support.cpp.o[0m
[15.715s] [ 27%] [32mBuilding CXX object CMakeFiles/msgs_srvs__rosidl_typesupport_fastrtps_c.dir/rosidl_typesupport_fastrtps_c/msgs_srvs/msg/detail/buzzer_state__type_support_c.cpp.o[0m
[16.223s] [ 28%] [32mBuilding CXX object CMakeFiles/msgs_srvs__rosidl_typesupport_cpp.dir/rosidl_typesupport_cpp/msgs_srvs/msg/motors_state__type_support.cpp.o[0m
[16.454s] [ 29%] [32mBuilding CXX object CMakeFiles/msgs_srvs__rosidl_typesupport_fastrtps_cpp.dir/rosidl_typesupport_fastrtps_cpp/msgs_srvs/msg/detail/dds_fastrtps/led_state__type_support.cpp.o[0m
[16.762s] [ 30%] [32mBuilding CXX object CMakeFiles/msgs_srvs__rosidl_typesupport_fastrtps_c.dir/rosidl_typesupport_fastrtps_c/msgs_srvs/msg/detail/led_state__type_support_c.cpp.o[0m
[16.866s] [ 31%] [32mBuilding CXX object CMakeFiles/msgs_srvs__rosidl_typesupport_introspection_cpp.dir/rosidl_typesupport_introspection_cpp/msgs_srvs/msg/detail/motors_state__type_support.cpp.o[0m
[17.368s] [ 32%] [32mBuilding CXX object CMakeFiles/msgs_srvs__rosidl_typesupport_cpp.dir/rosidl_typesupport_cpp/msgs_srvs/msg/motor_state__type_support.cpp.o[0m
[17.559s] [ 33%] [32mBuilding CXX object CMakeFiles/msgs_srvs__rosidl_typesupport_fastrtps_cpp.dir/rosidl_typesupport_fastrtps_cpp/msgs_srvs/msg/detail/dds_fastrtps/motors_state__type_support.cpp.o[0m
[17.986s] [ 34%] [32mBuilding CXX object CMakeFiles/msgs_srvs__rosidl_typesupport_fastrtps_c.dir/rosidl_typesupport_fastrtps_c/msgs_srvs/msg/detail/motors_state__type_support_c.cpp.o[0m
[18.077s] [ 35%] [32mBuilding CXX object CMakeFiles/msgs_srvs__rosidl_typesupport_introspection_cpp.dir/rosidl_typesupport_introspection_cpp/msgs_srvs/msg/detail/motor_state__type_support.cpp.o[0m
[18.423s] [ 36%] [32mBuilding CXX object CMakeFiles/msgs_srvs__rosidl_typesupport_cpp.dir/rosidl_typesupport_cpp/msgs_srvs/msg/pwm_servo_state__type_support.cpp.o[0m
[19.133s] [ 37%] [32mBuilding CXX object CMakeFiles/msgs_srvs__rosidl_typesupport_cpp.dir/rosidl_typesupport_cpp/msgs_srvs/msg/pwm_servo_state_duration__type_support.cpp.o[0m
[19.175s] [ 38%] [32mBuilding CXX object CMakeFiles/msgs_srvs__rosidl_typesupport_fastrtps_c.dir/rosidl_typesupport_fastrtps_c/msgs_srvs/msg/detail/motor_state__type_support_c.cpp.o[0m
[19.285s] [ 40%] [32mBuilding CXX object CMakeFiles/msgs_srvs__rosidl_typesupport_fastrtps_cpp.dir/rosidl_typesupport_fastrtps_cpp/msgs_srvs/msg/detail/dds_fastrtps/motor_state__type_support.cpp.o[0m
[19.516s] [ 41%] [32mBuilding CXX object CMakeFiles/msgs_srvs__rosidl_typesupport_introspection_cpp.dir/rosidl_typesupport_introspection_cpp/msgs_srvs/msg/detail/pwm_servo_state__type_support.cpp.o[0m
[19.790s] [ 42%] [32mBuilding CXX object CMakeFiles/msgs_srvs__rosidl_typesupport_cpp.dir/rosidl_typesupport_cpp/msgs_srvs/msg/sbus__type_support.cpp.o[0m
[20.261s] [ 43%] [32mBuilding CXX object CMakeFiles/msgs_srvs__rosidl_typesupport_fastrtps_c.dir/rosidl_typesupport_fastrtps_c/msgs_srvs/msg/detail/pwm_servo_state__type_support_c.cpp.o[0m
[20.424s] [ 44%] [32mBuilding CXX object CMakeFiles/msgs_srvs__rosidl_typesupport_fastrtps_cpp.dir/rosidl_typesupport_fastrtps_cpp/msgs_srvs/msg/detail/dds_fastrtps/pwm_servo_state__type_support.cpp.o[0m
[20.755s] [ 45%] [32mBuilding CXX object CMakeFiles/msgs_srvs__rosidl_typesupport_cpp.dir/rosidl_typesupport_cpp/msgs_srvs/srv/pwm_servo_state__type_support.cpp.o[0m
[21.074s] [ 46%] [32mBuilding CXX object CMakeFiles/msgs_srvs__rosidl_typesupport_introspection_cpp.dir/rosidl_typesupport_introspection_cpp/msgs_srvs/msg/detail/pwm_servo_state_duration__type_support.cpp.o[0m
[21.205s] [ 47%] [32mBuilding CXX object CMakeFiles/msgs_srvs__rosidl_typesupport_fastrtps_c.dir/rosidl_typesupport_fastrtps_c/msgs_srvs/msg/detail/pwm_servo_state_duration__type_support_c.cpp.o[0m
[21.683s] [ 48%] [32mBuilding CXX object CMakeFiles/msgs_srvs__rosidl_typesupport_fastrtps_cpp.dir/rosidl_typesupport_fastrtps_cpp/msgs_srvs/msg/detail/dds_fastrtps/pwm_servo_state_duration__type_support.cpp.o[0m
[21.799s] [ 49%] [32m[1mLinking CXX shared library libmsgs_srvs__rosidl_typesupport_cpp.so[0m
[22.042s] [ 49%] Built target msgs_srvs__rosidl_typesupport_cpp
[22.110s] [ 50%] [32mBuilding CXX object CMakeFiles/msgs_srvs__rosidl_typesupport_fastrtps_c.dir/rosidl_typesupport_fastrtps_c/msgs_srvs/msg/detail/sbus__type_support_c.cpp.o[0m
[22.251s] [ 51%] [32mBuilding CXX object CMakeFiles/msgs_srvs__rosidl_typesupport_fastrtps_c.dir/rosidl_typesupport_fastrtps_c/msgs_srvs/srv/detail/pwm_servo_state__type_support_c.cpp.o[0m
[22.645s] [ 52%] [32mBuilding CXX object CMakeFiles/msgs_srvs__rosidl_typesupport_introspection_cpp.dir/rosidl_typesupport_introspection_cpp/msgs_srvs/msg/detail/sbus__type_support.cpp.o[0m
[23.257s] [ 53%] [32mBuilding CXX object CMakeFiles/msgs_srvs__rosidl_typesupport_fastrtps_cpp.dir/rosidl_typesupport_fastrtps_cpp/msgs_srvs/msg/detail/dds_fastrtps/sbus__type_support.cpp.o[0m
[23.373s] [ 54%] [32m[1mLinking CXX shared library libmsgs_srvs__rosidl_typesupport_fastrtps_c.so[0m
[23.390s] [ 55%] [34m[1mGenerating C introspection for ROS interfaces[0m
[23.764s] [ 55%] Built target msgs_srvs__rosidl_typesupport_fastrtps_c
[23.829s] [ 56%] [34m[1mGenerating C type support dispatch for ROS interfaces[0m
[24.348s] [ 57%] [32mBuilding CXX object CMakeFiles/msgs_srvs__rosidl_typesupport_introspection_cpp.dir/rosidl_typesupport_introspection_cpp/msgs_srvs/srv/detail/pwm_servo_state__type_support.cpp.o[0m
[24.697s] [ 58%] [32mBuilding CXX object CMakeFiles/msgs_srvs__rosidl_typesupport_fastrtps_cpp.dir/rosidl_typesupport_fastrtps_cpp/msgs_srvs/srv/detail/dds_fastrtps/pwm_servo_state__type_support.cpp.o[0m
[25.276s] [ 60%] [32mBuilding CXX object CMakeFiles/msgs_srvs__rosidl_typesupport_c.dir/rosidl_typesupport_c/msgs_srvs/msg/button_state__type_support.cpp.o[0m
[25.437s] [ 61%] [32mBuilding CXX object CMakeFiles/msgs_srvs__rosidl_typesupport_c.dir/rosidl_typesupport_c/msgs_srvs/msg/buzzer_state__type_support.cpp.o[0m
[25.549s] [ 62%] [32mBuilding CXX object CMakeFiles/msgs_srvs__rosidl_typesupport_c.dir/rosidl_typesupport_c/msgs_srvs/msg/led_state__type_support.cpp.o[0m
[25.701s] [ 63%] [32mBuilding CXX object CMakeFiles/msgs_srvs__rosidl_typesupport_c.dir/rosidl_typesupport_c/msgs_srvs/msg/motors_state__type_support.cpp.o[0m
[25.821s] [ 64%] [32mBuilding CXX object CMakeFiles/msgs_srvs__rosidl_typesupport_c.dir/rosidl_typesupport_c/msgs_srvs/msg/motor_state__type_support.cpp.o[0m
[25.975s] [ 65%] [32mBuilding CXX object CMakeFiles/msgs_srvs__rosidl_typesupport_c.dir/rosidl_typesupport_c/msgs_srvs/msg/pwm_servo_state__type_support.cpp.o[0m
[25.984s] [ 66%] [32mBuilding C object CMakeFiles/msgs_srvs__rosidl_typesupport_introspection_c.dir/rosidl_typesupport_introspection_c/msgs_srvs/msg/detail/button_state__type_support.c.o[0m
[26.023s] [ 67%] [32m[1mLinking CXX shared library libmsgs_srvs__rosidl_typesupport_introspection_cpp.so[0m
[26.100s] [ 68%] [32mBuilding CXX object CMakeFiles/msgs_srvs__rosidl_typesupport_c.dir/rosidl_typesupport_c/msgs_srvs/msg/pwm_servo_state_duration__type_support.cpp.o[0m
[26.112s] [ 69%] [32mBuilding C object CMakeFiles/msgs_srvs__rosidl_typesupport_introspection_c.dir/rosidl_typesupport_introspection_c/msgs_srvs/msg/detail/buzzer_state__type_support.c.o[0m
[26.280s] [ 70%] [32mBuilding CXX object CMakeFiles/msgs_srvs__rosidl_typesupport_c.dir/rosidl_typesupport_c/msgs_srvs/msg/sbus__type_support.cpp.o[0m
[26.326s] [ 71%] [32mBuilding C object CMakeFiles/msgs_srvs__rosidl_typesupport_introspection_c.dir/rosidl_typesupport_introspection_c/msgs_srvs/msg/detail/led_state__type_support.c.o[0m
[26.406s] [ 71%] Built target msgs_srvs__rosidl_typesupport_introspection_cpp
[26.416s] [ 72%] [32mBuilding CXX object CMakeFiles/msgs_srvs__rosidl_typesupport_c.dir/rosidl_typesupport_c/msgs_srvs/srv/pwm_servo_state__type_support.cpp.o[0m
[26.417s] [ 73%] [32m[1mLinking CXX shared library libmsgs_srvs__rosidl_typesupport_fastrtps_cpp.so[0m
[26.433s] [ 74%] [32mBuilding C object CMakeFiles/msgs_srvs__rosidl_typesupport_introspection_c.dir/rosidl_typesupport_introspection_c/msgs_srvs/msg/detail/motors_state__type_support.c.o[0m
[26.462s] [ 75%] [32mBuilding C object CMakeFiles/msgs_srvs__rosidl_typesupport_introspection_c.dir/rosidl_typesupport_introspection_c/msgs_srvs/msg/detail/motor_state__type_support.c.o[0m
[26.572s] [ 76%] [32mBuilding C object CMakeFiles/msgs_srvs__rosidl_typesupport_introspection_c.dir/rosidl_typesupport_introspection_c/msgs_srvs/msg/detail/pwm_servo_state__type_support.c.o[0m
[26.573s] [ 77%] [32m[1mLinking CXX shared library libmsgs_srvs__rosidl_typesupport_c.so[0m
[26.598s] [ 78%] [32mBuilding C object CMakeFiles/msgs_srvs__rosidl_typesupport_introspection_c.dir/rosidl_typesupport_introspection_c/msgs_srvs/msg/detail/pwm_servo_state_duration__type_support.c.o[0m
[26.701s] [ 80%] [32mBuilding C object CMakeFiles/msgs_srvs__rosidl_typesupport_introspection_c.dir/rosidl_typesupport_introspection_c/msgs_srvs/msg/detail/sbus__type_support.c.o[0m
[26.731s] [ 80%] Built target msgs_srvs__rosidl_typesupport_c
[26.741s] [ 80%] Built target msgs_srvs__rosidl_typesupport_fastrtps_cpp
[26.755s] [ 81%] [32mBuilding C object CMakeFiles/msgs_srvs__rosidl_typesupport_introspection_c.dir/rosidl_typesupport_introspection_c/msgs_srvs/srv/detail/pwm_servo_state__type_support.c.o[0m
[26.854s] [ 82%] [32m[1mLinking C shared library libmsgs_srvs__rosidl_typesupport_introspection_c.so[0m
[26.942s] [ 82%] Built target msgs_srvs__rosidl_typesupport_introspection_c
[26.985s] [ 82%] Built target msgs_srvs
[27.020s] [ 83%] [34m[1mGenerating Python code for ROS interfaces[0m
[28.909s] [ 83%] Built target msgs_srvs__py
[28.954s] [ 85%] [32mBuilding C object CMakeFiles/msgs_srvs__rosidl_generator_py.dir/rosidl_generator_py/msgs_srvs/msg/_button_state_s.c.o[0m
[28.954s] [ 85%] [32mBuilding C object CMakeFiles/msgs_srvs__rosidl_generator_py.dir/rosidl_generator_py/msgs_srvs/msg/_buzzer_state_s.c.o[0m
[28.979s] [ 86%] [32mBuilding C object CMakeFiles/msgs_srvs__rosidl_generator_py.dir/rosidl_generator_py/msgs_srvs/msg/_led_state_s.c.o[0m
[28.988s] [ 87%] [32mBuilding C object CMakeFiles/msgs_srvs__rosidl_generator_py.dir/rosidl_generator_py/msgs_srvs/msg/_motors_state_s.c.o[0m
[29.340s] [ 88%] [32mBuilding C object CMakeFiles/msgs_srvs__rosidl_generator_py.dir/rosidl_generator_py/msgs_srvs/msg/_pwm_servo_state_s.c.o[0m
[29.341s] [ 89%] [32mBuilding C object CMakeFiles/msgs_srvs__rosidl_generator_py.dir/rosidl_generator_py/msgs_srvs/msg/_pwm_servo_state_duration_s.c.o[0m
[29.358s] [ 90%] [32mBuilding C object CMakeFiles/msgs_srvs__rosidl_generator_py.dir/rosidl_generator_py/msgs_srvs/msg/_motor_state_s.c.o[0m
[29.391s] [ 91%] [32mBuilding C object CMakeFiles/msgs_srvs__rosidl_generator_py.dir/rosidl_generator_py/msgs_srvs/msg/_sbus_s.c.o[0m
[29.646s] [ 92%] [32mBuilding C object CMakeFiles/msgs_srvs__rosidl_generator_py.dir/rosidl_generator_py/msgs_srvs/srv/_pwm_servo_state_s.c.o[0m
[29.887s] [ 93%] [32m[1mLinking C shared library rosidl_generator_py/msgs_srvs/libmsgs_srvs__rosidl_generator_py.so[0m
[30.014s] [ 93%] Built target msgs_srvs__rosidl_generator_py
[30.067s] [ 94%] [32mBuilding C object CMakeFiles/msgs_srvs__rosidl_typesupport_c__pyext.dir/rosidl_generator_py/msgs_srvs/_msgs_srvs_s.ep.rosidl_typesupport_c.c.o[0m
[30.072s] [ 95%] [32mBuilding C object CMakeFiles/msgs_srvs__rosidl_typesupport_fastrtps_c__pyext.dir/rosidl_generator_py/msgs_srvs/_msgs_srvs_s.ep.rosidl_typesupport_fastrtps_c.c.o[0m
[30.095s] [ 96%] [32mBuilding C object CMakeFiles/msgs_srvs__rosidl_typesupport_introspection_c__pyext.dir/rosidl_generator_py/msgs_srvs/_msgs_srvs_s.ep.rosidl_typesupport_introspection_c.c.o[0m
[30.392s] [ 97%] [32m[1mLinking C shared library rosidl_generator_py/msgs_srvs/msgs_srvs_s__rosidl_typesupport_c.cpython-310-aarch64-linux-gnu.so[0m
[30.411s] [ 98%] [32m[1mLinking C shared library rosidl_generator_py/msgs_srvs/msgs_srvs_s__rosidl_typesupport_fastrtps_c.cpython-310-aarch64-linux-gnu.so[0m
[30.441s] [100%] [32m[1mLinking C shared library rosidl_generator_py/msgs_srvs/msgs_srvs_s__rosidl_typesupport_introspection_c.cpython-310-aarch64-linux-gnu.so[0m
[30.536s] [100%] Built target msgs_srvs__rosidl_typesupport_c__pyext
[30.547s] [100%] Built target msgs_srvs__rosidl_typesupport_fastrtps_c__pyext
[30.604s] [100%] Built target msgs_srvs__rosidl_typesupport_introspection_c__pyext
[30.628s] Invoked command in '/ros2_ws/src/build/msgs_srvs' returned '0': CMAKE_PREFIX_PATH=/opt/ros/humble /usr/bin/cmake --build /ros2_ws/src/build/msgs_srvs -- -j4 -l4
[30.647s] Invoking command in '/ros2_ws/src/build/msgs_srvs': CMAKE_PREFIX_PATH=/opt/ros/humble /usr/bin/cmake --install /ros2_ws/src/build/msgs_srvs
[30.666s] -- Install configuration: ""
[30.666s] -- Execute custom install script
[30.667s] -- Symlinking: /ros2_ws/src/install/msgs_srvs/share/ament_index/resource_index/rosidl_interfaces/msgs_srvs
[30.697s] -- Symlinking: /ros2_ws/src/install/msgs_srvs/include/msgs_srvs/msgs_srvs/msg/button_state.h
[30.713s] -- Symlinking: /ros2_ws/src/install/msgs_srvs/include/msgs_srvs/msgs_srvs/msg/buzzer_state.h
[30.729s] -- Symlinking: /ros2_ws/src/install/msgs_srvs/include/msgs_srvs/msgs_srvs/msg/detail/button_state__functions.h
[30.745s] -- Symlinking: /ros2_ws/src/install/msgs_srvs/include/msgs_srvs/msgs_srvs/msg/detail/button_state__struct.h
[30.771s] -- Symlinking: /ros2_ws/src/install/msgs_srvs/include/msgs_srvs/msgs_srvs/msg/detail/button_state__type_support.h
[30.798s] -- Symlinking: /ros2_ws/src/install/msgs_srvs/include/msgs_srvs/msgs_srvs/msg/detail/buzzer_state__functions.h
[30.815s] -- Symlinking: /ros2_ws/src/install/msgs_srvs/include/msgs_srvs/msgs_srvs/msg/detail/buzzer_state__struct.h
[30.831s] -- Symlinking: /ros2_ws/src/install/msgs_srvs/include/msgs_srvs/msgs_srvs/msg/detail/buzzer_state__type_support.h
[30.847s] -- Symlinking: /ros2_ws/src/install/msgs_srvs/include/msgs_srvs/msgs_srvs/msg/detail/led_state__functions.h
[30.882s] -- Symlinking: /ros2_ws/src/install/msgs_srvs/include/msgs_srvs/msgs_srvs/msg/detail/led_state__struct.h
[30.899s] -- Symlinking: /ros2_ws/src/install/msgs_srvs/include/msgs_srvs/msgs_srvs/msg/detail/led_state__type_support.h
[30.914s] -- Symlinking: /ros2_ws/src/install/msgs_srvs/include/msgs_srvs/msgs_srvs/msg/detail/motor_state__functions.h
[30.930s] -- Symlinking: /ros2_ws/src/install/msgs_srvs/include/msgs_srvs/msgs_srvs/msg/detail/motor_state__struct.h
[30.946s] -- Symlinking: /ros2_ws/src/install/msgs_srvs/include/msgs_srvs/msgs_srvs/msg/detail/motor_state__type_support.h
[30.971s] -- Symlinking: /ros2_ws/src/install/msgs_srvs/include/msgs_srvs/msgs_srvs/msg/detail/motors_state__functions.h
[30.997s] -- Symlinking: /ros2_ws/src/install/msgs_srvs/include/msgs_srvs/msgs_srvs/msg/detail/motors_state__struct.h
[31.015s] -- Symlinking: /ros2_ws/src/install/msgs_srvs/include/msgs_srvs/msgs_srvs/msg/detail/motors_state__type_support.h
[31.033s] -- Symlinking: /ros2_ws/src/install/msgs_srvs/include/msgs_srvs/msgs_srvs/msg/detail/pwm_servo_state__functions.h
[31.049s] -- Symlinking: /ros2_ws/src/install/msgs_srvs/include/msgs_srvs/msgs_srvs/msg/detail/pwm_servo_state__struct.h
[31.082s] -- Symlinking: /ros2_ws/src/install/msgs_srvs/include/msgs_srvs/msgs_srvs/msg/detail/pwm_servo_state__type_support.h
[31.097s] -- Symlinking: /ros2_ws/src/install/msgs_srvs/include/msgs_srvs/msgs_srvs/msg/detail/pwm_servo_state_duration__functions.h
[31.112s] -- Symlinking: /ros2_ws/src/install/msgs_srvs/include/msgs_srvs/msgs_srvs/msg/detail/pwm_servo_state_duration__struct.h
[31.126s] -- Symlinking: /ros2_ws/src/install/msgs_srvs/include/msgs_srvs/msgs_srvs/msg/detail/pwm_servo_state_duration__type_support.h
[31.145s] -- Symlinking: /ros2_ws/src/install/msgs_srvs/include/msgs_srvs/msgs_srvs/msg/detail/sbus__functions.h
[31.169s] -- Symlinking: /ros2_ws/src/install/msgs_srvs/include/msgs_srvs/msgs_srvs/msg/detail/sbus__struct.h
[31.195s] -- Symlinking: /ros2_ws/src/install/msgs_srvs/include/msgs_srvs/msgs_srvs/msg/detail/sbus__type_support.h
[31.211s] -- Symlinking: /ros2_ws/src/install/msgs_srvs/include/msgs_srvs/msgs_srvs/msg/led_state.h
[31.226s] -- Symlinking: /ros2_ws/src/install/msgs_srvs/include/msgs_srvs/msgs_srvs/msg/motor_state.h
[31.242s] -- Symlinking: /ros2_ws/src/install/msgs_srvs/include/msgs_srvs/msgs_srvs/msg/motors_state.h
[31.265s] -- Symlinking: /ros2_ws/src/install/msgs_srvs/include/msgs_srvs/msgs_srvs/msg/pwm_servo_state.h
[31.298s] -- Symlinking: /ros2_ws/src/install/msgs_srvs/include/msgs_srvs/msgs_srvs/msg/pwm_servo_state_duration.h
[31.317s] -- Symlinking: /ros2_ws/src/install/msgs_srvs/include/msgs_srvs/msgs_srvs/msg/rosidl_generator_c__visibility_control.h
[31.335s] -- Symlinking: /ros2_ws/src/install/msgs_srvs/include/msgs_srvs/msgs_srvs/msg/sbus.h
[31.353s] -- Symlinking: /ros2_ws/src/install/msgs_srvs/include/msgs_srvs/msgs_srvs/srv/detail/pwm_servo_state__functions.h
[31.392s] -- Symlinking: /ros2_ws/src/install/msgs_srvs/include/msgs_srvs/msgs_srvs/srv/detail/pwm_servo_state__struct.h
[31.410s] -- Symlinking: /ros2_ws/src/install/msgs_srvs/include/msgs_srvs/msgs_srvs/srv/detail/pwm_servo_state__type_support.h
[31.428s] -- Symlinking: /ros2_ws/src/install/msgs_srvs/include/msgs_srvs/msgs_srvs/srv/pwm_servo_state.h
[31.448s] -- Symlinking: /ros2_ws/src/install/msgs_srvs/share/msgs_srvs/environment/library_path.sh
[31.483s] -- Symlinking: /ros2_ws/src/install/msgs_srvs/share/msgs_srvs/environment/library_path.dsv
[31.504s] -- Symlinking: /ros2_ws/src/install/msgs_srvs/include/msgs_srvs/msgs_srvs/msg/detail/button_state__rosidl_typesupport_fastrtps_c.h
[31.519s] -- Symlinking: /ros2_ws/src/install/msgs_srvs/include/msgs_srvs/msgs_srvs/msg/detail/buzzer_state__rosidl_typesupport_fastrtps_c.h
[31.536s] -- Symlinking: /ros2_ws/src/install/msgs_srvs/include/msgs_srvs/msgs_srvs/msg/detail/led_state__rosidl_typesupport_fastrtps_c.h
[31.553s] -- Symlinking: /ros2_ws/src/install/msgs_srvs/include/msgs_srvs/msgs_srvs/msg/detail/motor_state__rosidl_typesupport_fastrtps_c.h
[31.588s] -- Symlinking: /ros2_ws/src/install/msgs_srvs/include/msgs_srvs/msgs_srvs/msg/detail/motors_state__rosidl_typesupport_fastrtps_c.h
[31.603s] -- Symlinking: /ros2_ws/src/install/msgs_srvs/include/msgs_srvs/msgs_srvs/msg/detail/pwm_servo_state__rosidl_typesupport_fastrtps_c.h
[31.619s] -- Symlinking: /ros2_ws/src/install/msgs_srvs/include/msgs_srvs/msgs_srvs/msg/detail/pwm_servo_state_duration__rosidl_typesupport_fastrtps_c.h
[31.635s] -- Symlinking: /ros2_ws/src/install/msgs_srvs/include/msgs_srvs/msgs_srvs/msg/detail/sbus__rosidl_typesupport_fastrtps_c.h
[31.652s] -- Symlinking: /ros2_ws/src/install/msgs_srvs/include/msgs_srvs/msgs_srvs/msg/rosidl_typesupport_fastrtps_c__visibility_control.h
[31.686s] -- Symlinking: /ros2_ws/src/install/msgs_srvs/include/msgs_srvs/msgs_srvs/srv/detail/pwm_servo_state__rosidl_typesupport_fastrtps_c.h
[31.701s] -- Symlinking: /ros2_ws/src/install/msgs_srvs/include/msgs_srvs/msgs_srvs/msg/button_state.hpp
[31.717s] -- Symlinking: /ros2_ws/src/install/msgs_srvs/include/msgs_srvs/msgs_srvs/msg/buzzer_state.hpp
[31.732s] -- Symlinking: /ros2_ws/src/install/msgs_srvs/include/msgs_srvs/msgs_srvs/msg/detail/button_state__builder.hpp
[31.746s] -- Symlinking: /ros2_ws/src/install/msgs_srvs/include/msgs_srvs/msgs_srvs/msg/detail/button_state__struct.hpp
[31.766s] -- Symlinking: /ros2_ws/src/install/msgs_srvs/include/msgs_srvs/msgs_srvs/msg/detail/button_state__traits.hpp
[31.792s] -- Symlinking: /ros2_ws/src/install/msgs_srvs/include/msgs_srvs/msgs_srvs/msg/detail/button_state__type_support.hpp
[31.808s] -- Symlinking: /ros2_ws/src/install/msgs_srvs/include/msgs_srvs/msgs_srvs/msg/detail/buzzer_state__builder.hpp
[31.823s] -- Symlinking: /ros2_ws/src/install/msgs_srvs/include/msgs_srvs/msgs_srvs/msg/detail/buzzer_state__struct.hpp
[31.838s] -- Symlinking: /ros2_ws/src/install/msgs_srvs/include/msgs_srvs/msgs_srvs/msg/detail/buzzer_state__traits.hpp
[31.854s] -- Symlinking: /ros2_ws/src/install/msgs_srvs/include/msgs_srvs/msgs_srvs/msg/detail/buzzer_state__type_support.hpp
[31.885s] -- Symlinking: /ros2_ws/src/install/msgs_srvs/include/msgs_srvs/msgs_srvs/msg/detail/led_state__builder.hpp
[31.901s] -- Symlinking: /ros2_ws/src/install/msgs_srvs/include/msgs_srvs/msgs_srvs/msg/detail/led_state__struct.hpp
[31.915s] -- Symlinking: /ros2_ws/src/install/msgs_srvs/include/msgs_srvs/msgs_srvs/msg/detail/led_state__traits.hpp
[31.931s] -- Symlinking: /ros2_ws/src/install/msgs_srvs/include/msgs_srvs/msgs_srvs/msg/detail/led_state__type_support.hpp
[31.946s] -- Symlinking: /ros2_ws/src/install/msgs_srvs/include/msgs_srvs/msgs_srvs/msg/detail/motor_state__builder.hpp
[31.967s] -- Symlinking: /ros2_ws/src/install/msgs_srvs/include/msgs_srvs/msgs_srvs/msg/detail/motor_state__struct.hpp
[31.993s] -- Symlinking: /ros2_ws/src/install/msgs_srvs/include/msgs_srvs/msgs_srvs/msg/detail/motor_state__traits.hpp
[32.008s] -- Symlinking: /ros2_ws/src/install/msgs_srvs/include/msgs_srvs/msgs_srvs/msg/detail/motor_state__type_support.hpp
[32.023s] -- Symlinking: /ros2_ws/src/install/msgs_srvs/include/msgs_srvs/msgs_srvs/msg/detail/motors_state__builder.hpp
[32.038s] -- Symlinking: /ros2_ws/src/install/msgs_srvs/include/msgs_srvs/msgs_srvs/msg/detail/motors_state__struct.hpp
[32.054s] -- Symlinking: /ros2_ws/src/install/msgs_srvs/include/msgs_srvs/msgs_srvs/msg/detail/motors_state__traits.hpp
[32.086s] -- Symlinking: /ros2_ws/src/install/msgs_srvs/include/msgs_srvs/msgs_srvs/msg/detail/motors_state__type_support.hpp
[32.101s] -- Symlinking: /ros2_ws/src/install/msgs_srvs/include/msgs_srvs/msgs_srvs/msg/detail/pwm_servo_state__builder.hpp
[32.116s] -- Symlinking: /ros2_ws/src/install/msgs_srvs/include/msgs_srvs/msgs_srvs/msg/detail/pwm_servo_state__struct.hpp
[32.132s] -- Symlinking: /ros2_ws/src/install/msgs_srvs/include/msgs_srvs/msgs_srvs/msg/detail/pwm_servo_state__traits.hpp
[32.147s] -- Symlinking: /ros2_ws/src/install/msgs_srvs/include/msgs_srvs/msgs_srvs/msg/detail/pwm_servo_state__type_support.hpp
[32.167s] -- Symlinking: /ros2_ws/src/install/msgs_srvs/include/msgs_srvs/msgs_srvs/msg/detail/pwm_servo_state_duration__builder.hpp
[32.194s] -- Symlinking: /ros2_ws/src/install/msgs_srvs/include/msgs_srvs/msgs_srvs/msg/detail/pwm_servo_state_duration__struct.hpp
[32.210s] -- Symlinking: /ros2_ws/src/install/msgs_srvs/include/msgs_srvs/msgs_srvs/msg/detail/pwm_servo_state_duration__traits.hpp
[32.225s] -- Symlinking: /ros2_ws/src/install/msgs_srvs/include/msgs_srvs/msgs_srvs/msg/detail/pwm_servo_state_duration__type_support.hpp
[32.240s] -- Symlinking: /ros2_ws/src/install/msgs_srvs/include/msgs_srvs/msgs_srvs/msg/detail/sbus__builder.hpp
[32.255s] -- Symlinking: /ros2_ws/src/install/msgs_srvs/include/msgs_srvs/msgs_srvs/msg/detail/sbus__struct.hpp
[32.287s] -- Symlinking: /ros2_ws/src/install/msgs_srvs/include/msgs_srvs/msgs_srvs/msg/detail/sbus__traits.hpp
[32.302s] -- Symlinking: /ros2_ws/src/install/msgs_srvs/include/msgs_srvs/msgs_srvs/msg/detail/sbus__type_support.hpp
[32.317s] -- Symlinking: /ros2_ws/src/install/msgs_srvs/include/msgs_srvs/msgs_srvs/msg/led_state.hpp
[32.333s] -- Symlinking: /ros2_ws/src/install/msgs_srvs/include/msgs_srvs/msgs_srvs/msg/motor_state.hpp
[32.348s] -- Symlinking: /ros2_ws/src/install/msgs_srvs/include/msgs_srvs/msgs_srvs/msg/motors_state.hpp
[32.373s] -- Symlinking: /ros2_ws/src/install/msgs_srvs/include/msgs_srvs/msgs_srvs/msg/pwm_servo_state.hpp
[32.396s] -- Symlinking: /ros2_ws/src/install/msgs_srvs/include/msgs_srvs/msgs_srvs/msg/pwm_servo_state_duration.hpp
[32.411s] -- Symlinking: /ros2_ws/src/install/msgs_srvs/include/msgs_srvs/msgs_srvs/msg/rosidl_generator_cpp__visibility_control.hpp
[32.427s] -- Symlinking: /ros2_ws/src/install/msgs_srvs/include/msgs_srvs/msgs_srvs/msg/sbus.hpp
[32.442s] -- Symlinking: /ros2_ws/src/install/msgs_srvs/include/msgs_srvs/msgs_srvs/srv/detail/pwm_servo_state__builder.hpp
[32.459s] -- Symlinking: /ros2_ws/src/install/msgs_srvs/include/msgs_srvs/msgs_srvs/srv/detail/pwm_servo_state__struct.hpp
[32.489s] -- Symlinking: /ros2_ws/src/install/msgs_srvs/include/msgs_srvs/msgs_srvs/srv/detail/pwm_servo_state__traits.hpp
[32.505s] -- Symlinking: /ros2_ws/src/install/msgs_srvs/include/msgs_srvs/msgs_srvs/srv/detail/pwm_servo_state__type_support.hpp
[32.520s] -- Symlinking: /ros2_ws/src/install/msgs_srvs/include/msgs_srvs/msgs_srvs/srv/pwm_servo_state.hpp
[32.536s] -- Symlinking: /ros2_ws/src/install/msgs_srvs/include/msgs_srvs/msgs_srvs/msg/detail/button_state__rosidl_typesupport_fastrtps_cpp.hpp
[32.552s] -- Symlinking: /ros2_ws/src/install/msgs_srvs/include/msgs_srvs/msgs_srvs/msg/detail/buzzer_state__rosidl_typesupport_fastrtps_cpp.hpp
[32.587s] -- Symlinking: /ros2_ws/src/install/msgs_srvs/include/msgs_srvs/msgs_srvs/msg/detail/led_state__rosidl_typesupport_fastrtps_cpp.hpp
[32.603s] -- Symlinking: /ros2_ws/src/install/msgs_srvs/include/msgs_srvs/msgs_srvs/msg/detail/motor_state__rosidl_typesupport_fastrtps_cpp.hpp
[32.618s] -- Symlinking: /ros2_ws/src/install/msgs_srvs/include/msgs_srvs/msgs_srvs/msg/detail/motors_state__rosidl_typesupport_fastrtps_cpp.hpp
[32.632s] -- Symlinking: /ros2_ws/src/install/msgs_srvs/include/msgs_srvs/msgs_srvs/msg/detail/pwm_servo_state__rosidl_typesupport_fastrtps_cpp.hpp
[32.649s] -- Symlinking: /ros2_ws/src/install/msgs_srvs/include/msgs_srvs/msgs_srvs/msg/detail/pwm_servo_state_duration__rosidl_typesupport_fastrtps_cpp.hpp
[32.685s] -- Symlinking: /ros2_ws/src/install/msgs_srvs/include/msgs_srvs/msgs_srvs/msg/detail/sbus__rosidl_typesupport_fastrtps_cpp.hpp
[32.728s] -- Symlinking: /ros2_ws/src/install/msgs_srvs/include/msgs_srvs/msgs_srvs/msg/rosidl_typesupport_fastrtps_cpp__visibility_control.h
[32.743s] -- Symlinking: /ros2_ws/src/install/msgs_srvs/include/msgs_srvs/msgs_srvs/srv/detail/pwm_servo_state__rosidl_typesupport_fastrtps_cpp.hpp
[32.759s] -- Symlinking: /ros2_ws/src/install/msgs_srvs/include/msgs_srvs/msgs_srvs/msg/detail/button_state__rosidl_typesupport_introspection_c.h
[32.789s] -- Symlinking: /ros2_ws/src/install/msgs_srvs/include/msgs_srvs/msgs_srvs/msg/detail/buzzer_state__rosidl_typesupport_introspection_c.h
[32.803s] -- Symlinking: /ros2_ws/src/install/msgs_srvs/include/msgs_srvs/msgs_srvs/msg/detail/led_state__rosidl_typesupport_introspection_c.h
[32.817s] -- Symlinking: /ros2_ws/src/install/msgs_srvs/include/msgs_srvs/msgs_srvs/msg/detail/motor_state__rosidl_typesupport_introspection_c.h
[32.832s] -- Symlinking: /ros2_ws/src/install/msgs_srvs/include/msgs_srvs/msgs_srvs/msg/detail/motors_state__rosidl_typesupport_introspection_c.h
[32.847s] -- Symlinking: /ros2_ws/src/install/msgs_srvs/include/msgs_srvs/msgs_srvs/msg/detail/pwm_servo_state__rosidl_typesupport_introspection_c.h
[32.870s] -- Symlinking: /ros2_ws/src/install/msgs_srvs/include/msgs_srvs/msgs_srvs/msg/detail/pwm_servo_state_duration__rosidl_typesupport_introspection_c.h
[32.894s] -- Symlinking: /ros2_ws/src/install/msgs_srvs/include/msgs_srvs/msgs_srvs/msg/detail/sbus__rosidl_typesupport_introspection_c.h
[32.908s] -- Symlinking: /ros2_ws/src/install/msgs_srvs/include/msgs_srvs/msgs_srvs/msg/rosidl_typesupport_introspection_c__visibility_control.h
[32.923s] -- Symlinking: /ros2_ws/src/install/msgs_srvs/include/msgs_srvs/msgs_srvs/srv/detail/pwm_servo_state__rosidl_typesupport_introspection_c.h
[32.939s] -- Symlinking: /ros2_ws/src/install/msgs_srvs/include/msgs_srvs/msgs_srvs/msg/detail/button_state__rosidl_typesupport_introspection_cpp.hpp
[32.954s] -- Symlinking: /ros2_ws/src/install/msgs_srvs/include/msgs_srvs/msgs_srvs/msg/detail/buzzer_state__rosidl_typesupport_introspection_cpp.hpp
[32.986s] -- Symlinking: /ros2_ws/src/install/msgs_srvs/include/msgs_srvs/msgs_srvs/msg/detail/led_state__rosidl_typesupport_introspection_cpp.hpp
[33.001s] -- Symlinking: /ros2_ws/src/install/msgs_srvs/include/msgs_srvs/msgs_srvs/msg/detail/motor_state__rosidl_typesupport_introspection_cpp.hpp
[33.016s] -- Symlinking: /ros2_ws/src/install/msgs_srvs/include/msgs_srvs/msgs_srvs/msg/detail/motors_state__rosidl_typesupport_introspection_cpp.hpp
[33.032s] -- Symlinking: /ros2_ws/src/install/msgs_srvs/include/msgs_srvs/msgs_srvs/msg/detail/pwm_servo_state__rosidl_typesupport_introspection_cpp.hpp
[33.046s] -- Symlinking: /ros2_ws/src/install/msgs_srvs/include/msgs_srvs/msgs_srvs/msg/detail/pwm_servo_state_duration__rosidl_typesupport_introspection_cpp.hpp
[33.066s] -- Symlinking: /ros2_ws/src/install/msgs_srvs/include/msgs_srvs/msgs_srvs/msg/detail/sbus__rosidl_typesupport_introspection_cpp.hpp
[33.092s] -- Symlinking: /ros2_ws/src/install/msgs_srvs/include/msgs_srvs/msgs_srvs/srv/detail/pwm_servo_state__rosidl_typesupport_introspection_cpp.hpp
[33.107s] -- Symlinking: /ros2_ws/src/install/msgs_srvs/share/msgs_srvs/environment/pythonpath.sh
[33.122s] -- Symlinking: /ros2_ws/src/install/msgs_srvs/share/msgs_srvs/environment/pythonpath.dsv
[33.137s] -- Symlinking: /ros2_ws/src/install/msgs_srvs/local/lib/python3.10/dist-packages/msgs_srvs-0.0.0-py3.10.egg-info/PKG-INFO
[33.152s] -- Symlinking: /ros2_ws/src/install/msgs_srvs/local/lib/python3.10/dist-packages/msgs_srvs-0.0.0-py3.10.egg-info/SOURCES.txt
[33.167s] -- Symlinking: /ros2_ws/src/install/msgs_srvs/local/lib/python3.10/dist-packages/msgs_srvs-0.0.0-py3.10.egg-info/dependency_links.txt
[33.192s] -- Symlinking: /ros2_ws/src/install/msgs_srvs/local/lib/python3.10/dist-packages/msgs_srvs-0.0.0-py3.10.egg-info/top_level.txt
[33.214s] -- Symlinking: /ros2_ws/src/install/msgs_srvs/local/lib/python3.10/dist-packages/msgs_srvs/__init__.py
[33.228s] -- Symlinking: /ros2_ws/src/install/msgs_srvs/local/lib/python3.10/dist-packages/msgs_srvs/_msgs_srvs_s.ep.rosidl_typesupport_c.c
[33.244s] -- Symlinking: /ros2_ws/src/install/msgs_srvs/local/lib/python3.10/dist-packages/msgs_srvs/_msgs_srvs_s.ep.rosidl_typesupport_fastrtps_c.c
[33.259s] -- Symlinking: /ros2_ws/src/install/msgs_srvs/local/lib/python3.10/dist-packages/msgs_srvs/_msgs_srvs_s.ep.rosidl_typesupport_introspection_c.c
[33.289s] -- Symlinking: /ros2_ws/src/install/msgs_srvs/local/lib/python3.10/dist-packages/msgs_srvs/libmsgs_srvs__rosidl_generator_py.so
[33.303s] -- Symlinking: /ros2_ws/src/install/msgs_srvs/local/lib/python3.10/dist-packages/msgs_srvs/msg/__init__.py
[33.318s] -- Symlinking: /ros2_ws/src/install/msgs_srvs/local/lib/python3.10/dist-packages/msgs_srvs/msg/_button_state.py
[33.333s] -- Symlinking: /ros2_ws/src/install/msgs_srvs/local/lib/python3.10/dist-packages/msgs_srvs/msg/_button_state_s.c
[33.348s] -- Symlinking: /ros2_ws/src/install/msgs_srvs/local/lib/python3.10/dist-packages/msgs_srvs/msg/_buzzer_state.py
[33.371s] -- Symlinking: /ros2_ws/src/install/msgs_srvs/local/lib/python3.10/dist-packages/msgs_srvs/msg/_buzzer_state_s.c
[33.392s] -- Symlinking: /ros2_ws/src/install/msgs_srvs/local/lib/python3.10/dist-packages/msgs_srvs/msg/_led_state.py
[33.407s] -- Symlinking: /ros2_ws/src/install/msgs_srvs/local/lib/python3.10/dist-packages/msgs_srvs/msg/_led_state_s.c
[33.422s] -- Symlinking: /ros2_ws/src/install/msgs_srvs/local/lib/python3.10/dist-packages/msgs_srvs/msg/_motor_state.py
[33.437s] -- Symlinking: /ros2_ws/src/install/msgs_srvs/local/lib/python3.10/dist-packages/msgs_srvs/msg/_motor_state_s.c
[33.453s] -- Symlinking: /ros2_ws/src/install/msgs_srvs/local/lib/python3.10/dist-packages/msgs_srvs/msg/_motors_state.py
[33.484s] -- Symlinking: /ros2_ws/src/install/msgs_srvs/local/lib/python3.10/dist-packages/msgs_srvs/msg/_motors_state_s.c
[33.499s] -- Symlinking: /ros2_ws/src/install/msgs_srvs/local/lib/python3.10/dist-packages/msgs_srvs/msg/_pwm_servo_state.py
[33.515s] -- Symlinking: /ros2_ws/src/install/msgs_srvs/local/lib/python3.10/dist-packages/msgs_srvs/msg/_pwm_servo_state_duration.py
[33.529s] -- Symlinking: /ros2_ws/src/install/msgs_srvs/local/lib/python3.10/dist-packages/msgs_srvs/msg/_pwm_servo_state_duration_s.c
[33.544s] -- Symlinking: /ros2_ws/src/install/msgs_srvs/local/lib/python3.10/dist-packages/msgs_srvs/msg/_pwm_servo_state_s.c
[33.560s] -- Symlinking: /ros2_ws/src/install/msgs_srvs/local/lib/python3.10/dist-packages/msgs_srvs/msg/_sbus.py
[33.590s] -- Symlinking: /ros2_ws/src/install/msgs_srvs/local/lib/python3.10/dist-packages/msgs_srvs/msg/_sbus_s.c
[33.604s] -- Symlinking: /ros2_ws/src/install/msgs_srvs/local/lib/python3.10/dist-packages/msgs_srvs/msgs_srvs_s__rosidl_typesupport_c.cpython-310-aarch64-linux-gnu.so
[33.620s] -- Symlinking: /ros2_ws/src/install/msgs_srvs/local/lib/python3.10/dist-packages/msgs_srvs/msgs_srvs_s__rosidl_typesupport_fastrtps_c.cpython-310-aarch64-linux-gnu.so
[33.634s] -- Symlinking: /ros2_ws/src/install/msgs_srvs/local/lib/python3.10/dist-packages/msgs_srvs/msgs_srvs_s__rosidl_typesupport_introspection_c.cpython-310-aarch64-linux-gnu.so
[33.650s] -- Symlinking: /ros2_ws/src/install/msgs_srvs/local/lib/python3.10/dist-packages/msgs_srvs/srv/__init__.py
[33.676s] -- Symlinking: /ros2_ws/src/install/msgs_srvs/local/lib/python3.10/dist-packages/msgs_srvs/srv/_pwm_servo_state.py
[33.696s] -- Symlinking: /ros2_ws/src/install/msgs_srvs/local/lib/python3.10/dist-packages/msgs_srvs/srv/_pwm_servo_state_s.c
[33.710s] -- Up-to-date symlink: /ros2_ws/src/install/msgs_srvs/local/lib/python3.10/dist-packages/msgs_srvs/msgs_srvs_s__rosidl_typesupport_fastrtps_c.cpython-310-aarch64-linux-gnu.so
[33.710s] -- Up-to-date symlink: /ros2_ws/src/install/msgs_srvs/local/lib/python3.10/dist-packages/msgs_srvs/msgs_srvs_s__rosidl_typesupport_introspection_c.cpython-310-aarch64-linux-gnu.so
[33.711s] -- Up-to-date symlink: /ros2_ws/src/install/msgs_srvs/local/lib/python3.10/dist-packages/msgs_srvs/msgs_srvs_s__rosidl_typesupport_c.cpython-310-aarch64-linux-gnu.so
[33.711s] -- Symlinking: /ros2_ws/src/install/msgs_srvs/share/msgs_srvs/msg/ButtonState.idl
[33.726s] -- Symlinking: /ros2_ws/src/install/msgs_srvs/share/msgs_srvs/msg/BuzzerState.idl
[33.741s] -- Symlinking: /ros2_ws/src/install/msgs_srvs/share/msgs_srvs/msg/LedState.idl
[33.756s] -- Symlinking: /ros2_ws/src/install/msgs_srvs/share/msgs_srvs/msg/MotorsState.idl
[33.786s] -- Symlinking: /ros2_ws/src/install/msgs_srvs/share/msgs_srvs/msg/MotorState.idl
[33.801s] -- Symlinking: /ros2_ws/src/install/msgs_srvs/share/msgs_srvs/msg/PWMServoState.idl
[33.816s] -- Symlinking: /ros2_ws/src/install/msgs_srvs/share/msgs_srvs/msg/PWMServoStateDuration.idl
[33.830s] -- Symlinking: /ros2_ws/src/install/msgs_srvs/share/msgs_srvs/msg/Sbus.idl
[33.845s] -- Symlinking: /ros2_ws/src/install/msgs_srvs/share/msgs_srvs/srv/PWMServoState.idl
[33.862s] -- Symlinking: /ros2_ws/src/install/msgs_srvs/share/msgs_srvs/msg/ButtonState.msg
[33.891s] -- Symlinking: /ros2_ws/src/install/msgs_srvs/share/msgs_srvs/msg/BuzzerState.msg
[33.906s] -- Symlinking: /ros2_ws/src/install/msgs_srvs/share/msgs_srvs/msg/LedState.msg
[33.920s] -- Symlinking: /ros2_ws/src/install/msgs_srvs/share/msgs_srvs/msg/MotorsState.msg
[33.935s] -- Symlinking: /ros2_ws/src/install/msgs_srvs/share/msgs_srvs/msg/MotorState.msg
[33.950s] -- Symlinking: /ros2_ws/src/install/msgs_srvs/share/msgs_srvs/msg/PWMServoState.msg
[33.976s] -- Symlinking: /ros2_ws/src/install/msgs_srvs/share/msgs_srvs/msg/PWMServoStateDuration.msg
[33.996s] -- Symlinking: /ros2_ws/src/install/msgs_srvs/share/msgs_srvs/msg/Sbus.msg
[34.011s] -- Symlinking: /ros2_ws/src/install/msgs_srvs/share/msgs_srvs/srv/PWMServoState.srv
[34.026s] -- Symlinking: /ros2_ws/src/install/msgs_srvs/share/msgs_srvs/srv/PWMServoState_Request.msg
[34.042s] -- Symlinking: /ros2_ws/src/install/msgs_srvs/share/msgs_srvs/srv/PWMServoState_Response.msg
[34.057s] -- Symlinking: /ros2_ws/src/install/msgs_srvs/share/ament_index/resource_index/package_run_dependencies/msgs_srvs
[34.089s] -- Symlinking: /ros2_ws/src/install/msgs_srvs/share/ament_index/resource_index/parent_prefix_path/msgs_srvs
[34.103s] -- Symlinking: /ros2_ws/src/install/msgs_srvs/share/msgs_srvs/environment/ament_prefix_path.sh
[34.118s] -- Symlinking: /ros2_ws/src/install/msgs_srvs/share/msgs_srvs/environment/ament_prefix_path.dsv
[34.134s] -- Symlinking: /ros2_ws/src/install/msgs_srvs/share/msgs_srvs/environment/path.sh
[34.148s] -- Symlinking: /ros2_ws/src/install/msgs_srvs/share/msgs_srvs/environment/path.dsv
[34.168s] -- Symlinking: /ros2_ws/src/install/msgs_srvs/share/msgs_srvs/local_setup.bash
[34.194s] -- Symlinking: /ros2_ws/src/install/msgs_srvs/share/msgs_srvs/local_setup.sh
[34.208s] -- Symlinking: /ros2_ws/src/install/msgs_srvs/share/msgs_srvs/local_setup.zsh
[34.223s] -- Symlinking: /ros2_ws/src/install/msgs_srvs/share/msgs_srvs/local_setup.dsv
[34.238s] -- Symlinking: /ros2_ws/src/install/msgs_srvs/share/msgs_srvs/package.dsv
[34.253s] -- Symlinking: /ros2_ws/src/install/msgs_srvs/share/ament_index/resource_index/packages/msgs_srvs
[34.285s] -- Symlinking: /ros2_ws/src/install/msgs_srvs/share/msgs_srvs/cmake/rosidl_cmake-extras.cmake
[34.300s] -- Symlinking: /ros2_ws/src/install/msgs_srvs/share/msgs_srvs/cmake/ament_cmake_export_dependencies-extras.cmake
[34.314s] -- Symlinking: /ros2_ws/src/install/msgs_srvs/share/msgs_srvs/cmake/ament_cmake_export_include_directories-extras.cmake
[34.329s] -- Symlinking: /ros2_ws/src/install/msgs_srvs/share/msgs_srvs/cmake/ament_cmake_export_libraries-extras.cmake
[34.344s] -- Symlinking: /ros2_ws/src/install/msgs_srvs/share/msgs_srvs/cmake/ament_cmake_export_targets-extras.cmake
[34.360s] -- Symlinking: /ros2_ws/src/install/msgs_srvs/share/msgs_srvs/cmake/rosidl_cmake_export_typesupport_targets-extras.cmake
[34.391s] -- Symlinking: /ros2_ws/src/install/msgs_srvs/share/msgs_srvs/cmake/rosidl_cmake_export_typesupport_libraries-extras.cmake
[34.406s] -- Symlinking: /ros2_ws/src/install/msgs_srvs/share/msgs_srvs/cmake/msgs_srvsConfig.cmake
[34.421s] -- Symlinking: /ros2_ws/src/install/msgs_srvs/share/msgs_srvs/cmake/msgs_srvsConfig-version.cmake
[34.436s] -- Symlinking: /ros2_ws/src/install/msgs_srvs/share/msgs_srvs/package.xml
[34.451s] -- Installing: /ros2_ws/src/install/msgs_srvs/lib/libmsgs_srvs__rosidl_generator_c.so
[34.452s] -- Set runtime path of "/ros2_ws/src/install/msgs_srvs/lib/libmsgs_srvs__rosidl_generator_c.so" to ""
[34.452s] -- Installing: /ros2_ws/src/install/msgs_srvs/lib/libmsgs_srvs__rosidl_typesupport_fastrtps_c.so
[34.453s] -- Set runtime path of "/ros2_ws/src/install/msgs_srvs/lib/libmsgs_srvs__rosidl_typesupport_fastrtps_c.so" to ""
[34.453s] -- Installing: /ros2_ws/src/install/msgs_srvs/lib/libmsgs_srvs__rosidl_typesupport_fastrtps_cpp.so
[34.454s] -- Set runtime path of "/ros2_ws/src/install/msgs_srvs/lib/libmsgs_srvs__rosidl_typesupport_fastrtps_cpp.so" to ""
[34.454s] -- Installing: /ros2_ws/src/install/msgs_srvs/lib/libmsgs_srvs__rosidl_typesupport_introspection_c.so
[34.454s] -- Set runtime path of "/ros2_ws/src/install/msgs_srvs/lib/libmsgs_srvs__rosidl_typesupport_introspection_c.so" to ""
[34.454s] -- Installing: /ros2_ws/src/install/msgs_srvs/lib/libmsgs_srvs__rosidl_typesupport_c.so
[34.455s] -- Set runtime path of "/ros2_ws/src/install/msgs_srvs/lib/libmsgs_srvs__rosidl_typesupport_c.so" to ""
[34.455s] -- Installing: /ros2_ws/src/install/msgs_srvs/lib/libmsgs_srvs__rosidl_typesupport_introspection_cpp.so
[34.456s] -- Set runtime path of "/ros2_ws/src/install/msgs_srvs/lib/libmsgs_srvs__rosidl_typesupport_introspection_cpp.so" to ""
[34.456s] -- Installing: /ros2_ws/src/install/msgs_srvs/lib/libmsgs_srvs__rosidl_typesupport_cpp.so
[34.456s] -- Set runtime path of "/ros2_ws/src/install/msgs_srvs/lib/libmsgs_srvs__rosidl_typesupport_cpp.so" to ""
[34.597s] Listing '/ros2_ws/src/install/msgs_srvs/local/lib/python3.10/dist-packages/msgs_srvs'...
[34.597s] Compiling '/ros2_ws/src/install/msgs_srvs/local/lib/python3.10/dist-packages/msgs_srvs/__init__.py'...
[34.597s] Listing '/ros2_ws/src/install/msgs_srvs/local/lib/python3.10/dist-packages/msgs_srvs/msg'...
[34.597s] Compiling '/ros2_ws/src/install/msgs_srvs/local/lib/python3.10/dist-packages/msgs_srvs/msg/__init__.py'...
[34.597s] Compiling '/ros2_ws/src/install/msgs_srvs/local/lib/python3.10/dist-packages/msgs_srvs/msg/_button_state.py'...
[34.597s] Compiling '/ros2_ws/src/install/msgs_srvs/local/lib/python3.10/dist-packages/msgs_srvs/msg/_buzzer_state.py'...
[34.597s] Compiling '/ros2_ws/src/install/msgs_srvs/local/lib/python3.10/dist-packages/msgs_srvs/msg/_led_state.py'...
[34.597s] Compiling '/ros2_ws/src/install/msgs_srvs/local/lib/python3.10/dist-packages/msgs_srvs/msg/_motor_state.py'...
[34.598s] Compiling '/ros2_ws/src/install/msgs_srvs/local/lib/python3.10/dist-packages/msgs_srvs/msg/_motors_state.py'...
[34.598s] Compiling '/ros2_ws/src/install/msgs_srvs/local/lib/python3.10/dist-packages/msgs_srvs/msg/_pwm_servo_state.py'...
[34.598s] Compiling '/ros2_ws/src/install/msgs_srvs/local/lib/python3.10/dist-packages/msgs_srvs/msg/_pwm_servo_state_duration.py'...
[34.598s] Compiling '/ros2_ws/src/install/msgs_srvs/local/lib/python3.10/dist-packages/msgs_srvs/msg/_sbus.py'...
[34.598s] Listing '/ros2_ws/src/install/msgs_srvs/local/lib/python3.10/dist-packages/msgs_srvs/srv'...
[34.598s] Compiling '/ros2_ws/src/install/msgs_srvs/local/lib/python3.10/dist-packages/msgs_srvs/srv/__init__.py'...
[34.598s] Compiling '/ros2_ws/src/install/msgs_srvs/local/lib/python3.10/dist-packages/msgs_srvs/srv/_pwm_servo_state.py'...
[34.608s] -- Installing: /ros2_ws/src/install/msgs_srvs/lib/libmsgs_srvs__rosidl_generator_py.so
[34.609s] -- Set runtime path of "/ros2_ws/src/install/msgs_srvs/lib/libmsgs_srvs__rosidl_generator_py.so" to ""
[34.609s] -- Installing: /ros2_ws/src/install/msgs_srvs/share/msgs_srvs/cmake/export_msgs_srvs__rosidl_generator_cExport.cmake
[34.609s] -- Installing: /ros2_ws/src/install/msgs_srvs/share/msgs_srvs/cmake/export_msgs_srvs__rosidl_generator_cExport-noconfig.cmake
[34.609s] -- Installing: /ros2_ws/src/install/msgs_srvs/share/msgs_srvs/cmake/export_msgs_srvs__rosidl_typesupport_fastrtps_cExport.cmake
[34.609s] -- Installing: /ros2_ws/src/install/msgs_srvs/share/msgs_srvs/cmake/export_msgs_srvs__rosidl_typesupport_fastrtps_cExport-noconfig.cmake
[34.610s] -- Installing: /ros2_ws/src/install/msgs_srvs/share/msgs_srvs/cmake/export_msgs_srvs__rosidl_generator_cppExport.cmake
[34.610s] -- Installing: /ros2_ws/src/install/msgs_srvs/share/msgs_srvs/cmake/export_msgs_srvs__rosidl_typesupport_fastrtps_cppExport.cmake
[34.610s] -- Installing: /ros2_ws/src/install/msgs_srvs/share/msgs_srvs/cmake/export_msgs_srvs__rosidl_typesupport_fastrtps_cppExport-noconfig.cmake
[34.610s] -- Installing: /ros2_ws/src/install/msgs_srvs/share/msgs_srvs/cmake/msgs_srvs__rosidl_typesupport_introspection_cExport.cmake
[34.610s] -- Installing: /ros2_ws/src/install/msgs_srvs/share/msgs_srvs/cmake/msgs_srvs__rosidl_typesupport_introspection_cExport-noconfig.cmake
[34.611s] -- Installing: /ros2_ws/src/install/msgs_srvs/share/msgs_srvs/cmake/msgs_srvs__rosidl_typesupport_cExport.cmake
[34.611s] -- Installing: /ros2_ws/src/install/msgs_srvs/share/msgs_srvs/cmake/msgs_srvs__rosidl_typesupport_cExport-noconfig.cmake
[34.611s] -- Installing: /ros2_ws/src/install/msgs_srvs/share/msgs_srvs/cmake/msgs_srvs__rosidl_typesupport_introspection_cppExport.cmake
[34.611s] -- Installing: /ros2_ws/src/install/msgs_srvs/share/msgs_srvs/cmake/msgs_srvs__rosidl_typesupport_introspection_cppExport-noconfig.cmake
[34.611s] -- Installing: /ros2_ws/src/install/msgs_srvs/share/msgs_srvs/cmake/msgs_srvs__rosidl_typesupport_cppExport.cmake
[34.611s] -- Installing: /ros2_ws/src/install/msgs_srvs/share/msgs_srvs/cmake/msgs_srvs__rosidl_typesupport_cppExport-noconfig.cmake
[34.612s] -- Installing: /ros2_ws/src/install/msgs_srvs/share/msgs_srvs/cmake/export_msgs_srvs__rosidl_generator_pyExport.cmake
[34.612s] -- Installing: /ros2_ws/src/install/msgs_srvs/share/msgs_srvs/cmake/export_msgs_srvs__rosidl_generator_pyExport-noconfig.cmake
[34.616s] Invoked command in '/ros2_ws/src/build/msgs_srvs' returned '0': CMAKE_PREFIX_PATH=/opt/ros/humble /usr/bin/cmake --install /ros2_ws/src/build/msgs_srvs
