[0.475s] Invoking command in '/ros2_ws/build/oradar_lidar': CMAKE_PREFIX_PATH=/opt/ros/humble /usr/bin/cmake --build /ros2_ws/build/oradar_lidar -- -j4 -l4
[0.947s] [ 60%] Built target oradar_sdk
[1.090s] [ 70%] Built target blocking_test
[1.129s] [ 80%] Built target non-blocking_test
[1.135s] [ 90%] Built target blocking_c_api_test
[1.177s] [100%] Built target oradar_scan
[1.240s] Invoked command in '/ros2_ws/build/oradar_lidar' returned '0': CMAKE_PREFIX_PATH=/opt/ros/humble /usr/bin/cmake --build /ros2_ws/build/oradar_lidar -- -j4 -l4
[1.283s] Invoking command in '/ros2_ws/build/oradar_lidar': CMAKE_PREFIX_PATH=/opt/ros/humble /usr/bin/cmake --install /ros2_ws/build/oradar_lidar
[1.304s] -- Install configuration: "RELEASE"
[1.309s] -- Execute custom install script
[1.312s] -- Up-to-date symlink: /ros2_ws/install/oradar_lidar/bin/blocking_test
[1.316s] -- Up-to-date symlink: /ros2_ws/install/oradar_lidar/bin/non-blocking_test
[1.318s] -- Up-to-date symlink: /ros2_ws/install/oradar_lidar/bin/blocking_c_api_test
[1.320s] -- Up-to-date symlink: /ros2_ws/install/oradar_lidar/include/core/base/datatype.h
[1.321s] -- Up-to-date symlink: /ros2_ws/install/oradar_lidar/include/core/base/locker.h
[1.322s] -- Up-to-date symlink: /ros2_ws/install/oradar_lidar/include/core/base/thread.h
[1.323s] -- Up-to-date symlink: /ros2_ws/install/oradar_lidar/include/core/base/timer.h
[1.325s] -- Up-to-date symlink: /ros2_ws/install/oradar_lidar/include/core/base/typedef.h
[1.325s] -- Up-to-date symlink: /ros2_ws/install/oradar_lidar/include/core/base/utils.h
[1.325s] -- Up-to-date symlink: /ros2_ws/install/oradar_lidar/include/core/base/v8stdint.h
[1.327s] -- Up-to-date symlink: /ros2_ws/install/oradar_lidar/include/core/common/ChannelDevice.h
[1.329s] -- Up-to-date symlink: /ros2_ws/install/oradar_lidar/include/core/math/angles.h
[1.329s] -- Up-to-date symlink: /ros2_ws/install/oradar_lidar/include/core/network/ActiveSocket.h
[1.334s] -- Up-to-date symlink: /ros2_ws/install/oradar_lidar/include/core/network/PassiveSocket.h
[1.334s] -- Up-to-date symlink: /ros2_ws/install/oradar_lidar/include/core/network/SimpleSocket.h
[1.334s] -- Up-to-date symlink: /ros2_ws/install/oradar_lidar/include/core/network/StatTimer.h
[1.335s] -- Up-to-date symlink: /ros2_ws/install/oradar_lidar/include/core/serial/common.h
[1.335s] -- Up-to-date symlink: /ros2_ws/install/oradar_lidar/include/core/serial/serial.h
[1.337s] -- Up-to-date symlink: /ros2_ws/install/oradar_lidar/include/core/serial/impl/unix/lock.h
[1.339s] -- Up-to-date symlink: /ros2_ws/install/oradar_lidar/include/core/serial/impl/unix/unix.h
[1.340s] -- Up-to-date symlink: /ros2_ws/install/oradar_lidar/include/core/serial/impl/unix/unix_serial.h
[1.341s] -- Up-to-date symlink: /ros2_ws/install/oradar_lidar/include/src/ord_lidar_c_api_driver.h
[1.343s] -- Up-to-date symlink: /ros2_ws/install/oradar_lidar/include/src/ord_lidar_driver.h
[1.344s] -- Up-to-date symlink: /ros2_ws/install/oradar_lidar/include/src/ordlidar_protocol.h
[1.345s] -- Up-to-date symlink: /ros2_ws/install/oradar_lidar/include/src/filters/FullScanFilter.h
[1.349s] -- Up-to-date symlink: /ros2_ws/install/oradar_lidar/lib/liboradar_sdk.a
[1.352s] -- Up-to-date symlink: /ros2_ws/install/oradar_lidar/lib/oradar_lidar/oradar_scan
[1.362s] -- Up-to-date symlink: /ros2_ws/install/oradar_lidar/share/oradar_lidar//launch/ms200_scan.launch
[1.363s] -- Up-to-date symlink: /ros2_ws/install/oradar_lidar/share/oradar_lidar//launch/ms200_scan.launch.py
[1.364s] -- Up-to-date symlink: /ros2_ws/install/oradar_lidar/share/oradar_lidar//launch/ms200_scan_view.launch
[1.364s] -- Up-to-date symlink: /ros2_ws/install/oradar_lidar/share/oradar_lidar//launch/ms200_scan_view.launch.py
[1.368s] -- Up-to-date symlink: /ros2_ws/install/oradar_lidar/share/oradar_lidar//rviz2/oradar_scan.rviz
[1.371s] -- Up-to-date symlink: /ros2_ws/install/oradar_lidar/share/ament_index/resource_index/package_run_dependencies/oradar_lidar
[1.372s] -- Up-to-date symlink: /ros2_ws/install/oradar_lidar/share/ament_index/resource_index/parent_prefix_path/oradar_lidar
[1.375s] -- Up-to-date symlink: /ros2_ws/install/oradar_lidar/share/oradar_lidar/environment/ament_prefix_path.sh
[1.375s] -- Up-to-date symlink: /ros2_ws/install/oradar_lidar/share/oradar_lidar/environment/ament_prefix_path.dsv
[1.375s] -- Up-to-date symlink: /ros2_ws/install/oradar_lidar/share/oradar_lidar/environment/path.sh
[1.379s] -- Up-to-date symlink: /ros2_ws/install/oradar_lidar/share/oradar_lidar/environment/path.dsv
[1.380s] -- Up-to-date symlink: /ros2_ws/install/oradar_lidar/share/oradar_lidar/local_setup.bash
[1.380s] -- Up-to-date symlink: /ros2_ws/install/oradar_lidar/share/oradar_lidar/local_setup.sh
[1.381s] -- Up-to-date symlink: /ros2_ws/install/oradar_lidar/share/oradar_lidar/local_setup.zsh
[1.382s] -- Up-to-date symlink: /ros2_ws/install/oradar_lidar/share/oradar_lidar/local_setup.dsv
[1.382s] -- Symlinking: /ros2_ws/install/oradar_lidar/share/oradar_lidar/package.dsv
[1.420s] -- Up-to-date symlink: /ros2_ws/install/oradar_lidar/share/ament_index/resource_index/packages/oradar_lidar
[1.422s] -- Up-to-date symlink: /ros2_ws/install/oradar_lidar/share/oradar_lidar/cmake/oradar_lidarConfig.cmake
[1.424s] -- Up-to-date symlink: /ros2_ws/install/oradar_lidar/share/oradar_lidar/cmake/oradar_lidarConfig-version.cmake
[1.424s] -- Up-to-date symlink: /ros2_ws/install/oradar_lidar/share/oradar_lidar/package.xml
[1.443s] Invoked command in '/ros2_ws/build/oradar_lidar' returned '0': CMAKE_PREFIX_PATH=/opt/ros/humble /usr/bin/cmake --install /ros2_ws/build/oradar_lidar
